Archive member included to satisfy reference by file (symbol)

C:/ST/STM32CubeIDE_1.13.0/STM32CubeIDE/plugins/com.st.stm32cube.ide.mcu.externaltools.gnu-tools-for-stm32.11.3.rel1.win32_1.1.100.202309141235/tools/bin/../lib/gcc/arm-none-eabi/11.3.1/../../../../arm-none-eabi/lib/thumb/v7-m/nofp\libc_nano.a(libc_a-exit.o)
                              C:/ST/STM32CubeIDE_1.13.0/STM32CubeIDE/plugins/com.st.stm32cube.ide.mcu.externaltools.gnu-tools-for-stm32.11.3.rel1.win32_1.1.100.202309141235/tools/bin/../lib/gcc/arm-none-eabi/11.3.1/../../../../arm-none-eabi/lib/thumb/v7-m/nofp/crt0.o (exit)
C:/ST/STM32CubeIDE_1.13.0/STM32CubeIDE/plugins/com.st.stm32cube.ide.mcu.externaltools.gnu-tools-for-stm32.11.3.rel1.win32_1.1.100.202309141235/tools/bin/../lib/gcc/arm-none-eabi/11.3.1/../../../../arm-none-eabi/lib/thumb/v7-m/nofp\libc_nano.a(libc_a-findfp.o)
                              C:/ST/STM32CubeIDE_1.13.0/STM32CubeIDE/plugins/com.st.stm32cube.ide.mcu.externaltools.gnu-tools-for-stm32.11.3.rel1.win32_1.1.100.202309141235/tools/bin/../lib/gcc/arm-none-eabi/11.3.1/../../../../arm-none-eabi/lib/thumb/v7-m/nofp\libc_nano.a(libc_a-exit.o) (__stdio_exit_handler)
C:/ST/STM32CubeIDE_1.13.0/STM32CubeIDE/plugins/com.st.stm32cube.ide.mcu.externaltools.gnu-tools-for-stm32.11.3.rel1.win32_1.1.100.202309141235/tools/bin/../lib/gcc/arm-none-eabi/11.3.1/../../../../arm-none-eabi/lib/thumb/v7-m/nofp\libc_nano.a(libc_a-fwalk.o)
                              C:/ST/STM32CubeIDE_1.13.0/STM32CubeIDE/plugins/com.st.stm32cube.ide.mcu.externaltools.gnu-tools-for-stm32.11.3.rel1.win32_1.1.100.202309141235/tools/bin/../lib/gcc/arm-none-eabi/11.3.1/../../../../arm-none-eabi/lib/thumb/v7-m/nofp\libc_nano.a(libc_a-findfp.o) (_fwalk_sglue)
C:/ST/STM32CubeIDE_1.13.0/STM32CubeIDE/plugins/com.st.stm32cube.ide.mcu.externaltools.gnu-tools-for-stm32.11.3.rel1.win32_1.1.100.202309141235/tools/bin/../lib/gcc/arm-none-eabi/11.3.1/../../../../arm-none-eabi/lib/thumb/v7-m/nofp\libc_nano.a(libc_a-sprintf.o)
                              ./Src/HAL/MPU6050/MPU6050.o (sprintf)
C:/ST/STM32CubeIDE_1.13.0/STM32CubeIDE/plugins/com.st.stm32cube.ide.mcu.externaltools.gnu-tools-for-stm32.11.3.rel1.win32_1.1.100.202309141235/tools/bin/../lib/gcc/arm-none-eabi/11.3.1/../../../../arm-none-eabi/lib/thumb/v7-m/nofp\libc_nano.a(libc_a-stdio.o)
                              C:/ST/STM32CubeIDE_1.13.0/STM32CubeIDE/plugins/com.st.stm32cube.ide.mcu.externaltools.gnu-tools-for-stm32.11.3.rel1.win32_1.1.100.202309141235/tools/bin/../lib/gcc/arm-none-eabi/11.3.1/../../../../arm-none-eabi/lib/thumb/v7-m/nofp\libc_nano.a(libc_a-findfp.o) (__sread)
C:/ST/STM32CubeIDE_1.13.0/STM32CubeIDE/plugins/com.st.stm32cube.ide.mcu.externaltools.gnu-tools-for-stm32.11.3.rel1.win32_1.1.100.202309141235/tools/bin/../lib/gcc/arm-none-eabi/11.3.1/../../../../arm-none-eabi/lib/thumb/v7-m/nofp\libc_nano.a(libc_a-memset.o)
                              C:/ST/STM32CubeIDE_1.13.0/STM32CubeIDE/plugins/com.st.stm32cube.ide.mcu.externaltools.gnu-tools-for-stm32.11.3.rel1.win32_1.1.100.202309141235/tools/bin/../lib/gcc/arm-none-eabi/11.3.1/../../../../arm-none-eabi/lib/thumb/v7-m/nofp/crt0.o (memset)
C:/ST/STM32CubeIDE_1.13.0/STM32CubeIDE/plugins/com.st.stm32cube.ide.mcu.externaltools.gnu-tools-for-stm32.11.3.rel1.win32_1.1.100.202309141235/tools/bin/../lib/gcc/arm-none-eabi/11.3.1/../../../../arm-none-eabi/lib/thumb/v7-m/nofp\libc_nano.a(libc_a-closer.o)
                              C:/ST/STM32CubeIDE_1.13.0/STM32CubeIDE/plugins/com.st.stm32cube.ide.mcu.externaltools.gnu-tools-for-stm32.11.3.rel1.win32_1.1.100.202309141235/tools/bin/../lib/gcc/arm-none-eabi/11.3.1/../../../../arm-none-eabi/lib/thumb/v7-m/nofp\libc_nano.a(libc_a-stdio.o) (_close_r)
C:/ST/STM32CubeIDE_1.13.0/STM32CubeIDE/plugins/com.st.stm32cube.ide.mcu.externaltools.gnu-tools-for-stm32.11.3.rel1.win32_1.1.100.202309141235/tools/bin/../lib/gcc/arm-none-eabi/11.3.1/../../../../arm-none-eabi/lib/thumb/v7-m/nofp\libc_nano.a(libc_a-reent.o)
                              C:/ST/STM32CubeIDE_1.13.0/STM32CubeIDE/plugins/com.st.stm32cube.ide.mcu.externaltools.gnu-tools-for-stm32.11.3.rel1.win32_1.1.100.202309141235/tools/bin/../lib/gcc/arm-none-eabi/11.3.1/../../../../arm-none-eabi/lib/thumb/v7-m/nofp\libc_nano.a(libc_a-closer.o) (errno)
C:/ST/STM32CubeIDE_1.13.0/STM32CubeIDE/plugins/com.st.stm32cube.ide.mcu.externaltools.gnu-tools-for-stm32.11.3.rel1.win32_1.1.100.202309141235/tools/bin/../lib/gcc/arm-none-eabi/11.3.1/../../../../arm-none-eabi/lib/thumb/v7-m/nofp\libc_nano.a(libc_a-impure.o)
                              C:/ST/STM32CubeIDE_1.13.0/STM32CubeIDE/plugins/com.st.stm32cube.ide.mcu.externaltools.gnu-tools-for-stm32.11.3.rel1.win32_1.1.100.202309141235/tools/bin/../lib/gcc/arm-none-eabi/11.3.1/../../../../arm-none-eabi/lib/thumb/v7-m/nofp\libc_nano.a(libc_a-sprintf.o) (_impure_ptr)
[...]
Memory Configuration

Name             Origin             Length             Attributes
RAM              0x0000000020000000 0x0000000000005000 xrw
FLASH            0x0000000008000000 0x0000000000010000 xr
*default*        0x0000000000000000 0xffffffffffffffff

Linker script and memory map

LOAD C:/ST/STM32CubeIDE_1.13.0/STM32CubeIDE/plugins/com.st.stm32cube.ide.mcu.externaltools.gnu-tools-for-stm32.11.3.rel1.win32_1.1.100.202309141235/tools/bin/../lib/gcc/arm-none-eabi/11.3.1/thumb/v7-m/nofp/crti.o
LOAD C:/ST/STM32CubeIDE_1.13.0/STM32CubeIDE/plugins/com.st.stm32cube.ide.mcu.externaltools.gnu-tools-for-stm32.11.3.rel1.win32_1.1.100.202309141235/tools/bin/../lib/gcc/arm-none-eabi/11.3.1/thumb/v7-m/nofp/crtbegin.o
LOAD C:/ST/STM32CubeIDE_1.13.0/STM32CubeIDE/plugins/com.st.stm32cube.ide.mcu.externaltools.gnu-tools-for-stm32.11.3.rel1.win32_1.1.100.202309141235/tools/bin/../lib/gcc/arm-none-eabi/11.3.1/../../../../arm-none-eabi/lib/thumb/v7-m/nofp/crt0.o
LOAD ./Src/HAL/DC_Motor/DC_Motor.o
LOAD ./Src/HAL/LCD/LCD_Config.o
LOAD ./Src/HAL/LCD/LCD_Program.o
LOAD ./Src/HAL/LED/LED.o
LOAD ./Src/HAL/MPU6050/MPU6050.o
LOAD ./Src/HAL/Stepper/Stepper.o
LOAD ./Src/HAL/UltraSonic_HC_SR04/UltraSonic_Config.o
LOAD ./Src/HAL/UltraSonic_HC_SR04/UltraSonic_Program.o
LOAD ./Src/Stm32_F103C6_Drivers/EXTI/Stm32_F103C6_EXTI_driver.o
LOAD ./Src/Stm32_F103C6_Drivers/GPIO/Stm32_F103C6_gpio_driver.o
LOAD ./Src/Stm32_F103C6_Drivers/I2C/Stm32_F103C6_I2C_driver.o
LOAD ./Src/Stm32_F103C6_Drivers/RCC/Stm32_F103C6_RCC_driver.o
LOAD ./Src/Stm32_F103C6_Drivers/TIMER/Stm32_F103C6_TIMER_driver.o
LOAD ./Src/Stm32_F103C6_Drivers/USART/Stm32_F103C6_USART_driver.o
LOAD ./Src/main.o
LOAD ./Src/syscalls.o
LOAD ./Src/sysmem.o
LOAD ./Startup/startup_stm32f103c8tx.o
START GROUP
LOAD C:/ST/STM32CubeIDE_1.13.0/STM32CubeIDE/plugins/com.st.stm32cube.ide.mcu.externaltools.gnu-tools-for-stm32.11.3.rel1.win32_1.1.100.202309141235/tools/bin/../lib/gcc/arm-none-eabi/11.3.1/../../../../arm-none-eabi/lib/thumb/v7-m/nofp\libc_nano.a
LOAD C:/ST/STM32CubeIDE_1.13.0/STM32CubeIDE/plugins/com.st.stm32cube.ide.mcu.externaltools.gnu-tools-for-stm32.11.3.rel1.win32_1.1.100.202309141235/tools/bin/../lib/gcc/arm-none-eabi/11.3.1/../../../../arm-none-eabi/lib/thumb/v7-m/nofp\libm.a
END GROUP
START GROUP
LOAD C:/ST/STM32CubeIDE_1.13.0/STM32CubeIDE/plugins/com.st.stm32cube.ide.mcu.externaltools.gnu-tools-for-stm32.11.3.rel1.win32_1.1.100.202309141235/tools/bin/../lib/gcc/arm-none-eabi/11.3.1/thumb/v7-m/nofp\libgcc.a
LOAD C:/ST/STM32CubeIDE_1.13.0/STM32CubeIDE/plugins/com.st.stm32cube.ide.mcu.externaltools.gnu-tools-for-stm32.11.3.rel1.win32_1.1.100.202309141235/tools/bin/../lib/gcc/arm-none-eabi/11.3.1/../../../../arm-none-eabi/lib/thumb/v7-m/nofp\libg_nano.a
LOAD C:/ST/STM32CubeIDE_1.13.0/STM32CubeIDE/plugins/com.st.stm32cube.ide.mcu.externaltools.gnu-tools-for-stm32.11.3.rel1.win32_1.1.100.202309141235/tools/bin/../lib/gcc/arm-none-eabi/11.3.1/../../../../arm-none-eabi/lib/thumb/v7-m/nofp\libc_nano.a
END GROUP
START GROUP
LOAD C:/ST/STM32CubeIDE_1.13.0/STM32CubeIDE/plugins/com.st.stm32cube.ide.mcu.externaltools.gnu-tools-for-stm32.11.3.rel1.win32_1.1.100.202309141235/tools/bin/../lib/gcc/arm-none-eabi/11.3.1/thumb/v7-m/nofp\libgcc.a
LOAD C:/ST/STM32CubeIDE_1.13.0/STM32CubeIDE/plugins/com.st.stm32cube.ide.mcu.externaltools.gnu-tools-for-stm32.11.3.rel1.win32_1.1.100.202309141235/tools/bin/../lib/gcc/arm-none-eabi/11.3.1/../../../../arm-none-eabi/lib/thumb/v7-m/nofp\libc_nano.a
LOAD C:/ST/STM32CubeIDE_1.13.0/STM32CubeIDE/plugins/com.st.stm32cube.ide.mcu.externaltools.gnu-tools-for-stm32.11.3.rel1.win32_1.1.100.202309141235/tools/bin/../lib/gcc/arm-none-eabi/11.3.1/../../../../arm-none-eabi/lib/thumb/v7-m/nofp\libnosys.a
END GROUP
START GROUP
LOAD C:/ST/STM32CubeIDE_1.13.0/STM32CubeIDE/plugins/com.st.stm32cube.ide.mcu.externaltools.gnu-tools-for-stm32.11.3.rel1.win32_1.1.100.202309141235/tools/bin/../lib/gcc/arm-none-eabi/11.3.1/thumb/v7-m/nofp\libgcc.a
LOAD C:/ST/STM32CubeIDE_1.13.0/STM32CubeIDE/plugins/com.st.stm32cube.ide.mcu.externaltools.gnu-tools-for-stm32.11.3.rel1.win32_1.1.100.202309141235/tools/bin/../lib/gcc/arm-none-eabi/11.3.1/../../../../arm-none-eabi/lib/thumb/v7-m/nofp\libc_nano.a
LOAD C:/ST/STM32CubeIDE_1.13.0/STM32CubeIDE/plugins/com.st.stm32cube.ide.mcu.externaltools.gnu-tools-for-stm32.11.3.rel1.win32_1.1.100.202309141235/tools/bin/../lib/gcc/arm-none-eabi/11.3.1/../../../../arm-none-eabi/lib/thumb/v7-m/nofp\libnosys.a
END GROUP
LOAD C:/ST/STM32CubeIDE_1.13.0/STM32CubeIDE/plugins/com.st.stm32cube.ide.mcu.externaltools.gnu-tools-for-stm32.11.3.rel1.win32_1.1.100.202309141235/tools/bin/../lib/gcc/arm-none-eabi/11.3.1/thumb/v7-m/nofp/crtend.o
LOAD C:/ST/STM32CubeIDE_1.13.0/STM32CubeIDE/plugins/com.st.stm32cube.ide.mcu.externaltools.gnu-tools-for-stm32.11.3.rel1.win32_1.1.100.202309141235/tools/bin/../lib/gcc/arm-none-eabi/11.3.1/thumb/v7-m/nofp/crtn.o
                0x0000000020005000                _estack = (ORIGIN (RAM) + LENGTH (RAM))
                0x0000000000000200                _Min_Heap_Size = 0x200
                0x0000000000000400                _Min_Stack_Size = 0x400

.isr_vector     0x0000000008000000      0x130
                0x0000000008000000                . = ALIGN (0x4)
 *(.isr_vector)
 .isr_vector    0x0000000008000000      0x130 ./Startup/startup_stm32f103c8tx.o
                0x0000000008000000                g_pfnVectors
                0x0000000008000130                . = ALIGN (0x4)

.text           0x0000000008000130     0x5c04
                0x0000000008000130                . = ALIGN (0x4)
 *(.text)
 .text          0x0000000008000130       0x40 C:/ST/STM32CubeIDE_1.13.0/STM32CubeIDE/plugins/com.st.stm32cube.ide.mcu.externaltools.gnu-tools-for-stm32.11.3.rel1.win32_1.1.100.202309141235/tools/bin/../lib/gcc/arm-none-eabi/11.3.1/thumb/v7-m/nofp/crtbegin.o
 .text          0x0000000008000170      0x378 C:/ST/STM32CubeIDE_1.13.0/STM32CubeIDE/plugins/com.st.stm32cube.ide.mcu.externaltools.gnu-tools-for-stm32.11.3.rel1.win32_1.1.100.202309141235/tools/bin/../lib/gcc/arm-none-eabi/11.3.1/thumb/v7-m/nofp\libgcc.a(_arm_addsubdf3.o)
                0x0000000008000170                __aeabi_drsub
                0x0000000008000178                __aeabi_dsub
                0x0000000008000178                __subdf3
                0x000000000800017c                __aeabi_dadd
                0x000000000800017c                __adddf3
                0x00000000080003f4                __floatunsidf
                0x00000000080003f4                __aeabi_ui2d
                0x0000000008000414                __floatsidf
                0x0000000008000414                __aeabi_i2d
                0x0000000008000438                __aeabi_f2d
                0x0000000008000438                __extendsfdf2
                0x000000000800047c                __floatundidf
                0x000000000800047c                __aeabi_ul2d
                0x000000000800048c                __floatdidf
                0x000000000800048c                __aeabi_l2d
 .text          0x00000000080004e8      0x424 C:/ST/STM32CubeIDE_1.13.0/STM32CubeIDE/plugins/com.st.stm32cube.ide.mcu.externaltools.gnu-tools-for-stm32.11.3.rel1.win32_1.1.100.202309141235/tools/bin/../lib/gcc/arm-none-eabi/11.3.1/thumb/v7-m/nofp\libgcc.a(_arm_muldivdf3.o)
                0x00000000080004e8                __aeabi_dmul
                0x00000000080004e8                __muldf3
                0x000000000800073c                __divdf3
                0x000000000800073c                __aeabi_ddiv
 .text          0x000000000800090c      0x110 C:/ST/STM32CubeIDE_1.13.0/STM32CubeIDE/plugins/com.st.stm32cube.ide.mcu.externaltools.gnu-tools-for-stm32.11.3.rel1.win32_1.1.100.202309141235/tools/bin/../lib/gcc/arm-none-eabi/11.3.1/thumb/v7-m/nofp\libgcc.a(_arm_cmpdf2.o)
                0x000000000800090c                __gtdf2
                0x000000000800090c                __gedf2
                0x0000000008000914                __ltdf2
                0x0000000008000914                __ledf2
                0x000000000800091c                __nedf2
                0x000000000800091c                __eqdf2
                0x000000000800091c                __cmpdf2
                0x0000000008000998                __aeabi_cdrcmple
                0x00000000080009a8                __aeabi_cdcmpeq
                0x00000000080009a8                __aeabi_cdcmple
                0x00000000080009b8                __aeabi_dcmpeq
                0x00000000080009cc                __aeabi_dcmplt
                0x00000000080009e0                __aeabi_dcmple
                0x00000000080009f4                __aeabi_dcmpge
                0x0000000008000a08                __aeabi_dcmpgt
 .text          0x0000000008000a1c       0x2c C:/ST/STM32CubeIDE_1.13.0/STM32CubeIDE/plugins/com.st.stm32cube.ide.mcu.externaltools.gnu-tools-for-stm32.11.3.rel1.win32_1.1.100.202309141235/tools/bin/../lib/gcc/arm-none-eabi/11.3.1/thumb/v7-m/nofp\libgcc.a(_arm_unorddf2.o)
                0x0000000008000a1c                __unorddf2
                0x0000000008000a1c                __aeabi_dcmpun
 .text          0x0000000008000a48       0x50 C:/ST/STM32CubeIDE_1.13.0/STM32CubeIDE/plugins/com.st.stm32cube.ide.mcu.externaltools.gnu-tools-for-stm32.11.3.rel1.win32_1.1.100.202309141235/tools/bin/../lib/gcc/arm-none-eabi/11.3.1/thumb/v7-m/nofp\libgcc.a(_arm_fixdfsi.o)
                0x0000000008000a48                __aeabi_d2iz
                0x0000000008000a48                __fixdfsi
 .text          0x0000000008000a98       0xa0 C:/ST/STM32CubeIDE_1.13.0/STM32CubeIDE/plugins/com.st.stm32cube.ide.mcu.externaltools.gnu-tools-for-stm32.11.3.rel1.win32_1.1.100.202309141235/tools/bin/../lib/gcc/arm-none-eabi/11.3.1/thumb/v7-m/nofp\libgcc.a(_arm_truncdfsf2.o)
                0x0000000008000a98                __truncdfsf2
                0x0000000008000a98                __aeabi_d2f
 .text          0x0000000008000b38      0x21c C:/ST/STM32CubeIDE_1.13.0/STM32CubeIDE/plugins/com.st.stm32cube.ide.mcu.externaltools.gnu-tools-for-stm32.11.3.rel1.win32_1.1.100.202309141235/tools/bin/../lib/gcc/arm-none-eabi/11.3.1/thumb/v7-m/nofp\libgcc.a(_arm_addsubsf3.o)
                0x0000000008000b38                __aeabi_frsub
                0x0000000008000b40                __subsf3
                0x0000000008000b40                __aeabi_fsub
                0x0000000008000b44                __aeabi_fadd
                0x0000000008000b44                __addsf3
                0x0000000008000ca4                __aeabi_ui2f
                0x0000000008000ca4                __floatunsisf
                0x0000000008000cac                __aeabi_i2f
                0x0000000008000cac                __floatsisf
                0x0000000008000cc8                __aeabi_ul2f
                0x0000000008000cc8                __floatundisf
                0x0000000008000cd8                __aeabi_l2f
                0x0000000008000cd8                __floatdisf
 .text          0x0000000008000d54      0x2a0 C:/ST/STM32CubeIDE_1.13.0/STM32CubeIDE/plugins/com.st.stm32cube.ide.mcu.externaltools.gnu-tools-for-stm32.11.3.rel1.win32_1.1.100.202309141235/tools/bin/../lib/gcc/arm-none-eabi/11.3.1/thumb/v7-m/nofp\libgcc.a(_arm_muldivsf3.o)
                0x0000000008000d54                __mulsf3
                0x0000000008000d54                __aeabi_fmul
                0x0000000008000ebc                __aeabi_fdiv
                0x0000000008000ebc                __divsf3
 .text          0x0000000008000ff4       0x4c C:/ST/STM32CubeIDE_1.13.0/STM32CubeIDE/plugins/com.st.stm32cube.ide.mcu.externaltools.gnu-tools-for-stm32.11.3.rel1.win32_1.1.100.202309141235/tools/bin/../lib/gcc/arm-none-eabi/11.3.1/thumb/v7-m/nofp\libgcc.a(_arm_fixsfsi.o)
                0x0000000008000ff4                __aeabi_f2iz
                0x0000000008000ff4                __fixsfsi
 *(.text*)
 .text.Motor_intialize
                0x0000000008001040       0x4c ./Src/HAL/DC_Motor/DC_Motor.o
                0x0000000008001040                Motor_intialize
 .text.Motor_Move_ForWard
                0x000000000800108c       0x4a ./Src/HAL/DC_Motor/DC_Motor.o
                0x000000000800108c                Motor_Move_ForWard
 *fill*         0x00000000080010d6        0x2 
 .text.MPU6050_Init
                0x00000000080010d8       0xac ./Src/HAL/MPU6050/MPU6050.o
                0x00000000080010d8                MPU6050_Init
 .text.MPU6050_Write
                0x0000000008001184       0x74 ./Src/HAL/MPU6050/MPU6050.o
                0x0000000008001184                MPU6050_Write
 .text.MPU6050_Read
                0x00000000080011f8       0x58 ./Src/HAL/MPU6050/MPU6050.o
                0x00000000080011f8                MPU6050_Read
 .text.MPU6050_CalculateError
                0x0000000008001250      0x3a0 ./Src/HAL/MPU6050/MPU6050.o
                0x0000000008001250                MPU6050_CalculateError
 .text.MPU6050_GetReadings
                0x00000000080015f0      0x5b8 ./Src/HAL/MPU6050/MPU6050.o
                0x00000000080015f0                MPU6050_GetReadings
 .text.Stepper_Init
                0x0000000008001ba8       0x48 ./Src/HAL/Stepper/Stepper.o
                0x0000000008001ba8                Stepper_Init
 .text.Stepper_Move_Steps
                0x0000000008001bf0       0x6c ./Src/HAL/Stepper/Stepper.o
                0x0000000008001bf0                Stepper_Move_Steps
 .text.EXTI0_IRQHandler
                0x0000000008001c5c       0x24 ./Src/Stm32_F103C6_Drivers/EXTI/Stm32_F103C6_EXTI_driver.o
                0x0000000008001c5c                EXTI0_IRQHandler
 .text.EXTI1_IRQHandler
                0x0000000008001c80       0x24 ./Src/Stm32_F103C6_Drivers/EXTI/Stm32_F103C6_EXTI_driver.o
                0x0000000008001c80                EXTI1_IRQHandler
 .text.EXTI2_IRQHandler
                0x0000000008001ca4       0x24 ./Src/Stm32_F103C6_Drivers/EXTI/Stm32_F103C6_EXTI_driver.o
                0x0000000008001ca4                EXTI2_IRQHandler
 .text.EXTI3_IRQHandler
                0x0000000008001cc8       0x24 ./Src/Stm32_F103C6_Drivers/EXTI/Stm32_F103C6_EXTI_driver.o
                0x0000000008001cc8                EXTI3_IRQHandler
 .text.EXTI4_IRQHandler
                0x0000000008001cec       0x24 ./Src/Stm32_F103C6_Drivers/EXTI/Stm32_F103C6_EXTI_driver.o
                0x0000000008001cec                EXTI4_IRQHandler
 .text.EXTI9_5_IRQHandler
                0x0000000008001d10       0xa8 ./Src/Stm32_F103C6_Drivers/EXTI/Stm32_F103C6_EXTI_driver.o
                0x0000000008001d10                EXTI9_5_IRQHandler
 .text.EXTI15_10_IRQHandler
                0x0000000008001db8       0xc4 ./Src/Stm32_F103C6_Drivers/EXTI/Stm32_F103C6_EXTI_driver.o
                0x0000000008001db8                EXTI15_10_IRQHandler
 .text.Get_CRLH_Position
                0x0000000008001e7c      0x170 ./Src/Stm32_F103C6_Drivers/GPIO/Stm32_F103C6_gpio_driver.o
                0x0000000008001e7c                Get_CRLH_Position
 .text.MCAL_GPIO_Init
                0x0000000008001fec       0xfe ./Src/Stm32_F103C6_Drivers/GPIO/Stm32_F103C6_gpio_driver.o
                0x0000000008001fec                MCAL_GPIO_Init
 .text.MCAL_GPIO_WritePin
                0x00000000080020ea       0x2e ./Src/Stm32_F103C6_Drivers/GPIO/Stm32_F103C6_gpio_driver.o
                0x00000000080020ea                MCAL_GPIO_WritePin
 .text.MCAL_I2C_Init
                0x0000000008002118      0x110 ./Src/Stm32_F103C6_Drivers/I2C/Stm32_F103C6_I2C_driver.o
                0x0000000008002118                MCAL_I2C_Init
 .text.MCAL_I2C_GPIO_Set_Pins
                0x0000000008002228       0x94 ./Src/Stm32_F103C6_Drivers/I2C/Stm32_F103C6_I2C_driver.o
                0x0000000008002228                MCAL_I2C_GPIO_Set_Pins
 .text.MCAL_I2C_Master_Transmit
                0x00000000080022bc       0xac ./Src/Stm32_F103C6_Drivers/I2C/Stm32_F103C6_I2C_driver.o
                0x00000000080022bc                MCAL_I2C_Master_Transmit
 .text.MCAL_I2C_Master_Receive
                0x0000000008002368       0xe8 ./Src/Stm32_F103C6_Drivers/I2C/Stm32_F103C6_I2C_driver.o
                0x0000000008002368                MCAL_I2C_Master_Receive
 .text.I2C_Generate_START
                0x0000000008002450       0x66 ./Src/Stm32_F103C6_Drivers/I2C/Stm32_F103C6_I2C_driver.o
                0x0000000008002450                I2C_Generate_START
 *fill*         0x00000000080024b6        0x2 
 .text.I2C_GetFlagStatus
                0x00000000080024b8      0x110 ./Src/Stm32_F103C6_Drivers/I2C/Stm32_F103C6_I2C_driver.o
                0x00000000080024b8                I2C_GetFlagStatus
 .text.I2C_SendAddress
                0x00000000080025c8       0x54 ./Src/Stm32_F103C6_Drivers/I2C/Stm32_F103C6_I2C_driver.o
                0x00000000080025c8                I2C_SendAddress
 .text.I2C_Generate_STOP
                0x000000000800261c       0x36 ./Src/Stm32_F103C6_Drivers/I2C/Stm32_F103C6_I2C_driver.o
                0x000000000800261c                I2C_Generate_STOP
 .text.I2C_AcknowledgeConfig
                0x0000000008002652       0x36 ./Src/Stm32_F103C6_Drivers/I2C/Stm32_F103C6_I2C_driver.o
                0x0000000008002652                I2C_AcknowledgeConfig
 .text.I2C1_EV_IRQHandler
                0x0000000008002688       0xf0 ./Src/Stm32_F103C6_Drivers/I2C/Stm32_F103C6_I2C_driver.o
                0x0000000008002688                I2C1_EV_IRQHandler
 .text.I2C1_ER_IRQHandler
                0x0000000008002778        0xc ./Src/Stm32_F103C6_Drivers/I2C/Stm32_F103C6_I2C_driver.o
                0x0000000008002778                I2C1_ER_IRQHandler
 .text.I2C2_EV_IRQHandler
                0x0000000008002784        0xc ./Src/Stm32_F103C6_Drivers/I2C/Stm32_F103C6_I2C_driver.o
                0x0000000008002784                I2C2_EV_IRQHandler
 .text.I2C2_ER_IRQHandler
                0x0000000008002790        0xc ./Src/Stm32_F103C6_Drivers/I2C/Stm32_F103C6_I2C_driver.o
                0x0000000008002790                I2C2_ER_IRQHandler
 .text.Slave_States
                0x000000000800279c       0xe0 ./Src/Stm32_F103C6_Drivers/I2C/Stm32_F103C6_I2C_driver.o
                0x000000000800279c                Slave_States
 .text.MCAL_RCC_CLK_Init
                0x000000000800287c      0x1c8 ./Src/Stm32_F103C6_Drivers/RCC/Stm32_F103C6_RCC_driver.o
                0x000000000800287c                MCAL_RCC_CLK_Init
 .text.TIMER2_Init
                0x0000000008002a44       0x5c ./Src/Stm32_F103C6_Drivers/TIMER/Stm32_F103C6_TIMER_driver.o
                0x0000000008002a44                TIMER2_Init
 .text.PWM      0x0000000008002aa0      0x768 ./Src/Stm32_F103C6_Drivers/TIMER/Stm32_F103C6_TIMER_driver.o
                0x0000000008002aa0                PWM
 .text.Get_TIMER2_Counter
                0x0000000008003208       0x12 ./Src/Stm32_F103C6_Drivers/TIMER/Stm32_F103C6_TIMER_driver.o
                0x0000000008003208                Get_TIMER2_Counter
 .text.TIMER2_Stop
                0x000000000800321a       0x1c ./Src/Stm32_F103C6_Drivers/TIMER/Stm32_F103C6_TIMER_driver.o
                0x000000000800321a                TIMER2_Stop
 .text.TIMER2_Start
                0x0000000008003236       0x1c ./Src/Stm32_F103C6_Drivers/TIMER/Stm32_F103C6_TIMER_driver.o
                0x0000000008003236                TIMER2_Start
 *fill*         0x0000000008003252        0x2 
 .text.PWM_Move_Steps
                0x0000000008003254      0x8b8 ./Src/Stm32_F103C6_Drivers/TIMER/Stm32_F103C6_TIMER_driver.o
                0x0000000008003254                PWM_Move_Steps
 .text.TIM2_IRQHandler
                0x0000000008003b0c       0x74 ./Src/Stm32_F103C6_Drivers/TIMER/Stm32_F103C6_TIMER_driver.o
                0x0000000008003b0c                TIM2_IRQHandler
 .text.TIM3_IRQHandler
                0x0000000008003b80       0x6c ./Src/Stm32_F103C6_Drivers/TIMER/Stm32_F103C6_TIMER_driver.o
                0x0000000008003b80                TIM3_IRQHandler
 .text.TIM4_IRQHandler
                0x0000000008003bec       0x6c ./Src/Stm32_F103C6_Drivers/TIMER/Stm32_F103C6_TIMER_driver.o
                0x0000000008003bec                TIM4_IRQHandler
 .text.which_UART
                0x0000000008003c58       0x44 ./Src/Stm32_F103C6_Drivers/USART/Stm32_F103C6_USART_driver.o
 .text.MCAL_UART_Init
                0x0000000008003c9c      0x1a4 ./Src/Stm32_F103C6_Drivers/USART/Stm32_F103C6_USART_driver.o
                0x0000000008003c9c                MCAL_UART_Init
 .text.MCAL_UART_SendData
                0x0000000008003e40       0x3e ./Src/Stm32_F103C6_Drivers/USART/Stm32_F103C6_USART_driver.o
                0x0000000008003e40                MCAL_UART_SendData
 .text.MCAL_UART_SendString
                0x0000000008003e7e       0x50 ./Src/Stm32_F103C6_Drivers/USART/Stm32_F103C6_USART_driver.o
                0x0000000008003e7e                MCAL_UART_SendString
 *fill*         0x0000000008003ece        0x2 
 .text.MCAL_UART_GPIO_SetPins
                0x0000000008003ed0       0xcc ./Src/Stm32_F103C6_Drivers/USART/Stm32_F103C6_USART_driver.o
                0x0000000008003ed0                MCAL_UART_GPIO_SetPins
 .text.USART1_IRQHandler
                0x0000000008003f9c       0x14 ./Src/Stm32_F103C6_Drivers/USART/Stm32_F103C6_USART_driver.o
                0x0000000008003f9c                USART1_IRQHandler
 .text.USART2_IRQHandler
                0x0000000008003fb0       0x14 ./Src/Stm32_F103C6_Drivers/USART/Stm32_F103C6_USART_driver.o
                0x0000000008003fb0                USART2_IRQHandler
 .text.USART3_IRQHandler
                0x0000000008003fc4       0x14 ./Src/Stm32_F103C6_Drivers/USART/Stm32_F103C6_USART_driver.o
                0x0000000008003fc4                USART3_IRQHandler
 .text.Clock_Init
                0x0000000008003fd8       0x70 ./Src/main.o
                0x0000000008003fd8                Clock_Init
 .text.main     0x0000000008004048      0x150 ./Src/main.o
                0x0000000008004048                main
 .text._sbrk    0x0000000008004198       0x6c ./Src/sysmem.o
                0x0000000008004198                _sbrk
 .text.Reset_Handler
                0x0000000008004204       0x50 ./Startup/startup_stm32f103c8tx.o
                0x0000000008004204                Reset_Handler
 .text.Default_Handler
                0x0000000008004254        0x2 ./Startup/startup_stm32f103c8tx.o
                0x0000000008004254                TIM8_TRG_COM_IRQHandler
                0x0000000008004254                TIM8_CC_IRQHandler
                0x0000000008004254                DebugMon_Handler
                0x0000000008004254                TIM1_CC_IRQHandler
                0x0000000008004254                HardFault_Handler
                0x0000000008004254                TIM6_IRQHandler
                0x0000000008004254                SysTick_Handler
                0x0000000008004254                PVD_IRQHandler
                0x0000000008004254                SDIO_IRQHandler
                0x0000000008004254                PendSV_Handler
                0x0000000008004254                NMI_Handler
                0x0000000008004254                USB_HP_CAN_TX_IRQHandler
                0x0000000008004254                UsageFault_Handler
                0x0000000008004254                ADC1_2_IRQHandler
                0x0000000008004254                SPI1_IRQHandler
                0x0000000008004254                CAN_SCE_IRQHandler
                0x0000000008004254                TAMPER_IRQHandler
                0x0000000008004254                TIM8_UP_IRQHandler
                0x0000000008004254                DMA2_Channel2_IRQHandler
                0x0000000008004254                DMA1_Channel4_IRQHandler
                0x0000000008004254                RTC_IRQHandler
                0x0000000008004254                DMA1_Channel7_IRQHandler
                0x0000000008004254                UART5_IRQHandler
                0x0000000008004254                ADC3_IRQHandler
                0x0000000008004254                CAN_RX1_IRQHandler
                0x0000000008004254                DMA2_Channel1_IRQHandler
                0x0000000008004254                DMA1_Channel6_IRQHandler
                0x0000000008004254                UART4_IRQHandler
                0x0000000008004254                RCC_IRQHandler
                0x0000000008004254                TIM1_TRG_COM_IRQHandler
                0x0000000008004254                DMA1_Channel1_IRQHandler
                0x0000000008004254                Default_Handler
                0x0000000008004254                TIM7_IRQHandler
                0x0000000008004254                TIM5_IRQHandler
                0x0000000008004254                SPI2_IRQHandler
                0x0000000008004254                USB_LP_CAN_RX0_IRQHandler
                0x0000000008004254                MemManage_Handler
                0x0000000008004254                SVC_Handler
                0x0000000008004254                DMA1_Channel5_IRQHandler
                0x0000000008004254                DMA1_Channel3_IRQHandler
                0x0000000008004254                FSMC_IRQHandler
                0x0000000008004254                TIM1_UP_IRQHandler
                0x0000000008004254                WWDG_IRQHandler
                0x0000000008004254                TIM1_BRK_IRQHandler
                0x0000000008004254                RTCAlarm_IRQHandler
                0x0000000008004254                DMA2_Channel4_5_IRQHandler
                0x0000000008004254                DMA1_Channel2_IRQHandler
                0x0000000008004254                TIM8_BRK_IRQHandler
                0x0000000008004254                FLASH_IRQHandler
                0x0000000008004254                BusFault_Handler
                0x0000000008004254                SPI3_IRQHandler
                0x0000000008004254                DMA2_Channel3_IRQHandler
 *fill*         0x0000000008004256        0x2 
 .text.sprintf  0x0000000008004258       0x40 C:/ST/STM32CubeIDE_1.13.0/STM32CubeIDE/plugins/com.st.stm32cube.ide.mcu.externaltools.gnu-tools-for-stm32.11.3.rel1.win32_1.1.100.202309141235/tools/bin/../lib/gcc/arm-none-eabi/11.3.1/../../../../arm-none-eabi/lib/thumb/v7-m/nofp\libc_nano.a(libc_a-sprintf.o)
                0x0000000008004258                siprintf
                0x0000000008004258                sprintf
 .text.__errno  0x0000000008004298        0xc C:/ST/STM32CubeIDE_1.13.0/STM32CubeIDE/plugins/com.st.stm32cube.ide.mcu.externaltools.gnu-tools-for-stm32.11.3.rel1.win32_1.1.100.202309141235/tools/bin/../lib/gcc/arm-none-eabi/11.3.1/../../../../arm-none-eabi/lib/thumb/v7-m/nofp\libc_nano.a(libc_a-errno.o)
                0x0000000008004298                __errno
 .text.__libc_init_array
                0x00000000080042a4       0x48 C:/ST/STM32CubeIDE_1.13.0/STM32CubeIDE/plugins/com.st.stm32cube.ide.mcu.externaltools.gnu-tools-for-stm32.11.3.rel1.win32_1.1.100.202309141235/tools/bin/../lib/gcc/arm-none-eabi/11.3.1/../../../../arm-none-eabi/lib/thumb/v7-m/nofp\libc_nano.a(libc_a-init.o)
                0x00000000080042a4                __libc_init_array
 .text.__retarget_lock_acquire_recursive
                0x00000000080042ec        0x2 C:/ST/STM32CubeIDE_1.13.0/STM32CubeIDE/plugins/com.st.stm32cube.ide.mcu.externaltools.gnu-tools-for-stm32.11.3.rel1.win32_1.1.100.202309141235/tools/bin/../lib/gcc/arm-none-eabi/11.3.1/../../../../arm-none-eabi/lib/thumb/v7-m/nofp\libc_nano.a(libc_a-lock.o)
                0x00000000080042ec                __retarget_lock_acquire_recursive
 .text.__retarget_lock_release_recursive
                0x00000000080042ee        0x2 C:/ST/STM32CubeIDE_1.13.0/STM32CubeIDE/plugins/com.st.stm32cube.ide.mcu.externaltools.gnu-tools-for-stm32.11.3.rel1.win32_1.1.100.202309141235/tools/bin/../lib/gcc/arm-none-eabi/11.3.1/../../../../arm-none-eabi/lib/thumb/v7-m/nofp\libc_nano.a(libc_a-lock.o)
                0x00000000080042ee                __retarget_lock_release_recursive
 .text._free_r  0x00000000080042f0       0x90 C:/ST/STM32CubeIDE_1.13.0/STM32CubeIDE/plugins/com.st.stm32cube.ide.mcu.externaltools.gnu-tools-for-stm32.11.3.rel1.win32_1.1.100.202309141235/tools/bin/../lib/gcc/arm-none-eabi/11.3.1/../../../../arm-none-eabi/lib/thumb/v7-m/nofp\libc_nano.a(libc_a-freer.o)
                0x00000000080042f0                _free_r
 .text.sbrk_aligned
                0x0000000008004380       0x40 C:/ST/STM32CubeIDE_1.13.0/STM32CubeIDE/plugins/com.st.stm32cube.ide.mcu.externaltools.gnu-tools-for-stm32.11.3.rel1.win32_1.1.100.202309141235/tools/bin/../lib/gcc/arm-none-eabi/11.3.1/../../../../arm-none-eabi/lib/thumb/v7-m/nofp\libc_nano.a(libc_a-mallocr.o)
 .text._malloc_r
                0x00000000080043c0      0x100 C:/ST/STM32CubeIDE_1.13.0/STM32CubeIDE/plugins/com.st.stm32cube.ide.mcu.externaltools.gnu-tools-for-stm32.11.3.rel1.win32_1.1.100.202309141235/tools/bin/../lib/gcc/arm-none-eabi/11.3.1/../../../../arm-none-eabi/lib/thumb/v7-m/nofp\libc_nano.a(libc_a-mallocr.o)
                0x00000000080043c0                _malloc_r
 .text.__malloc_lock
                0x00000000080044c0        0xc C:/ST/STM32CubeIDE_1.13.0/STM32CubeIDE/plugins/com.st.stm32cube.ide.mcu.externaltools.gnu-tools-for-stm32.11.3.rel1.win32_1.1.100.202309141235/tools/bin/../lib/gcc/arm-none-eabi/11.3.1/../../../../arm-none-eabi/lib/thumb/v7-m/nofp\libc_nano.a(libc_a-mlock.o)
                0x00000000080044c0                __malloc_lock
 .text.__malloc_unlock
                0x00000000080044cc        0xc C:/ST/STM32CubeIDE_1.13.0/STM32CubeIDE/plugins/com.st.stm32cube.ide.mcu.externaltools.gnu-tools-for-stm32.11.3.rel1.win32_1.1.100.202309141235/tools/bin/../lib/gcc/arm-none-eabi/11.3.1/../../../../arm-none-eabi/lib/thumb/v7-m/nofp\libc_nano.a(libc_a-mlock.o)
                0x00000000080044cc                __malloc_unlock
 .text.__ssputs_r
                0x00000000080044d8       0xb4 C:/ST/STM32CubeIDE_1.13.0/STM32CubeIDE/plugins/com.st.stm32cube.ide.mcu.externaltools.gnu-tools-for-stm32.11.3.rel1.win32_1.1.100.202309141235/tools/bin/../lib/gcc/arm-none-eabi/11.3.1/../../../../arm-none-eabi/lib/thumb/v7-m/nofp\libc_nano.a(libc_a-nano-svfprintf.o)
                0x00000000080044d8                __ssputs_r
 .text._svfprintf_r
                0x000000000800458c      0x1fc C:/ST/STM32CubeIDE_1.13.0/STM32CubeIDE/plugins/com.st.stm32cube.ide.mcu.externaltools.gnu-tools-for-stm32.11.3.rel1.win32_1.1.100.202309141235/tools/bin/../lib/gcc/arm-none-eabi/11.3.1/../../../../arm-none-eabi/lib/thumb/v7-m/nofp\libc_nano.a(libc_a-nano-svfprintf.o)
                0x000000000800458c                _svfiprintf_r
                0x000000000800458c                _svfprintf_r
 .text._printf_common
                0x0000000008004788       0xe4 C:/ST/STM32CubeIDE_1.13.0/STM32CubeIDE/plugins/com.st.stm32cube.ide.mcu.externaltools.gnu-tools-for-stm32.11.3.rel1.win32_1.1.100.202309141235/tools/bin/../lib/gcc/arm-none-eabi/11.3.1/../../../../arm-none-eabi/lib/thumb/v7-m/nofp\libc_nano.a(libc_a-nano-vfprintf_i.o)
                0x0000000008004788                _printf_common
 .text._printf_i
                0x000000000800486c      0x244 C:/ST/STM32CubeIDE_1.13.0/STM32CubeIDE/plugins/com.st.stm32cube.ide.mcu.externaltools.gnu-tools-for-stm32.11.3.rel1.win32_1.1.100.202309141235/tools/bin/../lib/gcc/arm-none-eabi/11.3.1/../../../../arm-none-eabi/lib/thumb/v7-m/nofp\libc_nano.a(libc_a-nano-vfprintf_i.o)
                0x000000000800486c                _printf_i
 .text.memmove  0x0000000008004ab0       0x34 C:/ST/STM32CubeIDE_1.13.0/STM32CubeIDE/plugins/com.st.stm32cube.ide.mcu.externaltools.gnu-tools-for-stm32.11.3.rel1.win32_1.1.100.202309141235/tools/bin/../lib/gcc/arm-none-eabi/11.3.1/../../../../arm-none-eabi/lib/thumb/v7-m/nofp\libc_nano.a(libc_a-memmove.o)
                0x0000000008004ab0                memmove
 .text._sbrk_r  0x0000000008004ae4       0x20 C:/ST/STM32CubeIDE_1.13.0/STM32CubeIDE/plugins/com.st.stm32cube.ide.mcu.externaltools.gnu-tools-for-stm32.11.3.rel1.win32_1.1.100.202309141235/tools/bin/../lib/gcc/arm-none-eabi/11.3.1/../../../../arm-none-eabi/lib/thumb/v7-m/nofp\libc_nano.a(libc_a-sbrkr.o)
                0x0000000008004ae4                _sbrk_r
 .text.memchr   0x0000000008004b04       0x1c C:/ST/STM32CubeIDE_1.13.0/STM32CubeIDE/plugins/com.st.stm32cube.ide.mcu.externaltools.gnu-tools-for-stm32.11.3.rel1.win32_1.1.100.202309141235/tools/bin/../lib/gcc/arm-none-eabi/11.3.1/../../../../arm-none-eabi/lib/thumb/v7-m/nofp\libc_nano.a(libc_a-memchr-stub.o)
                0x0000000008004b04                memchr
 .text.memcpy   0x0000000008004b20       0x1c C:/ST/STM32CubeIDE_1.13.0/STM32CubeIDE/plugins/com.st.stm32cube.ide.mcu.externaltools.gnu-tools-for-stm32.11.3.rel1.win32_1.1.100.202309141235/tools/bin/../lib/gcc/arm-none-eabi/11.3.1/../../../../arm-none-eabi/lib/thumb/v7-m/nofp\libc_nano.a(libc_a-memcpy-stub.o)
                0x0000000008004b20                memcpy
 .text._realloc_r
                0x0000000008004b3c       0x5e C:/ST/STM32CubeIDE_1.13.0/STM32CubeIDE/plugins/com.st.stm32cube.ide.mcu.externaltools.gnu-tools-for-stm32.11.3.rel1.win32_1.1.100.202309141235/tools/bin/../lib/gcc/arm-none-eabi/11.3.1/../../../../arm-none-eabi/lib/thumb/v7-m/nofp\libc_nano.a(libc_a-reallocr.o)
                0x0000000008004b3c                _realloc_r
 .text._malloc_usable_size_r
                0x0000000008004b9a       0x10 C:/ST/STM32CubeIDE_1.13.0/STM32CubeIDE/plugins/com.st.stm32cube.ide.mcu.externaltools.gnu-tools-for-stm32.11.3.rel1.win32_1.1.100.202309141235/tools/bin/../lib/gcc/arm-none-eabi/11.3.1/../../../../arm-none-eabi/lib/thumb/v7-m/nofp\libc_nano.a(libc_a-msizer.o)
                0x0000000008004b9a                _malloc_usable_size_r
 *fill*         0x0000000008004baa        0x2 
 .text.pow      0x0000000008004bac       0xd0 C:/ST/STM32CubeIDE_1.13.0/STM32CubeIDE/plugins/com.st.stm32cube.ide.mcu.externaltools.gnu-tools-for-stm32.11.3.rel1.win32_1.1.100.202309141235/tools/bin/../lib/gcc/arm-none-eabi/11.3.1/../../../../arm-none-eabi/lib/thumb/v7-m/nofp\libm.a(libm_a-w_pow.o)
                0x0000000008004bac                pow
 .text.sqrt     0x0000000008004c7c       0x48 C:/ST/STM32CubeIDE_1.13.0/STM32CubeIDE/plugins/com.st.stm32cube.ide.mcu.externaltools.gnu-tools-for-stm32.11.3.rel1.win32_1.1.100.202309141235/tools/bin/../lib/gcc/arm-none-eabi/11.3.1/../../../../arm-none-eabi/lib/thumb/v7-m/nofp\libm.a(libm_a-w_sqrt.o)
                0x0000000008004c7c                sqrt
 *fill*         0x0000000008004cc4        0x4 
 .text.atan     0x0000000008004cc8      0x314 C:/ST/STM32CubeIDE_1.13.0/STM32CubeIDE/plugins/com.st.stm32cube.ide.mcu.externaltools.gnu-tools-for-stm32.11.3.rel1.win32_1.1.100.202309141235/tools/bin/../lib/gcc/arm-none-eabi/11.3.1/../../../../arm-none-eabi/lib/thumb/v7-m/nofp\libm.a(libm_a-s_atan.o)
                0x0000000008004cc8                atan
 .text.fabs     0x0000000008004fdc        0x8 C:/ST/STM32CubeIDE_1.13.0/STM32CubeIDE/plugins/com.st.stm32cube.ide.mcu.externaltools.gnu-tools-for-stm32.11.3.rel1.win32_1.1.100.202309141235/tools/bin/../lib/gcc/arm-none-eabi/11.3.1/../../../../arm-none-eabi/lib/thumb/v7-m/nofp\libm.a(libm_a-s_fabs.o)
                0x0000000008004fdc                fabs
 .text.finite   0x0000000008004fe4        0xc C:/ST/STM32CubeIDE_1.13.0/STM32CubeIDE/plugins/com.st.stm32cube.ide.mcu.externaltools.gnu-tools-for-stm32.11.3.rel1.win32_1.1.100.202309141235/tools/bin/../lib/gcc/arm-none-eabi/11.3.1/../../../../arm-none-eabi/lib/thumb/v7-m/nofp\libm.a(libm_a-s_finite.o)
                0x0000000008004fe4                finite
 .text.__ieee754_sqrt
                0x0000000008004ff0      0x1b0 C:/ST/STM32CubeIDE_1.13.0/STM32CubeIDE/plugins/com.st.stm32cube.ide.mcu.externaltools.gnu-tools-for-stm32.11.3.rel1.win32_1.1.100.202309141235/tools/bin/../lib/gcc/arm-none-eabi/11.3.1/../../../../arm-none-eabi/lib/thumb/v7-m/nofp\libm.a(libm_a-e_sqrt.o)
                0x0000000008004ff0                __ieee754_sqrt
 .text.__ieee754_pow
                0x00000000080051a0      0xa2c C:/ST/STM32CubeIDE_1.13.0/STM32CubeIDE/plugins/com.st.stm32cube.ide.mcu.externaltools.gnu-tools-for-stm32.11.3.rel1.win32_1.1.100.202309141235/tools/bin/../lib/gcc/arm-none-eabi/11.3.1/../../../../arm-none-eabi/lib/thumb/v7-m/nofp\libm.a(libm_a-e_pow.o)
                0x00000000080051a0                __ieee754_pow
 *fill*         0x0000000008005bcc        0x4 
 .text.scalbn   0x0000000008005bd0       0xf4 C:/ST/STM32CubeIDE_1.13.0/STM32CubeIDE/plugins/com.st.stm32cube.ide.mcu.externaltools.gnu-tools-for-stm32.11.3.rel1.win32_1.1.100.202309141235/tools/bin/../lib/gcc/arm-none-eabi/11.3.1/../../../../arm-none-eabi/lib/thumb/v7-m/nofp\libm.a(libm_a-s_scalbn.o)
                0x0000000008005bd0                scalbn
 .text.with_errno
                0x0000000008005cc4       0x14 C:/ST/STM32CubeIDE_1.13.0/STM32CubeIDE/plugins/com.st.stm32cube.ide.mcu.externaltools.gnu-tools-for-stm32.11.3.rel1.win32_1.1.100.202309141235/tools/bin/../lib/gcc/arm-none-eabi/11.3.1/../../../../arm-none-eabi/lib/thumb/v7-m/nofp\libm.a(libm_a-math_err.o)
 .text.xflow    0x0000000008005cd8       0x30 C:/ST/STM32CubeIDE_1.13.0/STM32CubeIDE/plugins/com.st.stm32cube.ide.mcu.externaltools.gnu-tools-for-stm32.11.3.rel1.win32_1.1.100.202309141235/tools/bin/../lib/gcc/arm-none-eabi/11.3.1/../../../../arm-none-eabi/lib/thumb/v7-m/nofp\libm.a(libm_a-math_err.o)
 .text.__math_uflow
                0x0000000008005d08        0xa C:/ST/STM32CubeIDE_1.13.0/STM32CubeIDE/plugins/com.st.stm32cube.ide.mcu.externaltools.gnu-tools-for-stm32.11.3.rel1.win32_1.1.100.202309141235/tools/bin/../lib/gcc/arm-none-eabi/11.3.1/../../../../arm-none-eabi/lib/thumb/v7-m/nofp\libm.a(libm_a-math_err.o)
                0x0000000008005d08                __math_uflow
 .text.__math_oflow
                0x0000000008005d12        0xa C:/ST/STM32CubeIDE_1.13.0/STM32CubeIDE/plugins/com.st.stm32cube.ide.mcu.externaltools.gnu-tools-for-stm32.11.3.rel1.win32_1.1.100.202309141235/tools/bin/../lib/gcc/arm-none-eabi/11.3.1/../../../../arm-none-eabi/lib/thumb/v7-m/nofp\libm.a(libm_a-math_err.o)
                0x0000000008005d12                __math_oflow
 *(.glue_7)
 .glue_7        0x0000000008005d1c        0x0 linker stubs
 *(.glue_7t)
 .glue_7t       0x0000000008005d1c        0x0 linker stubs
 *(.eh_frame)
 .eh_frame      0x0000000008005d1c        0x0 C:/ST/STM32CubeIDE_1.13.0/STM32CubeIDE/plugins/com.st.stm32cube.ide.mcu.externaltools.gnu-tools-for-stm32.11.3.rel1.win32_1.1.100.202309141235/tools/bin/../lib/gcc/arm-none-eabi/11.3.1/thumb/v7-m/nofp/crtbegin.o
 *(.init)
 .init          0x0000000008005d1c        0x4 C:/ST/STM32CubeIDE_1.13.0/STM32CubeIDE/plugins/com.st.stm32cube.ide.mcu.externaltools.gnu-tools-for-stm32.11.3.rel1.win32_1.1.100.202309141235/tools/bin/../lib/gcc/arm-none-eabi/11.3.1/thumb/v7-m/nofp/crti.o
                0x0000000008005d1c                _init
 .init          0x0000000008005d20        0x8 C:/ST/STM32CubeIDE_1.13.0/STM32CubeIDE/plugins/com.st.stm32cube.ide.mcu.externaltools.gnu-tools-for-stm32.11.3.rel1.win32_1.1.100.202309141235/tools/bin/../lib/gcc/arm-none-eabi/11.3.1/thumb/v7-m/nofp/crtn.o
 *(.fini)
 .fini          0x0000000008005d28        0x4 C:/ST/STM32CubeIDE_1.13.0/STM32CubeIDE/plugins/com.st.stm32cube.ide.mcu.externaltools.gnu-tools-for-stm32.11.3.rel1.win32_1.1.100.202309141235/tools/bin/../lib/gcc/arm-none-eabi/11.3.1/thumb/v7-m/nofp/crti.o
                0x0000000008005d28                _fini
 .fini          0x0000000008005d2c        0x8 C:/ST/STM32CubeIDE_1.13.0/STM32CubeIDE/plugins/com.st.stm32cube.ide.mcu.externaltools.gnu-tools-for-stm32.11.3.rel1.win32_1.1.100.202309141235/tools/bin/../lib/gcc/arm-none-eabi/11.3.1/thumb/v7-m/nofp/crtn.o
                0x0000000008005d34                . = ALIGN (0x4)
                0x0000000008005d34                _etext = .

.vfp11_veneer   0x0000000008005d34        0x0
 .vfp11_veneer  0x0000000008005d34        0x0 linker stubs

.v4_bx          0x0000000008005d34        0x0
 .v4_bx         0x0000000008005d34        0x0 linker stubs

.iplt           0x0000000008005d34        0x0
 .iplt          0x0000000008005d34        0x0 C:/ST/STM32CubeIDE_1.13.0/STM32CubeIDE/plugins/com.st.stm32cube.ide.mcu.externaltools.gnu-tools-for-stm32.11.3.rel1.win32_1.1.100.202309141235/tools/bin/../lib/gcc/arm-none-eabi/11.3.1/thumb/v7-m/nofp/crtbegin.o

.rodata         0x0000000008005d38      0x118
                0x0000000008005d38                . = ALIGN (0x4)
 *(.rodata)
 .rodata        0x0000000008005d38        0x4 ./Src/HAL/MPU6050/MPU6050.o
 .rodata        0x0000000008005d3c       0x28 ./Src/Stm32_F103C6_Drivers/TIMER/Stm32_F103C6_TIMER_driver.o
 .rodata        0x0000000008005d64       0x48 ./Src/main.o
 *(.rodata*)
 .rodata._svfprintf_r.str1.1
                0x0000000008005dac       0x11 C:/ST/STM32CubeIDE_1.13.0/STM32CubeIDE/plugins/com.st.stm32cube.ide.mcu.externaltools.gnu-tools-for-stm32.11.3.rel1.win32_1.1.100.202309141235/tools/bin/../lib/gcc/arm-none-eabi/11.3.1/../../../../arm-none-eabi/lib/thumb/v7-m/nofp\libc_nano.a(libc_a-nano-svfprintf.o)
 .rodata._printf_i.str1.1
                0x0000000008005dbd       0x22 C:/ST/STM32CubeIDE_1.13.0/STM32CubeIDE/plugins/com.st.stm32cube.ide.mcu.externaltools.gnu-tools-for-stm32.11.3.rel1.win32_1.1.100.202309141235/tools/bin/../lib/gcc/arm-none-eabi/11.3.1/../../../../arm-none-eabi/lib/thumb/v7-m/nofp\libc_nano.a(libc_a-nano-vfprintf_i.o)
 *fill*         0x0000000008005ddf        0x1 
 .rodata.atanhi
                0x0000000008005de0       0x20 C:/ST/STM32CubeIDE_1.13.0/STM32CubeIDE/plugins/com.st.stm32cube.ide.mcu.externaltools.gnu-tools-for-stm32.11.3.rel1.win32_1.1.100.202309141235/tools/bin/../lib/gcc/arm-none-eabi/11.3.1/../../../../arm-none-eabi/lib/thumb/v7-m/nofp\libm.a(libm_a-s_atan.o)
 .rodata.atanlo
                0x0000000008005e00       0x20 C:/ST/STM32CubeIDE_1.13.0/STM32CubeIDE/plugins/com.st.stm32cube.ide.mcu.externaltools.gnu-tools-for-stm32.11.3.rel1.win32_1.1.100.202309141235/tools/bin/../lib/gcc/arm-none-eabi/11.3.1/../../../../arm-none-eabi/lib/thumb/v7-m/nofp\libm.a(libm_a-s_atan.o)
 .rodata.bp     0x0000000008005e20       0x10 C:/ST/STM32CubeIDE_1.13.0/STM32CubeIDE/plugins/com.st.stm32cube.ide.mcu.externaltools.gnu-tools-for-stm32.11.3.rel1.win32_1.1.100.202309141235/tools/bin/../lib/gcc/arm-none-eabi/11.3.1/../../../../arm-none-eabi/lib/thumb/v7-m/nofp\libm.a(libm_a-e_pow.o)
 .rodata.dp_h   0x0000000008005e30       0x10 C:/ST/STM32CubeIDE_1.13.0/STM32CubeIDE/plugins/com.st.stm32cube.ide.mcu.externaltools.gnu-tools-for-stm32.11.3.rel1.win32_1.1.100.202309141235/tools/bin/../lib/gcc/arm-none-eabi/11.3.1/../../../../arm-none-eabi/lib/thumb/v7-m/nofp\libm.a(libm_a-e_pow.o)
 .rodata.dp_l   0x0000000008005e40       0x10 C:/ST/STM32CubeIDE_1.13.0/STM32CubeIDE/plugins/com.st.stm32cube.ide.mcu.externaltools.gnu-tools-for-stm32.11.3.rel1.win32_1.1.100.202309141235/tools/bin/../lib/gcc/arm-none-eabi/11.3.1/../../../../arm-none-eabi/lib/thumb/v7-m/nofp\libm.a(libm_a-e_pow.o)
                0x0000000008005e50                . = ALIGN (0x4)

.rel.dyn        0x0000000008005e50        0x0
 .rel.iplt      0x0000000008005e50        0x0 C:/ST/STM32CubeIDE_1.13.0/STM32CubeIDE/plugins/com.st.stm32cube.ide.mcu.externaltools.gnu-tools-for-stm32.11.3.rel1.win32_1.1.100.202309141235/tools/bin/../lib/gcc/arm-none-eabi/11.3.1/thumb/v7-m/nofp/crtbegin.o

.ARM.extab      0x0000000008005e50        0x0
                0x0000000008005e50                . = ALIGN (0x4)
 *(.ARM.extab* .gnu.linkonce.armextab.*)
                0x0000000008005e50                . = ALIGN (0x4)

.ARM            0x0000000008005e50        0x0
                0x0000000008005e50                . = ALIGN (0x4)
                0x0000000008005e50                __exidx_start = .
 *(.ARM.exidx*)
                0x0000000008005e50                __exidx_end = .
                0x0000000008005e50                . = ALIGN (0x4)

.preinit_array  0x0000000008005e50        0x0
                0x0000000008005e50                . = ALIGN (0x4)
                0x0000000008005e50                PROVIDE (__preinit_array_start = .)
 *(.preinit_array*)
                0x0000000008005e50                PROVIDE (__preinit_array_end = .)
                0x0000000008005e50                . = ALIGN (0x4)

.init_array     0x0000000008005e50        0x4
                0x0000000008005e50                . = ALIGN (0x4)
                0x0000000008005e50                PROVIDE (__init_array_start = .)
 *(SORT_BY_NAME(.init_array.*))
 *(.init_array*)
 .init_array    0x0000000008005e50        0x4 C:/ST/STM32CubeIDE_1.13.0/STM32CubeIDE/plugins/com.st.stm32cube.ide.mcu.externaltools.gnu-tools-for-stm32.11.3.rel1.win32_1.1.100.202309141235/tools/bin/../lib/gcc/arm-none-eabi/11.3.1/thumb/v7-m/nofp/crtbegin.o
                0x0000000008005e54                PROVIDE (__init_array_end = .)
                0x0000000008005e54                . = ALIGN (0x4)

.fini_array     0x0000000008005e54        0x4
                0x0000000008005e54                . = ALIGN (0x4)
                [!provide]                        PROVIDE (__fini_array_start = .)
 *(SORT_BY_NAME(.fini_array.*))
 *(.fini_array*)
 .fini_array    0x0000000008005e54        0x4 C:/ST/STM32CubeIDE_1.13.0/STM32CubeIDE/plugins/com.st.stm32cube.ide.mcu.externaltools.gnu-tools-for-stm32.11.3.rel1.win32_1.1.100.202309141235/tools/bin/../lib/gcc/arm-none-eabi/11.3.1/thumb/v7-m/nofp/crtbegin.o
                [!provide]                        PROVIDE (__fini_array_end = .)
                0x0000000008005e58                . = ALIGN (0x4)
                0x0000000008005e58                _sidata = LOADADDR (.data)

.data           0x0000000020000000       0x68 load address 0x0000000008005e58
                0x0000000020000000                . = ALIGN (0x4)
                0x0000000020000000                _sdata = .
 *(.data)
 *(.data*)
 .data.elapsedTime
                0x0000000020000000        0x4 ./Src/HAL/MPU6050/MPU6050.o
                0x0000000020000000                elapsedTime
 .data._impure_data
                0x0000000020000004       0x4c C:/ST/STM32CubeIDE_1.13.0/STM32CubeIDE/plugins/com.st.stm32cube.ide.mcu.externaltools.gnu-tools-for-stm32.11.3.rel1.win32_1.1.100.202309141235/tools/bin/../lib/gcc/arm-none-eabi/11.3.1/../../../../arm-none-eabi/lib/thumb/v7-m/nofp\libc_nano.a(libc_a-impure.o)
                0x0000000020000004                _impure_data
 .data._impure_ptr
                0x0000000020000050        0x4 C:/ST/STM32CubeIDE_1.13.0/STM32CubeIDE/plugins/com.st.stm32cube.ide.mcu.externaltools.gnu-tools-for-stm32.11.3.rel1.win32_1.1.100.202309141235/tools/bin/../lib/gcc/arm-none-eabi/11.3.1/../../../../arm-none-eabi/lib/thumb/v7-m/nofp\libc_nano.a(libc_a-impure.o)
                0x0000000020000050                _impure_ptr
 *fill*         0x0000000020000054        0x4 
 .data.one      0x0000000020000058        0x8 C:/ST/STM32CubeIDE_1.13.0/STM32CubeIDE/plugins/com.st.stm32cube.ide.mcu.externaltools.gnu-tools-for-stm32.11.3.rel1.win32_1.1.100.202309141235/tools/bin/../lib/gcc/arm-none-eabi/11.3.1/../../../../arm-none-eabi/lib/thumb/v7-m/nofp\libm.a(libm_a-e_sqrt.o)
 .data.tiny     0x0000000020000060        0x8 C:/ST/STM32CubeIDE_1.13.0/STM32CubeIDE/plugins/com.st.stm32cube.ide.mcu.externaltools.gnu-tools-for-stm32.11.3.rel1.win32_1.1.100.202309141235/tools/bin/../lib/gcc/arm-none-eabi/11.3.1/../../../../arm-none-eabi/lib/thumb/v7-m/nofp\libm.a(libm_a-e_sqrt.o)
 *(.RamFunc)
 *(.RamFunc*)
                0x0000000020000068                . = ALIGN (0x4)
                0x0000000020000068                _edata = .

.igot.plt       0x0000000020000068        0x0 load address 0x0000000008005ec0
 .igot.plt      0x0000000020000068        0x0 C:/ST/STM32CubeIDE_1.13.0/STM32CubeIDE/plugins/com.st.stm32cube.ide.mcu.externaltools.gnu-tools-for-stm32.11.3.rel1.win32_1.1.100.202309141235/tools/bin/../lib/gcc/arm-none-eabi/11.3.1/thumb/v7-m/nofp/crtbegin.o
                0x0000000020000068                . = ALIGN (0x4)

.bss            0x0000000020000068      0x2b8 load address 0x0000000008005ec0
                0x0000000020000068                _sbss = .
                0x0000000020000068                __bss_start__ = _sbss
 *(.bss)
 .bss           0x0000000020000068       0x1c C:/ST/STM32CubeIDE_1.13.0/STM32CubeIDE/plugins/com.st.stm32cube.ide.mcu.externaltools.gnu-tools-for-stm32.11.3.rel1.win32_1.1.100.202309141235/tools/bin/../lib/gcc/arm-none-eabi/11.3.1/thumb/v7-m/nofp/crtbegin.o
 *(.bss*)
 .bss.counterReadings
                0x0000000020000084        0x4 ./Src/HAL/MPU6050/MPU6050.o
                0x0000000020000084                counterReadings
 .bss.AccErrorX
                0x0000000020000088        0x4 ./Src/HAL/MPU6050/MPU6050.o
                0x0000000020000088                AccErrorX
 .bss.AccErrorY
                0x000000002000008c        0x4 ./Src/HAL/MPU6050/MPU6050.o
                0x000000002000008c                AccErrorY
 .bss.GyroErrorX
                0x0000000020000090        0x4 ./Src/HAL/MPU6050/MPU6050.o
                0x0000000020000090                GyroErrorX
 .bss.GyroErrorY
                0x0000000020000094        0x4 ./Src/HAL/MPU6050/MPU6050.o
                0x0000000020000094                GyroErrorY
 .bss.GyroErrorZ
                0x0000000020000098        0x4 ./Src/HAL/MPU6050/MPU6050.o
                0x0000000020000098                GyroErrorZ
 .bss.AccX      0x000000002000009c        0x4 ./Src/HAL/MPU6050/MPU6050.o
                0x000000002000009c                AccX
 .bss.AccY      0x00000000200000a0        0x4 ./Src/HAL/MPU6050/MPU6050.o
                0x00000000200000a0                AccY
 .bss.AccZ      0x00000000200000a4        0x4 ./Src/HAL/MPU6050/MPU6050.o
                0x00000000200000a4                AccZ
 .bss.dataFromMPU6050X
                0x00000000200000a8        0x6 ./Src/HAL/MPU6050/MPU6050.o
                0x00000000200000a8                dataFromMPU6050X
 .bss.Data      0x00000000200000ae        0x1 ./Src/HAL/MPU6050/MPU6050.o
                0x00000000200000ae                Data
 *fill*         0x00000000200000af        0x1 
 .bss.Accel_X_RAW
                0x00000000200000b0        0x4 ./Src/HAL/MPU6050/MPU6050.o
                0x00000000200000b0                Accel_X_RAW
 .bss.Accel_Y_RAW
                0x00000000200000b4        0x4 ./Src/HAL/MPU6050/MPU6050.o
                0x00000000200000b4                Accel_Y_RAW
 .bss.Accel_Z_RAW
                0x00000000200000b8        0x4 ./Src/HAL/MPU6050/MPU6050.o
                0x00000000200000b8                Accel_Z_RAW
 .bss.dataFromMPU6050
                0x00000000200000bc        0x6 ./Src/HAL/MPU6050/MPU6050.o
                0x00000000200000bc                dataFromMPU6050
 *fill*         0x00000000200000c2        0x2 
 .bss.accAngleX
                0x00000000200000c4        0x4 ./Src/HAL/MPU6050/MPU6050.o
                0x00000000200000c4                accAngleX
 .bss.accAngleY
                0x00000000200000c8        0x4 ./Src/HAL/MPU6050/MPU6050.o
                0x00000000200000c8                accAngleY
 .bss.gyroAngleX
                0x00000000200000cc        0x4 ./Src/HAL/MPU6050/MPU6050.o
                0x00000000200000cc                gyroAngleX
 .bss.gyroAngleY
                0x00000000200000d0        0x4 ./Src/HAL/MPU6050/MPU6050.o
                0x00000000200000d0                gyroAngleY
 .bss.yaw       0x00000000200000d4        0x4 ./Src/HAL/MPU6050/MPU6050.o
                0x00000000200000d4                yaw
 .bss.roll      0x00000000200000d8        0x4 ./Src/HAL/MPU6050/MPU6050.o
                0x00000000200000d8                roll
 .bss.pitch     0x00000000200000dc        0x4 ./Src/HAL/MPU6050/MPU6050.o
                0x00000000200000dc                pitch
 .bss.Gyro_X_RAW
                0x00000000200000e0        0x2 ./Src/HAL/MPU6050/MPU6050.o
                0x00000000200000e0                Gyro_X_RAW
 .bss.Gyro_Y_RAW
                0x00000000200000e2        0x2 ./Src/HAL/MPU6050/MPU6050.o
                0x00000000200000e2                Gyro_Y_RAW
 .bss.Gyro_Z_RAW
                0x00000000200000e4        0x2 ./Src/HAL/MPU6050/MPU6050.o
                0x00000000200000e4                Gyro_Z_RAW
 *fill*         0x00000000200000e6        0x2 
 .bss.GyroX     0x00000000200000e8        0x4 ./Src/HAL/MPU6050/MPU6050.o
                0x00000000200000e8                GyroX
 .bss.GyroY     0x00000000200000ec        0x4 ./Src/HAL/MPU6050/MPU6050.o
                0x00000000200000ec                GyroY
 .bss.GyroZ     0x00000000200000f0        0x4 ./Src/HAL/MPU6050/MPU6050.o
                0x00000000200000f0                GyroZ
 .bss.Global_Stepper_Pin
                0x00000000200000f4        0x2 ./Src/HAL/Stepper/Stepper.o
 *fill*         0x00000000200000f6        0x2 
 .bss.GP_IRQ_CallBack
                0x00000000200000f8       0x3c ./Src/Stm32_F103C6_Drivers/EXTI/Stm32_F103C6_EXTI_driver.o
                0x00000000200000f8                GP_IRQ_CallBack
 .bss.Global_I2C_Config
                0x0000000020000134       0x48 ./Src/Stm32_F103C6_Drivers/I2C/Stm32_F103C6_I2C_driver.o
                0x0000000020000134                Global_I2C_Config
 .bss.PinStepper_flag
                0x000000002000017c        0x1 ./Src/Stm32_F103C6_Drivers/TIMER/Stm32_F103C6_TIMER_driver.o
                0x000000002000017c                PinStepper_flag
 .bss.stepper_Flag
                0x000000002000017d        0x1 ./Src/Stm32_F103C6_Drivers/TIMER/Stm32_F103C6_TIMER_driver.o
                0x000000002000017d                stepper_Flag
 .bss.stepper_Steps
                0x000000002000017e        0x2 ./Src/Stm32_F103C6_Drivers/TIMER/Stm32_F103C6_TIMER_driver.o
                0x000000002000017e                stepper_Steps
 .bss.Global_UART_Config
                0x0000000020000180       0x3c ./Src/Stm32_F103C6_Drivers/USART/Stm32_F103C6_USART_driver.o
                0x0000000020000180                Global_UART_Config
 .bss.yaw_str   0x00000000200001bc        0x5 ./Src/main.o
                0x00000000200001bc                yaw_str
 *fill*         0x00000000200001c1        0x3 
 .bss.pitch_str
                0x00000000200001c4        0x5 ./Src/main.o
                0x00000000200001c4                pitch_str
 *fill*         0x00000000200001c9        0x3 
 .bss.roll_str  0x00000000200001cc        0x5 ./Src/main.o
                0x00000000200001cc                roll_str
 *fill*         0x00000000200001d1        0x3 
 .bss.__sbrk_heap_end
                0x00000000200001d4        0x4 ./Src/sysmem.o
 .bss.__sf      0x00000000200001d8      0x138 C:/ST/STM32CubeIDE_1.13.0/STM32CubeIDE/plugins/com.st.stm32cube.ide.mcu.externaltools.gnu-tools-for-stm32.11.3.rel1.win32_1.1.100.202309141235/tools/bin/../lib/gcc/arm-none-eabi/11.3.1/../../../../arm-none-eabi/lib/thumb/v7-m/nofp\libc_nano.a(libc_a-findfp.o)
                0x00000000200001d8                __sf
 .bss.errno     0x0000000020000310        0x4 C:/ST/STM32CubeIDE_1.13.0/STM32CubeIDE/plugins/com.st.stm32cube.ide.mcu.externaltools.gnu-tools-for-stm32.11.3.rel1.win32_1.1.100.202309141235/tools/bin/../lib/gcc/arm-none-eabi/11.3.1/../../../../arm-none-eabi/lib/thumb/v7-m/nofp\libc_nano.a(libc_a-reent.o)
                0x0000000020000310                errno
 .bss.__lock___malloc_recursive_mutex
                0x0000000020000314        0x1 C:/ST/STM32CubeIDE_1.13.0/STM32CubeIDE/plugins/com.st.stm32cube.ide.mcu.externaltools.gnu-tools-for-stm32.11.3.rel1.win32_1.1.100.202309141235/tools/bin/../lib/gcc/arm-none-eabi/11.3.1/../../../../arm-none-eabi/lib/thumb/v7-m/nofp\libc_nano.a(libc_a-lock.o)
                0x0000000020000314                __lock___malloc_recursive_mutex
 *fill*         0x0000000020000315        0x3 
 .bss.__malloc_free_list
                0x0000000020000318        0x4 C:/ST/STM32CubeIDE_1.13.0/STM32CubeIDE/plugins/com.st.stm32cube.ide.mcu.externaltools.gnu-tools-for-stm32.11.3.rel1.win32_1.1.100.202309141235/tools/bin/../lib/gcc/arm-none-eabi/11.3.1/../../../../arm-none-eabi/lib/thumb/v7-m/nofp\libc_nano.a(libc_a-mallocr.o)
                0x0000000020000318                __malloc_free_list
 .bss.__malloc_sbrk_start
                0x000000002000031c        0x4 C:/ST/STM32CubeIDE_1.13.0/STM32CubeIDE/plugins/com.st.stm32cube.ide.mcu.externaltools.gnu-tools-for-stm32.11.3.rel1.win32_1.1.100.202309141235/tools/bin/../lib/gcc/arm-none-eabi/11.3.1/../../../../arm-none-eabi/lib/thumb/v7-m/nofp\libc_nano.a(libc_a-mallocr.o)
                0x000000002000031c                __malloc_sbrk_start
 *(COMMON)
                0x0000000020000320                . = ALIGN (0x4)
                0x0000000020000320                _ebss = .
                0x0000000020000320                __bss_end__ = _ebss

._user_heap_stack
                0x0000000020000320      0x600 load address 0x0000000008005ec0
                0x0000000020000320                . = ALIGN (0x8)
                [!provide]                        PROVIDE (end = .)
                0x0000000020000320                PROVIDE (_end = .)
                0x0000000020000520                . = (. + _Min_Heap_Size)
 *fill*         0x0000000020000320      0x200 
                0x0000000020000920                . = (. + _Min_Stack_Size)
 *fill*         0x0000000020000520      0x400 
                0x0000000020000920                . = ALIGN (0x8)

/DISCARD/
 libc.a(*)
 libm.a(*)
 libgcc.a(*)

.ARM.attributes
                0x0000000000000000       0x29
 *(.ARM.attributes)
 .ARM.attributes
                0x0000000000000000       0x1d C:/ST/STM32CubeIDE_1.13.0/STM32CubeIDE/plugins/com.st.stm32cube.ide.mcu.externaltools.gnu-tools-for-stm32.11.3.rel1.win32_1.1.100.202309141235/tools/bin/../lib/gcc/arm-none-eabi/11.3.1/thumb/v7-m/nofp/crti.o
 .ARM.attributes
                0x000000000000001d       0x2d C:/ST/STM32CubeIDE_1.13.0/STM32CubeIDE/plugins/com.st.stm32cube.ide.mcu.externaltools.gnu-tools-for-stm32.11.3.rel1.win32_1.1.100.202309141235/tools/bin/../lib/gcc/arm-none-eabi/11.3.1/thumb/v7-m/nofp/crtbegin.o
 .ARM.attributes
                0x000000000000004a       0x2d ./Src/HAL/DC_Motor/DC_Motor.o
 .ARM.attributes
                0x0000000000000077       0x2d ./Src/HAL/MPU6050/MPU6050.o
 .ARM.attributes
                0x00000000000000a4       0x2d ./Src/HAL/Stepper/Stepper.o
 .ARM.attributes
                0x00000000000000d1       0x2d ./Src/Stm32_F103C6_Drivers/EXTI/Stm32_F103C6_EXTI_driver.o
 .ARM.attributes
                0x00000000000000fe       0x2d ./Src/Stm32_F103C6_Drivers/GPIO/Stm32_F103C6_gpio_driver.o
 .ARM.attributes
                0x000000000000012b       0x2d ./Src/Stm32_F103C6_Drivers/I2C/Stm32_F103C6_I2C_driver.o
 .ARM.attributes
                0x0000000000000158       0x2d ./Src/Stm32_F103C6_Drivers/RCC/Stm32_F103C6_RCC_driver.o
 .ARM.attributes
                0x0000000000000185       0x2d ./Src/Stm32_F103C6_Drivers/TIMER/Stm32_F103C6_TIMER_driver.o
 .ARM.attributes
                0x00000000000001b2       0x2d ./Src/Stm32_F103C6_Drivers/USART/Stm32_F103C6_USART_driver.o
 .ARM.attributes
                0x00000000000001df       0x2d ./Src/main.o
 .ARM.attributes
                0x000000000000020c       0x2d ./Src/sysmem.o
 .ARM.attributes
                0x0000000000000239       0x21 ./Startup/startup_stm32f103c8tx.o
 .ARM.attributes
                0x000000000000025a       0x2d C:/ST/STM32CubeIDE_1.13.0/STM32CubeIDE/plugins/com.st.stm32cube.ide.mcu.externaltools.gnu-tools-for-stm32.11.3.rel1.win32_1.1.100.202309141235/tools/bin/../lib/gcc/arm-none-eabi/11.3.1/../../../../arm-none-eabi/lib/thumb/v7-m/nofp\libc_nano.a(libc_a-findfp.o)
 .ARM.attributes
                0x0000000000000287       0x2d C:/ST/STM32CubeIDE_1.13.0/STM32CubeIDE/plugins/com.st.stm32cube.ide.mcu.externaltools.gnu-tools-for-stm32.11.3.rel1.win32_1.1.100.202309141235/tools/bin/../lib/gcc/arm-none-eabi/11.3.1/../../../../arm-none-eabi/lib/thumb/v7-m/nofp\libc_nano.a(libc_a-sprintf.o)
 .ARM.attributes
                0x00000000000002b4       0x2d C:/ST/STM32CubeIDE_1.13.0/STM32CubeIDE/plugins/com.st.stm32cube.ide.mcu.externaltools.gnu-tools-for-stm32.11.3.rel1.win32_1.1.100.202309141235/tools/bin/../lib/gcc/arm-none-eabi/11.3.1/../../../../arm-none-eabi/lib/thumb/v7-m/nofp\libc_nano.a(libc_a-reent.o)
 .ARM.attributes
                0x00000000000002e1       0x2d C:/ST/STM32CubeIDE_1.13.0/STM32CubeIDE/plugins/com.st.stm32cube.ide.mcu.externaltools.gnu-tools-for-stm32.11.3.rel1.win32_1.1.100.202309141235/tools/bin/../lib/gcc/arm-none-eabi/11.3.1/../../../../arm-none-eabi/lib/thumb/v7-m/nofp\libc_nano.a(libc_a-impure.o)
 .ARM.attributes
                0x000000000000030e       0x2d C:/ST/STM32CubeIDE_1.13.0/STM32CubeIDE/plugins/com.st.stm32cube.ide.mcu.externaltools.gnu-tools-for-stm32.11.3.rel1.win32_1.1.100.202309141235/tools/bin/../lib/gcc/arm-none-eabi/11.3.1/../../../../arm-none-eabi/lib/thumb/v7-m/nofp\libc_nano.a(libc_a-errno.o)
 .ARM.attributes
                0x000000000000033b       0x2d C:/ST/STM32CubeIDE_1.13.0/STM32CubeIDE/plugins/com.st.stm32cube.ide.mcu.externaltools.gnu-tools-for-stm32.11.3.rel1.win32_1.1.100.202309141235/tools/bin/../lib/gcc/arm-none-eabi/11.3.1/../../../../arm-none-eabi/lib/thumb/v7-m/nofp\libc_nano.a(libc_a-init.o)
 .ARM.attributes
                0x0000000000000368       0x2d C:/ST/STM32CubeIDE_1.13.0/STM32CubeIDE/plugins/com.st.stm32cube.ide.mcu.externaltools.gnu-tools-for-stm32.11.3.rel1.win32_1.1.100.202309141235/tools/bin/../lib/gcc/arm-none-eabi/11.3.1/../../../../arm-none-eabi/lib/thumb/v7-m/nofp\libc_nano.a(libc_a-lock.o)
 .ARM.attributes
                0x0000000000000395       0x2d C:/ST/STM32CubeIDE_1.13.0/STM32CubeIDE/plugins/com.st.stm32cube.ide.mcu.externaltools.gnu-tools-for-stm32.11.3.rel1.win32_1.1.100.202309141235/tools/bin/../lib/gcc/arm-none-eabi/11.3.1/../../../../arm-none-eabi/lib/thumb/v7-m/nofp\libc_nano.a(libc_a-freer.o)
 .ARM.attributes
                0x00000000000003c2       0x2d C:/ST/STM32CubeIDE_1.13.0/STM32CubeIDE/plugins/com.st.stm32cube.ide.mcu.externaltools.gnu-tools-for-stm32.11.3.rel1.win32_1.1.100.202309141235/tools/bin/../lib/gcc/arm-none-eabi/11.3.1/../../../../arm-none-eabi/lib/thumb/v7-m/nofp\libc_nano.a(libc_a-mallocr.o)
 .ARM.attributes
                0x00000000000003ef       0x2d C:/ST/STM32CubeIDE_1.13.0/STM32CubeIDE/plugins/com.st.stm32cube.ide.mcu.externaltools.gnu-tools-for-stm32.11.3.rel1.win32_1.1.100.202309141235/tools/bin/../lib/gcc/arm-none-eabi/11.3.1/../../../../arm-none-eabi/lib/thumb/v7-m/nofp\libc_nano.a(libc_a-mlock.o)
 .ARM.attributes
                0x000000000000041c       0x2d C:/ST/STM32CubeIDE_1.13.0/STM32CubeIDE/plugins/com.st.stm32cube.ide.mcu.externaltools.gnu-tools-for-stm32.11.3.rel1.win32_1.1.100.202309141235/tools/bin/../lib/gcc/arm-none-eabi/11.3.1/../../../../arm-none-eabi/lib/thumb/v7-m/nofp\libc_nano.a(libc_a-nano-svfprintf.o)
 .ARM.attributes
                0x0000000000000449       0x2d C:/ST/STM32CubeIDE_1.13.0/STM32CubeIDE/plugins/com.st.stm32cube.ide.mcu.externaltools.gnu-tools-for-stm32.11.3.rel1.win32_1.1.100.202309141235/tools/bin/../lib/gcc/arm-none-eabi/11.3.1/../../../../arm-none-eabi/lib/thumb/v7-m/nofp\libc_nano.a(libc_a-nano-vfprintf_i.o)
 .ARM.attributes
                0x0000000000000476       0x2d C:/ST/STM32CubeIDE_1.13.0/STM32CubeIDE/plugins/com.st.stm32cube.ide.mcu.externaltools.gnu-tools-for-stm32.11.3.rel1.win32_1.1.100.202309141235/tools/bin/../lib/gcc/arm-none-eabi/11.3.1/../../../../arm-none-eabi/lib/thumb/v7-m/nofp\libc_nano.a(libc_a-memmove.o)
 .ARM.attributes
                0x00000000000004a3       0x2d C:/ST/STM32CubeIDE_1.13.0/STM32CubeIDE/plugins/com.st.stm32cube.ide.mcu.externaltools.gnu-tools-for-stm32.11.3.rel1.win32_1.1.100.202309141235/tools/bin/../lib/gcc/arm-none-eabi/11.3.1/../../../../arm-none-eabi/lib/thumb/v7-m/nofp\libc_nano.a(libc_a-sbrkr.o)
 .ARM.attributes
                0x00000000000004d0       0x2d C:/ST/STM32CubeIDE_1.13.0/STM32CubeIDE/plugins/com.st.stm32cube.ide.mcu.externaltools.gnu-tools-for-stm32.11.3.rel1.win32_1.1.100.202309141235/tools/bin/../lib/gcc/arm-none-eabi/11.3.1/../../../../arm-none-eabi/lib/thumb/v7-m/nofp\libc_nano.a(libc_a-memchr-stub.o)
 .ARM.attributes
                0x00000000000004fd       0x2d C:/ST/STM32CubeIDE_1.13.0/STM32CubeIDE/plugins/com.st.stm32cube.ide.mcu.externaltools.gnu-tools-for-stm32.11.3.rel1.win32_1.1.100.202309141235/tools/bin/../lib/gcc/arm-none-eabi/11.3.1/../../../../arm-none-eabi/lib/thumb/v7-m/nofp\libc_nano.a(libc_a-memcpy-stub.o)
 .ARM.attributes
                0x000000000000052a       0x2d C:/ST/STM32CubeIDE_1.13.0/STM32CubeIDE/plugins/com.st.stm32cube.ide.mcu.externaltools.gnu-tools-for-stm32.11.3.rel1.win32_1.1.100.202309141235/tools/bin/../lib/gcc/arm-none-eabi/11.3.1/../../../../arm-none-eabi/lib/thumb/v7-m/nofp\libc_nano.a(libc_a-reallocr.o)
 .ARM.attributes
                0x0000000000000557       0x2d C:/ST/STM32CubeIDE_1.13.0/STM32CubeIDE/plugins/com.st.stm32cube.ide.mcu.externaltools.gnu-tools-for-stm32.11.3.rel1.win32_1.1.100.202309141235/tools/bin/../lib/gcc/arm-none-eabi/11.3.1/../../../../arm-none-eabi/lib/thumb/v7-m/nofp\libc_nano.a(libc_a-msizer.o)
 .ARM.attributes
                0x0000000000000584       0x2d C:/ST/STM32CubeIDE_1.13.0/STM32CubeIDE/plugins/com.st.stm32cube.ide.mcu.externaltools.gnu-tools-for-stm32.11.3.rel1.win32_1.1.100.202309141235/tools/bin/../lib/gcc/arm-none-eabi/11.3.1/../../../../arm-none-eabi/lib/thumb/v7-m/nofp\libm.a(libm_a-w_pow.o)
 .ARM.attributes
                0x00000000000005b1       0x2d C:/ST/STM32CubeIDE_1.13.0/STM32CubeIDE/plugins/com.st.stm32cube.ide.mcu.externaltools.gnu-tools-for-stm32.11.3.rel1.win32_1.1.100.202309141235/tools/bin/../lib/gcc/arm-none-eabi/11.3.1/../../../../arm-none-eabi/lib/thumb/v7-m/nofp\libm.a(libm_a-w_sqrt.o)
 .ARM.attributes
                0x00000000000005de       0x2d C:/ST/STM32CubeIDE_1.13.0/STM32CubeIDE/plugins/com.st.stm32cube.ide.mcu.externaltools.gnu-tools-for-stm32.11.3.rel1.win32_1.1.100.202309141235/tools/bin/../lib/gcc/arm-none-eabi/11.3.1/../../../../arm-none-eabi/lib/thumb/v7-m/nofp\libm.a(libm_a-s_atan.o)
 .ARM.attributes
                0x000000000000060b       0x2d C:/ST/STM32CubeIDE_1.13.0/STM32CubeIDE/plugins/com.st.stm32cube.ide.mcu.externaltools.gnu-tools-for-stm32.11.3.rel1.win32_1.1.100.202309141235/tools/bin/../lib/gcc/arm-none-eabi/11.3.1/../../../../arm-none-eabi/lib/thumb/v7-m/nofp\libm.a(libm_a-s_fabs.o)
 .ARM.attributes
                0x0000000000000638       0x2d C:/ST/STM32CubeIDE_1.13.0/STM32CubeIDE/plugins/com.st.stm32cube.ide.mcu.externaltools.gnu-tools-for-stm32.11.3.rel1.win32_1.1.100.202309141235/tools/bin/../lib/gcc/arm-none-eabi/11.3.1/../../../../arm-none-eabi/lib/thumb/v7-m/nofp\libm.a(libm_a-s_finite.o)
 .ARM.attributes
                0x0000000000000665       0x2d C:/ST/STM32CubeIDE_1.13.0/STM32CubeIDE/plugins/com.st.stm32cube.ide.mcu.externaltools.gnu-tools-for-stm32.11.3.rel1.win32_1.1.100.202309141235/tools/bin/../lib/gcc/arm-none-eabi/11.3.1/../../../../arm-none-eabi/lib/thumb/v7-m/nofp\libm.a(libm_a-e_sqrt.o)
 .ARM.attributes
                0x0000000000000692       0x2d C:/ST/STM32CubeIDE_1.13.0/STM32CubeIDE/plugins/com.st.stm32cube.ide.mcu.externaltools.gnu-tools-for-stm32.11.3.rel1.win32_1.1.100.202309141235/tools/bin/../lib/gcc/arm-none-eabi/11.3.1/../../../../arm-none-eabi/lib/thumb/v7-m/nofp\libm.a(libm_a-e_pow.o)
 .ARM.attributes
                0x00000000000006bf       0x2d C:/ST/STM32CubeIDE_1.13.0/STM32CubeIDE/plugins/com.st.stm32cube.ide.mcu.externaltools.gnu-tools-for-stm32.11.3.rel1.win32_1.1.100.202309141235/tools/bin/../lib/gcc/arm-none-eabi/11.3.1/../../../../arm-none-eabi/lib/thumb/v7-m/nofp\libm.a(libm_a-s_scalbn.o)
 .ARM.attributes
                0x00000000000006ec       0x2d C:/ST/STM32CubeIDE_1.13.0/STM32CubeIDE/plugins/com.st.stm32cube.ide.mcu.externaltools.gnu-tools-for-stm32.11.3.rel1.win32_1.1.100.202309141235/tools/bin/../lib/gcc/arm-none-eabi/11.3.1/../../../../arm-none-eabi/lib/thumb/v7-m/nofp\libm.a(libm_a-math_err.o)
 .ARM.attributes
                0x0000000000000719       0x1d C:/ST/STM32CubeIDE_1.13.0/STM32CubeIDE/plugins/com.st.stm32cube.ide.mcu.externaltools.gnu-tools-for-stm32.11.3.rel1.win32_1.1.100.202309141235/tools/bin/../lib/gcc/arm-none-eabi/11.3.1/thumb/v7-m/nofp\libgcc.a(_arm_addsubdf3.o)
 .ARM.attributes
                0x0000000000000736       0x1d C:/ST/STM32CubeIDE_1.13.0/STM32CubeIDE/plugins/com.st.stm32cube.ide.mcu.externaltools.gnu-tools-for-stm32.11.3.rel1.win32_1.1.100.202309141235/tools/bin/../lib/gcc/arm-none-eabi/11.3.1/thumb/v7-m/nofp\libgcc.a(_arm_muldivdf3.o)
 .ARM.attributes
                0x0000000000000753       0x1d C:/ST/STM32CubeIDE_1.13.0/STM32CubeIDE/plugins/com.st.stm32cube.ide.mcu.externaltools.gnu-tools-for-stm32.11.3.rel1.win32_1.1.100.202309141235/tools/bin/../lib/gcc/arm-none-eabi/11.3.1/thumb/v7-m/nofp\libgcc.a(_arm_cmpdf2.o)
 .ARM.attributes
                0x0000000000000770       0x1d C:/ST/STM32CubeIDE_1.13.0/STM32CubeIDE/plugins/com.st.stm32cube.ide.mcu.externaltools.gnu-tools-for-stm32.11.3.rel1.win32_1.1.100.202309141235/tools/bin/../lib/gcc/arm-none-eabi/11.3.1/thumb/v7-m/nofp\libgcc.a(_arm_unorddf2.o)
 .ARM.attributes
                0x000000000000078d       0x1d C:/ST/STM32CubeIDE_1.13.0/STM32CubeIDE/plugins/com.st.stm32cube.ide.mcu.externaltools.gnu-tools-for-stm32.11.3.rel1.win32_1.1.100.202309141235/tools/bin/../lib/gcc/arm-none-eabi/11.3.1/thumb/v7-m/nofp\libgcc.a(_arm_fixdfsi.o)
 .ARM.attributes
                0x00000000000007aa       0x1d C:/ST/STM32CubeIDE_1.13.0/STM32CubeIDE/plugins/com.st.stm32cube.ide.mcu.externaltools.gnu-tools-for-stm32.11.3.rel1.win32_1.1.100.202309141235/tools/bin/../lib/gcc/arm-none-eabi/11.3.1/thumb/v7-m/nofp\libgcc.a(_arm_truncdfsf2.o)
 .ARM.attributes
                0x00000000000007c7       0x1d C:/ST/STM32CubeIDE_1.13.0/STM32CubeIDE/plugins/com.st.stm32cube.ide.mcu.externaltools.gnu-tools-for-stm32.11.3.rel1.win32_1.1.100.202309141235/tools/bin/../lib/gcc/arm-none-eabi/11.3.1/thumb/v7-m/nofp\libgcc.a(_arm_addsubsf3.o)
 .ARM.attributes
                0x00000000000007e4       0x1d C:/ST/STM32CubeIDE_1.13.0/STM32CubeIDE/plugins/com.st.stm32cube.ide.mcu.externaltools.gnu-tools-for-stm32.11.3.rel1.win32_1.1.100.202309141235/tools/bin/../lib/gcc/arm-none-eabi/11.3.1/thumb/v7-m/nofp\libgcc.a(_arm_muldivsf3.o)
 .ARM.attributes
                0x0000000000000801       0x1d C:/ST/STM32CubeIDE_1.13.0/STM32CubeIDE/plugins/com.st.stm32cube.ide.mcu.externaltools.gnu-tools-for-stm32.11.3.rel1.win32_1.1.100.202309141235/tools/bin/../lib/gcc/arm-none-eabi/11.3.1/thumb/v7-m/nofp\libgcc.a(_arm_fixsfsi.o)
 .ARM.attributes
                0x000000000000081e       0x1d C:/ST/STM32CubeIDE_1.13.0/STM32CubeIDE/plugins/com.st.stm32cube.ide.mcu.externaltools.gnu-tools-for-stm32.11.3.rel1.win32_1.1.100.202309141235/tools/bin/../lib/gcc/arm-none-eabi/11.3.1/thumb/v7-m/nofp/crtn.o
OUTPUT(MPUisBackToLife.elf elf32-littlearm)
LOAD linker stubs
LOAD C:/ST/STM32CubeIDE_1.13.0/STM32CubeIDE/plugins/com.st.stm32cube.ide.mcu.externaltools.gnu-tools-for-stm32.11.3.rel1.win32_1.1.100.202309141235/tools/bin/../lib/gcc/arm-none-eabi/11.3.1/../../../../arm-none-eabi/lib/thumb/v7-m/nofp\libc.a
LOAD C:/ST/STM32CubeIDE_1.13.0/STM32CubeIDE/plugins/com.st.stm32cube.ide.mcu.externaltools.gnu-tools-for-stm32.11.3.rel1.win32_1.1.100.202309141235/tools/bin/../lib/gcc/arm-none-eabi/11.3.1/../../../../arm-none-eabi/lib/thumb/v7-m/nofp\libm.a
LOAD C:/ST/STM32CubeIDE_1.13.0/STM32CubeIDE/plugins/com.st.stm32cube.ide.mcu.externaltools.gnu-tools-for-stm32.11.3.rel1.win32_1.1.100.202309141235/tools/bin/../lib/gcc/arm-none-eabi/11.3.1/thumb/v7-m/nofp\libgcc.a

.comment        0x0000000000000000       0x43
 .comment       0x0000000000000000       0x43 C:/ST/STM32CubeIDE_1.13.0/STM32CubeIDE/plugins/com.st.stm32cube.ide.mcu.externaltools.gnu-tools-for-stm32.11.3.rel1.win32_1.1.100.202309141235/tools/bin/../lib/gcc/arm-none-eabi/11.3.1/thumb/v7-m/nofp/crtbegin.o
                                         0x44 (size before relaxing)
 .comment       0x0000000000000043       0x44 ./Src/HAL/DC_Motor/DC_Motor.o
 .comment       0x0000000000000043       0x44 ./Src/HAL/MPU6050/MPU6050.o
 .comment       0x0000000000000043       0x44 ./Src/HAL/Stepper/Stepper.o
 .comment       0x0000000000000043       0x44 ./Src/Stm32_F103C6_Drivers/EXTI/Stm32_F103C6_EXTI_driver.o
 .comment       0x0000000000000043       0x44 ./Src/Stm32_F103C6_Drivers/GPIO/Stm32_F103C6_gpio_driver.o
 .comment       0x0000000000000043       0x44 ./Src/Stm32_F103C6_Drivers/I2C/Stm32_F103C6_I2C_driver.o
 .comment       0x0000000000000043       0x44 ./Src/Stm32_F103C6_Drivers/RCC/Stm32_F103C6_RCC_driver.o
 .comment       0x0000000000000043       0x44 ./Src/Stm32_F103C6_Drivers/TIMER/Stm32_F103C6_TIMER_driver.o
 .comment       0x0000000000000043       0x44 ./Src/Stm32_F103C6_Drivers/USART/Stm32_F103C6_USART_driver.o
 .comment       0x0000000000000043       0x44 ./Src/main.o
 .comment       0x0000000000000043       0x44 ./Src/sysmem.o

.debug_info     0x0000000000000000     0x4726
 .debug_info    0x0000000000000000      0x545 ./Src/HAL/DC_Motor/DC_Motor.o
 .debug_info    0x0000000000000545      0x8a6 ./Src/HAL/MPU6050/MPU6050.o
 .debug_info    0x0000000000000deb      0x4ca ./Src/HAL/Stepper/Stepper.o
 .debug_info    0x00000000000012b5      0x530 ./Src/Stm32_F103C6_Drivers/EXTI/Stm32_F103C6_EXTI_driver.o
 .debug_info    0x00000000000017e5      0x49b ./Src/Stm32_F103C6_Drivers/GPIO/Stm32_F103C6_gpio_driver.o
 .debug_info    0x0000000000001c80      0xa80 ./Src/Stm32_F103C6_Drivers/I2C/Stm32_F103C6_I2C_driver.o
 .debug_info    0x0000000000002700      0x34e ./Src/Stm32_F103C6_Drivers/RCC/Stm32_F103C6_RCC_driver.o
 .debug_info    0x0000000000002a4e      0xb93 ./Src/Stm32_F103C6_Drivers/TIMER/Stm32_F103C6_TIMER_driver.o
 .debug_info    0x00000000000035e1      0x641 ./Src/Stm32_F103C6_Drivers/USART/Stm32_F103C6_USART_driver.o
 .debug_info    0x0000000000003c22      0x95f ./Src/main.o
 .debug_info    0x0000000000004581      0x183 ./Src/sysmem.o
 .debug_info    0x0000000000004704       0x22 ./Startup/startup_stm32f103c8tx.o

.debug_abbrev   0x0000000000000000     0x1250
 .debug_abbrev  0x0000000000000000      0x177 ./Src/HAL/DC_Motor/DC_Motor.o
 .debug_abbrev  0x0000000000000177      0x210 ./Src/HAL/MPU6050/MPU6050.o
 .debug_abbrev  0x0000000000000387      0x14f ./Src/HAL/Stepper/Stepper.o
 .debug_abbrev  0x00000000000004d6      0x180 ./Src/Stm32_F103C6_Drivers/EXTI/Stm32_F103C6_EXTI_driver.o
 .debug_abbrev  0x0000000000000656      0x16f ./Src/Stm32_F103C6_Drivers/GPIO/Stm32_F103C6_gpio_driver.o
 .debug_abbrev  0x00000000000007c5      0x230 ./Src/Stm32_F103C6_Drivers/I2C/Stm32_F103C6_I2C_driver.o
 .debug_abbrev  0x00000000000009f5      0x136 ./Src/Stm32_F103C6_Drivers/RCC/Stm32_F103C6_RCC_driver.o
 .debug_abbrev  0x0000000000000b2b      0x298 ./Src/Stm32_F103C6_Drivers/TIMER/Stm32_F103C6_TIMER_driver.o
 .debug_abbrev  0x0000000000000dc3      0x1c2 ./Src/Stm32_F103C6_Drivers/USART/Stm32_F103C6_USART_driver.o
 .debug_abbrev  0x0000000000000f85      0x1fc ./Src/main.o
 .debug_abbrev  0x0000000000001181       0xbd ./Src/sysmem.o
 .debug_abbrev  0x000000000000123e       0x12 ./Startup/startup_stm32f103c8tx.o

.debug_loc      0x0000000000000000     0x1a26
 .debug_loc     0x0000000000000000      0x140 ./Src/HAL/DC_Motor/DC_Motor.o
 .debug_loc     0x0000000000000140      0x16c ./Src/HAL/MPU6050/MPU6050.o
 .debug_loc     0x00000000000002ac       0xa0 ./Src/HAL/Stepper/Stepper.o
 .debug_loc     0x000000000000034c      0x320 ./Src/Stm32_F103C6_Drivers/EXTI/Stm32_F103C6_EXTI_driver.o
 .debug_loc     0x000000000000066c      0x330 ./Src/Stm32_F103C6_Drivers/GPIO/Stm32_F103C6_gpio_driver.o
 .debug_loc     0x000000000000099c      0x580 ./Src/Stm32_F103C6_Drivers/I2C/Stm32_F103C6_I2C_driver.o
 .debug_loc     0x0000000000000f1c      0x124 ./Src/Stm32_F103C6_Drivers/RCC/Stm32_F103C6_RCC_driver.o
 .debug_loc     0x0000000000001040      0x55c ./Src/Stm32_F103C6_Drivers/TIMER/Stm32_F103C6_TIMER_driver.o
 .debug_loc     0x000000000000159c      0x334 ./Src/Stm32_F103C6_Drivers/USART/Stm32_F103C6_USART_driver.o
 .debug_loc     0x00000000000018d0      0x106 ./Src/main.o
 .debug_loc     0x00000000000019d6       0x50 ./Src/sysmem.o

.debug_aranges  0x0000000000000000      0x3f8
 .debug_aranges
                0x0000000000000000       0x38 ./Src/HAL/DC_Motor/DC_Motor.o
 .debug_aranges
                0x0000000000000038       0x40 ./Src/HAL/MPU6050/MPU6050.o
 .debug_aranges
                0x0000000000000078       0x28 ./Src/HAL/Stepper/Stepper.o
 .debug_aranges
                0x00000000000000a0       0x80 ./Src/Stm32_F103C6_Drivers/EXTI/Stm32_F103C6_EXTI_driver.o
 .debug_aranges
                0x0000000000000120       0x60 ./Src/Stm32_F103C6_Drivers/GPIO/Stm32_F103C6_gpio_driver.o
 .debug_aranges
                0x0000000000000180       0xa0 ./Src/Stm32_F103C6_Drivers/I2C/Stm32_F103C6_I2C_driver.o
 .debug_aranges
                0x0000000000000220       0x40 ./Src/Stm32_F103C6_Drivers/RCC/Stm32_F103C6_RCC_driver.o
 .debug_aranges
                0x0000000000000260       0xa8 ./Src/Stm32_F103C6_Drivers/TIMER/Stm32_F103C6_TIMER_driver.o
 .debug_aranges
                0x0000000000000308       0x70 ./Src/Stm32_F103C6_Drivers/USART/Stm32_F103C6_USART_driver.o
 .debug_aranges
                0x0000000000000378       0x38 ./Src/main.o
 .debug_aranges
                0x00000000000003b0       0x20 ./Src/sysmem.o
 .debug_aranges
                0x00000000000003d0       0x28 ./Startup/startup_stm32f103c8tx.o

.debug_ranges   0x0000000000000000      0x340
 .debug_ranges  0x0000000000000000       0x28 ./Src/HAL/DC_Motor/DC_Motor.o
 .debug_ranges  0x0000000000000028       0x30 ./Src/HAL/MPU6050/MPU6050.o
 .debug_ranges  0x0000000000000058       0x18 ./Src/HAL/Stepper/Stepper.o
 .debug_ranges  0x0000000000000070       0x70 ./Src/Stm32_F103C6_Drivers/EXTI/Stm32_F103C6_EXTI_driver.o
 .debug_ranges  0x00000000000000e0       0x50 ./Src/Stm32_F103C6_Drivers/GPIO/Stm32_F103C6_gpio_driver.o
 .debug_ranges  0x0000000000000130       0x90 ./Src/Stm32_F103C6_Drivers/I2C/Stm32_F103C6_I2C_driver.o
 .debug_ranges  0x00000000000001c0       0x30 ./Src/Stm32_F103C6_Drivers/RCC/Stm32_F103C6_RCC_driver.o
 .debug_ranges  0x00000000000001f0       0x98 ./Src/Stm32_F103C6_Drivers/TIMER/Stm32_F103C6_TIMER_driver.o
 .debug_ranges  0x0000000000000288       0x60 ./Src/Stm32_F103C6_Drivers/USART/Stm32_F103C6_USART_driver.o
 .debug_ranges  0x00000000000002e8       0x28 ./Src/main.o
 .debug_ranges  0x0000000000000310       0x10 ./Src/sysmem.o
 .debug_ranges  0x0000000000000320       0x20 ./Startup/startup_stm32f103c8tx.o

.debug_macro    0x0000000000000000     0x39ca
 .debug_macro   0x0000000000000000      0x16d ./Src/HAL/DC_Motor/DC_Motor.o
 .debug_macro   0x000000000000016d      0xaa2 ./Src/HAL/DC_Motor/DC_Motor.o
 .debug_macro   0x0000000000000c0f       0x24 ./Src/HAL/DC_Motor/DC_Motor.o
 .debug_macro   0x0000000000000c33       0x22 ./Src/HAL/DC_Motor/DC_Motor.o
 .debug_macro   0x0000000000000c55       0x5b ./Src/HAL/DC_Motor/DC_Motor.o
 .debug_macro   0x0000000000000cb0       0x94 ./Src/HAL/DC_Motor/DC_Motor.o
 .debug_macro   0x0000000000000d44       0x43 ./Src/HAL/DC_Motor/DC_Motor.o
 .debug_macro   0x0000000000000d87       0x34 ./Src/HAL/DC_Motor/DC_Motor.o
 .debug_macro   0x0000000000000dbb       0x16 ./Src/HAL/DC_Motor/DC_Motor.o
 .debug_macro   0x0000000000000dd1      0x10e ./Src/HAL/DC_Motor/DC_Motor.o
 .debug_macro   0x0000000000000edf       0x8d ./Src/HAL/DC_Motor/DC_Motor.o
 .debug_macro   0x0000000000000f6c       0x16 ./Src/HAL/DC_Motor/DC_Motor.o
 .debug_macro   0x0000000000000f82       0x43 ./Src/HAL/DC_Motor/DC_Motor.o
 .debug_macro   0x0000000000000fc5       0x57 ./Src/HAL/DC_Motor/DC_Motor.o
 .debug_macro   0x000000000000101c       0x34 ./Src/HAL/DC_Motor/DC_Motor.o
 .debug_macro   0x0000000000001050       0x10 ./Src/HAL/DC_Motor/DC_Motor.o
 .debug_macro   0x0000000000001060       0x58 ./Src/HAL/DC_Motor/DC_Motor.o
 .debug_macro   0x00000000000010b8       0x8e ./Src/HAL/DC_Motor/DC_Motor.o
 .debug_macro   0x0000000000001146       0x1c ./Src/HAL/DC_Motor/DC_Motor.o
 .debug_macro   0x0000000000001162      0x177 ./Src/HAL/DC_Motor/DC_Motor.o
 .debug_macro   0x00000000000012d9      0x369 ./Src/HAL/DC_Motor/DC_Motor.o
 .debug_macro   0x0000000000001642       0x16 ./Src/HAL/DC_Motor/DC_Motor.o
 .debug_macro   0x0000000000001658       0x29 ./Src/HAL/DC_Motor/DC_Motor.o
 .debug_macro   0x0000000000001681      0x103 ./Src/HAL/DC_Motor/DC_Motor.o
 .debug_macro   0x0000000000001784       0x6a ./Src/HAL/DC_Motor/DC_Motor.o
 .debug_macro   0x00000000000017ee      0x1df ./Src/HAL/DC_Motor/DC_Motor.o
 .debug_macro   0x00000000000019cd      0x786 ./Src/HAL/DC_Motor/DC_Motor.o
 .debug_macro   0x0000000000002153       0xd0 ./Src/HAL/DC_Motor/DC_Motor.o
 .debug_macro   0x0000000000002223       0x16 ./Src/HAL/DC_Motor/DC_Motor.o
 .debug_macro   0x0000000000002239      0x18a ./Src/HAL/MPU6050/MPU6050.o
 .debug_macro   0x00000000000023c3       0xd6 ./Src/HAL/MPU6050/MPU6050.o
 .debug_macro   0x0000000000002499       0x6a ./Src/HAL/MPU6050/MPU6050.o
 .debug_macro   0x0000000000002503      0x19b ./Src/HAL/MPU6050/MPU6050.o
 .debug_macro   0x000000000000269e       0x34 ./Src/HAL/MPU6050/MPU6050.o
 .debug_macro   0x00000000000026d2      0x16d ./Src/HAL/Stepper/Stepper.o
 .debug_macro   0x000000000000283f      0x15f ./Src/Stm32_F103C6_Drivers/EXTI/Stm32_F103C6_EXTI_driver.o
 .debug_macro   0x000000000000299e      0x229 ./Src/Stm32_F103C6_Drivers/EXTI/Stm32_F103C6_EXTI_driver.o
 .debug_macro   0x0000000000002bc7      0x14c ./Src/Stm32_F103C6_Drivers/GPIO/Stm32_F103C6_gpio_driver.o
 .debug_macro   0x0000000000002d13      0x16a ./Src/Stm32_F103C6_Drivers/I2C/Stm32_F103C6_I2C_driver.o
 .debug_macro   0x0000000000002e7d      0x14c ./Src/Stm32_F103C6_Drivers/RCC/Stm32_F103C6_RCC_driver.o
 .debug_macro   0x0000000000002fc9       0x10 ./Src/Stm32_F103C6_Drivers/RCC/Stm32_F103C6_RCC_driver.o
 .debug_macro   0x0000000000002fd9      0x159 ./Src/Stm32_F103C6_Drivers/TIMER/Stm32_F103C6_TIMER_driver.o
 .debug_macro   0x0000000000003132      0x15e ./Src/Stm32_F103C6_Drivers/USART/Stm32_F103C6_USART_driver.o
 .debug_macro   0x0000000000003290       0xe2 ./Src/Stm32_F103C6_Drivers/USART/Stm32_F103C6_USART_driver.o
 .debug_macro   0x0000000000003372      0x235 ./Src/main.o
 .debug_macro   0x00000000000035a7       0xe8 ./Src/main.o
 .debug_macro   0x000000000000368f       0xff ./Src/sysmem.o
 .debug_macro   0x000000000000378e      0x23c ./Src/sysmem.o

.debug_line     0x0000000000000000     0x6117
 .debug_line    0x0000000000000000      0x6b3 ./Src/HAL/DC_Motor/DC_Motor.o
 .debug_line    0x00000000000006b3      0x98f ./Src/HAL/MPU6050/MPU6050.o
 .debug_line    0x0000000000001042      0x65f ./Src/HAL/Stepper/Stepper.o
 .debug_line    0x00000000000016a1      0xa24 ./Src/Stm32_F103C6_Drivers/EXTI/Stm32_F103C6_EXTI_driver.o
 .debug_line    0x00000000000020c5      0x81f ./Src/Stm32_F103C6_Drivers/GPIO/Stm32_F103C6_gpio_driver.o
 .debug_line    0x00000000000028e4      0xac3 ./Src/Stm32_F103C6_Drivers/I2C/Stm32_F103C6_I2C_driver.o
 .debug_line    0x00000000000033a7      0x71f ./Src/Stm32_F103C6_Drivers/RCC/Stm32_F103C6_RCC_driver.o
 .debug_line    0x0000000000003ac6      0xd35 ./Src/Stm32_F103C6_Drivers/TIMER/Stm32_F103C6_TIMER_driver.o
 .debug_line    0x00000000000047fb      0x8bb ./Src/Stm32_F103C6_Drivers/USART/Stm32_F103C6_USART_driver.o
 .debug_line    0x00000000000050b6      0xa5f ./Src/main.o
 .debug_line    0x0000000000005b15      0x57e ./Src/sysmem.o
 .debug_line    0x0000000000006093       0x84 ./Startup/startup_stm32f103c8tx.o

.debug_str      0x0000000000000000     0xd6b8
 .debug_str     0x0000000000000000     0x9d4b ./Src/HAL/DC_Motor/DC_Motor.o
                                       0x9f58 (size before relaxing)
 .debug_str     0x0000000000009d4b      0xf87 ./Src/HAL/MPU6050/MPU6050.o
                                       0xac91 (size before relaxing)
 .debug_str     0x000000000000acd2       0xec ./Src/HAL/Stepper/Stepper.o
                                       0x9f4c (size before relaxing)
 .debug_str     0x000000000000adbe     0x140b ./Src/Stm32_F103C6_Drivers/EXTI/Stm32_F103C6_EXTI_driver.o
                                       0xb0d7 (size before relaxing)
 .debug_str     0x000000000000c1c9      0x140 ./Src/Stm32_F103C6_Drivers/GPIO/Stm32_F103C6_gpio_driver.o
                                       0x9e0f (size before relaxing)
 .debug_str     0x000000000000c309      0x29d ./Src/Stm32_F103C6_Drivers/I2C/Stm32_F103C6_I2C_driver.o
                                       0xa420 (size before relaxing)
 .debug_str     0x000000000000c5a6      0x169 ./Src/Stm32_F103C6_Drivers/RCC/Stm32_F103C6_RCC_driver.o
                                       0x9a90 (size before relaxing)
 .debug_str     0x000000000000c70f      0x151 ./Src/Stm32_F103C6_Drivers/TIMER/Stm32_F103C6_TIMER_driver.o
                                       0xa03d (size before relaxing)
 .debug_str     0x000000000000c860      0x7d5 ./Src/Stm32_F103C6_Drivers/USART/Stm32_F103C6_USART_driver.o
                                       0xa555 (size before relaxing)
 .debug_str     0x000000000000d035      0x17d ./Src/main.o
                                       0xb3dc (size before relaxing)
 .debug_str     0x000000000000d1b2      0x4d7 ./Src/sysmem.o
                                       0x6008 (size before relaxing)
 .debug_str     0x000000000000d689       0x2f ./Startup/startup_stm32f103c8tx.o
                                         0x65 (size before relaxing)

.debug_frame    0x0000000000000000     0x184c
 .debug_frame   0x0000000000000000       0xa0 ./Src/HAL/DC_Motor/DC_Motor.o
 .debug_frame   0x00000000000000a0       0xd4 ./Src/HAL/MPU6050/MPU6050.o
 .debug_frame   0x0000000000000174       0x58 ./Src/HAL/Stepper/Stepper.o
 .debug_frame   0x00000000000001cc      0x1b0 ./Src/Stm32_F103C6_Drivers/EXTI/Stm32_F103C6_EXTI_driver.o
 .debug_frame   0x000000000000037c      0x178 ./Src/Stm32_F103C6_Drivers/GPIO/Stm32_F103C6_gpio_driver.o
 .debug_frame   0x00000000000004f4      0x288 ./Src/Stm32_F103C6_Drivers/I2C/Stm32_F103C6_I2C_driver.o
 .debug_frame   0x000000000000077c       0xac ./Src/Stm32_F103C6_Drivers/RCC/Stm32_F103C6_RCC_driver.o
 .debug_frame   0x0000000000000828      0x288 ./Src/Stm32_F103C6_Drivers/TIMER/Stm32_F103C6_TIMER_driver.o
 .debug_frame   0x0000000000000ab0      0x198 ./Src/Stm32_F103C6_Drivers/USART/Stm32_F103C6_USART_driver.o
 .debug_frame   0x0000000000000c48       0x98 ./Src/main.o
 .debug_frame   0x0000000000000ce0       0x34 ./Src/sysmem.o
 .debug_frame   0x0000000000000d14      0x144 C:/ST/STM32CubeIDE_1.13.0/STM32CubeIDE/plugins/com.st.stm32cube.ide.mcu.externaltools.gnu-tools-for-stm32.11.3.rel1.win32_1.1.100.202309141235/tools/bin/../lib/gcc/arm-none-eabi/11.3.1/../../../../arm-none-eabi/lib/thumb/v7-m/nofp\libc_nano.a(libc_a-findfp.o)
 .debug_frame   0x0000000000000e58       0x6c C:/ST/STM32CubeIDE_1.13.0/STM32CubeIDE/plugins/com.st.stm32cube.ide.mcu.externaltools.gnu-tools-for-stm32.11.3.rel1.win32_1.1.100.202309141235/tools/bin/../lib/gcc/arm-none-eabi/11.3.1/../../../../arm-none-eabi/lib/thumb/v7-m/nofp\libc_nano.a(libc_a-sprintf.o)
 .debug_frame   0x0000000000000ec4       0x38 C:/ST/STM32CubeIDE_1.13.0/STM32CubeIDE/plugins/com.st.stm32cube.ide.mcu.externaltools.gnu-tools-for-stm32.11.3.rel1.win32_1.1.100.202309141235/tools/bin/../lib/gcc/arm-none-eabi/11.3.1/../../../../arm-none-eabi/lib/thumb/v7-m/nofp\libc_nano.a(libc_a-reent.o)
 .debug_frame   0x0000000000000efc       0x20 C:/ST/STM32CubeIDE_1.13.0/STM32CubeIDE/plugins/com.st.stm32cube.ide.mcu.externaltools.gnu-tools-for-stm32.11.3.rel1.win32_1.1.100.202309141235/tools/bin/../lib/gcc/arm-none-eabi/11.3.1/../../../../arm-none-eabi/lib/thumb/v7-m/nofp\libc_nano.a(libc_a-errno.o)
 .debug_frame   0x0000000000000f1c       0x2c C:/ST/STM32CubeIDE_1.13.0/STM32CubeIDE/plugins/com.st.stm32cube.ide.mcu.externaltools.gnu-tools-for-stm32.11.3.rel1.win32_1.1.100.202309141235/tools/bin/../lib/gcc/arm-none-eabi/11.3.1/../../../../arm-none-eabi/lib/thumb/v7-m/nofp\libc_nano.a(libc_a-init.o)
 .debug_frame   0x0000000000000f48       0xb0 C:/ST/STM32CubeIDE_1.13.0/STM32CubeIDE/plugins/com.st.stm32cube.ide.mcu.externaltools.gnu-tools-for-stm32.11.3.rel1.win32_1.1.100.202309141235/tools/bin/../lib/gcc/arm-none-eabi/11.3.1/../../../../arm-none-eabi/lib/thumb/v7-m/nofp\libc_nano.a(libc_a-lock.o)
 .debug_frame   0x0000000000000ff8       0x38 C:/ST/STM32CubeIDE_1.13.0/STM32CubeIDE/plugins/com.st.stm32cube.ide.mcu.externaltools.gnu-tools-for-stm32.11.3.rel1.win32_1.1.100.202309141235/tools/bin/../lib/gcc/arm-none-eabi/11.3.1/../../../../arm-none-eabi/lib/thumb/v7-m/nofp\libc_nano.a(libc_a-freer.o)
 .debug_frame   0x0000000000001030       0x50 C:/ST/STM32CubeIDE_1.13.0/STM32CubeIDE/plugins/com.st.stm32cube.ide.mcu.externaltools.gnu-tools-for-stm32.11.3.rel1.win32_1.1.100.202309141235/tools/bin/../lib/gcc/arm-none-eabi/11.3.1/../../../../arm-none-eabi/lib/thumb/v7-m/nofp\libc_nano.a(libc_a-mallocr.o)
 .debug_frame   0x0000000000001080       0x30 C:/ST/STM32CubeIDE_1.13.0/STM32CubeIDE/plugins/com.st.stm32cube.ide.mcu.externaltools.gnu-tools-for-stm32.11.3.rel1.win32_1.1.100.202309141235/tools/bin/../lib/gcc/arm-none-eabi/11.3.1/../../../../arm-none-eabi/lib/thumb/v7-m/nofp\libc_nano.a(libc_a-mlock.o)
 .debug_frame   0x00000000000010b0       0x90 C:/ST/STM32CubeIDE_1.13.0/STM32CubeIDE/plugins/com.st.stm32cube.ide.mcu.externaltools.gnu-tools-for-stm32.11.3.rel1.win32_1.1.100.202309141235/tools/bin/../lib/gcc/arm-none-eabi/11.3.1/../../../../arm-none-eabi/lib/thumb/v7-m/nofp\libc_nano.a(libc_a-nano-svfprintf.o)
 .debug_frame   0x0000000000001140       0x60 C:/ST/STM32CubeIDE_1.13.0/STM32CubeIDE/plugins/com.st.stm32cube.ide.mcu.externaltools.gnu-tools-for-stm32.11.3.rel1.win32_1.1.100.202309141235/tools/bin/../lib/gcc/arm-none-eabi/11.3.1/../../../../arm-none-eabi/lib/thumb/v7-m/nofp\libc_nano.a(libc_a-nano-vfprintf_i.o)
 .debug_frame   0x00000000000011a0       0x28 C:/ST/STM32CubeIDE_1.13.0/STM32CubeIDE/plugins/com.st.stm32cube.ide.mcu.externaltools.gnu-tools-for-stm32.11.3.rel1.win32_1.1.100.202309141235/tools/bin/../lib/gcc/arm-none-eabi/11.3.1/../../../../arm-none-eabi/lib/thumb/v7-m/nofp\libc_nano.a(libc_a-memmove.o)
 .debug_frame   0x00000000000011c8       0x2c C:/ST/STM32CubeIDE_1.13.0/STM32CubeIDE/plugins/com.st.stm32cube.ide.mcu.externaltools.gnu-tools-for-stm32.11.3.rel1.win32_1.1.100.202309141235/tools/bin/../lib/gcc/arm-none-eabi/11.3.1/../../../../arm-none-eabi/lib/thumb/v7-m/nofp\libc_nano.a(libc_a-sbrkr.o)
 .debug_frame   0x00000000000011f4       0x28 C:/ST/STM32CubeIDE_1.13.0/STM32CubeIDE/plugins/com.st.stm32cube.ide.mcu.externaltools.gnu-tools-for-stm32.11.3.rel1.win32_1.1.100.202309141235/tools/bin/../lib/gcc/arm-none-eabi/11.3.1/../../../../arm-none-eabi/lib/thumb/v7-m/nofp\libc_nano.a(libc_a-memchr-stub.o)
 .debug_frame   0x000000000000121c       0x28 C:/ST/STM32CubeIDE_1.13.0/STM32CubeIDE/plugins/com.st.stm32cube.ide.mcu.externaltools.gnu-tools-for-stm32.11.3.rel1.win32_1.1.100.202309141235/tools/bin/../lib/gcc/arm-none-eabi/11.3.1/../../../../arm-none-eabi/lib/thumb/v7-m/nofp\libc_nano.a(libc_a-memcpy-stub.o)
 .debug_frame   0x0000000000001244       0x3c C:/ST/STM32CubeIDE_1.13.0/STM32CubeIDE/plugins/com.st.stm32cube.ide.mcu.externaltools.gnu-tools-for-stm32.11.3.rel1.win32_1.1.100.202309141235/tools/bin/../lib/gcc/arm-none-eabi/11.3.1/../../../../arm-none-eabi/lib/thumb/v7-m/nofp\libc_nano.a(libc_a-reallocr.o)
 .debug_frame   0x0000000000001280       0x20 C:/ST/STM32CubeIDE_1.13.0/STM32CubeIDE/plugins/com.st.stm32cube.ide.mcu.externaltools.gnu-tools-for-stm32.11.3.rel1.win32_1.1.100.202309141235/tools/bin/../lib/gcc/arm-none-eabi/11.3.1/../../../../arm-none-eabi/lib/thumb/v7-m/nofp\libc_nano.a(libc_a-msizer.o)
 .debug_frame   0x00000000000012a0       0x34 C:/ST/STM32CubeIDE_1.13.0/STM32CubeIDE/plugins/com.st.stm32cube.ide.mcu.externaltools.gnu-tools-for-stm32.11.3.rel1.win32_1.1.100.202309141235/tools/bin/../lib/gcc/arm-none-eabi/11.3.1/../../../../arm-none-eabi/lib/thumb/v7-m/nofp\libm.a(libm_a-w_pow.o)
 .debug_frame   0x00000000000012d4       0x30 C:/ST/STM32CubeIDE_1.13.0/STM32CubeIDE/plugins/com.st.stm32cube.ide.mcu.externaltools.gnu-tools-for-stm32.11.3.rel1.win32_1.1.100.202309141235/tools/bin/../lib/gcc/arm-none-eabi/11.3.1/../../../../arm-none-eabi/lib/thumb/v7-m/nofp\libm.a(libm_a-w_sqrt.o)
 .debug_frame   0x0000000000001304       0x38 C:/ST/STM32CubeIDE_1.13.0/STM32CubeIDE/plugins/com.st.stm32cube.ide.mcu.externaltools.gnu-tools-for-stm32.11.3.rel1.win32_1.1.100.202309141235/tools/bin/../lib/gcc/arm-none-eabi/11.3.1/../../../../arm-none-eabi/lib/thumb/v7-m/nofp\libm.a(libm_a-s_atan.o)
 .debug_frame   0x000000000000133c       0x20 C:/ST/STM32CubeIDE_1.13.0/STM32CubeIDE/plugins/com.st.stm32cube.ide.mcu.externaltools.gnu-tools-for-stm32.11.3.rel1.win32_1.1.100.202309141235/tools/bin/../lib/gcc/arm-none-eabi/11.3.1/../../../../arm-none-eabi/lib/thumb/v7-m/nofp\libm.a(libm_a-s_fabs.o)
 .debug_frame   0x000000000000135c       0x20 C:/ST/STM32CubeIDE_1.13.0/STM32CubeIDE/plugins/com.st.stm32cube.ide.mcu.externaltools.gnu-tools-for-stm32.11.3.rel1.win32_1.1.100.202309141235/tools/bin/../lib/gcc/arm-none-eabi/11.3.1/../../../../arm-none-eabi/lib/thumb/v7-m/nofp\libm.a(libm_a-s_finite.o)
 .debug_frame   0x000000000000137c       0x38 C:/ST/STM32CubeIDE_1.13.0/STM32CubeIDE/plugins/com.st.stm32cube.ide.mcu.externaltools.gnu-tools-for-stm32.11.3.rel1.win32_1.1.100.202309141235/tools/bin/../lib/gcc/arm-none-eabi/11.3.1/../../../../arm-none-eabi/lib/thumb/v7-m/nofp\libm.a(libm_a-e_sqrt.o)
 .debug_frame   0x00000000000013b4       0x78 C:/ST/STM32CubeIDE_1.13.0/STM32CubeIDE/plugins/com.st.stm32cube.ide.mcu.externaltools.gnu-tools-for-stm32.11.3.rel1.win32_1.1.100.202309141235/tools/bin/../lib/gcc/arm-none-eabi/11.3.1/../../../../arm-none-eabi/lib/thumb/v7-m/nofp\libm.a(libm_a-e_pow.o)
 .debug_frame   0x000000000000142c       0x30 C:/ST/STM32CubeIDE_1.13.0/STM32CubeIDE/plugins/com.st.stm32cube.ide.mcu.externaltools.gnu-tools-for-stm32.11.3.rel1.win32_1.1.100.202309141235/tools/bin/../lib/gcc/arm-none-eabi/11.3.1/../../../../arm-none-eabi/lib/thumb/v7-m/nofp\libm.a(libm_a-s_scalbn.o)
 .debug_frame   0x000000000000145c      0x120 C:/ST/STM32CubeIDE_1.13.0/STM32CubeIDE/plugins/com.st.stm32cube.ide.mcu.externaltools.gnu-tools-for-stm32.11.3.rel1.win32_1.1.100.202309141235/tools/bin/../lib/gcc/arm-none-eabi/11.3.1/../../../../arm-none-eabi/lib/thumb/v7-m/nofp\libm.a(libm_a-math_err.o)