../Src/Stm32_F103C6_Drivers/TIMER/Stm32_F103C6_TIMER_driver.c:24:6:TIMER1_Init	16	static
../Src/Stm32_F103C6_Drivers/TIMER/Stm32_F103C6_TIMER_driver.c:58:6:TIMER2_Init	16	static
../Src/Stm32_F103C6_Drivers/TIMER/Stm32_F103C6_TIMER_driver.c:93:6:TIMER3_Init	16	static
../Src/Stm32_F103C6_Drivers/TIMER/Stm32_F103C6_TIMER_driver.c:126:6:Delay_Timer3_us	16	static
../Src/Stm32_F103C6_Drivers/TIMER/Stm32_F103C6_TIMER_driver.c:133:6:Delay_Timer3_ms	24	static
../Src/Stm32_F103C6_Drivers/TIMER/Stm32_F103C6_TIMER_driver.c:143:6:Delay_Timer1_us	16	static
../Src/Stm32_F103C6_Drivers/TIMER/Stm32_F103C6_TIMER_driver.c:150:6:Delay_Timer1_ms	24	static
../Src/Stm32_F103C6_Drivers/TIMER/Stm32_F103C6_TIMER_driver.c:172:6:Delay_us	16	static
../Src/Stm32_F103C6_Drivers/TIMER/Stm32_F103C6_TIMER_driver.c:187:6:Delay_ms	24	static
../Src/Stm32_F103C6_Drivers/TIMER/Stm32_F103C6_TIMER_driver.c:218:6:PWM	104	static
../Src/Stm32_F103C6_Drivers/TIMER/Stm32_F103C6_TIMER_driver.c:521:6:Disable_Timer2	4	static
../Src/Stm32_F103C6_Drivers/TIMER/Stm32_F103C6_TIMER_driver.c:528:10:Get_TIMER2_Counter	4	static
../Src/Stm32_F103C6_Drivers/TIMER/Stm32_F103C6_TIMER_driver.c:533:10:Get_TIMER3_Counter	4	static
../Src/Stm32_F103C6_Drivers/TIMER/Stm32_F103C6_TIMER_driver.c:538:6:TIMER2_Stop	4	static
../Src/Stm32_F103C6_Drivers/TIMER/Stm32_F103C6_TIMER_driver.c:545:6:TIMER2_Start	4	static
../Src/Stm32_F103C6_Drivers/TIMER/Stm32_F103C6_TIMER_driver.c:552:6:TIMER3_Stop	4	static
../Src/Stm32_F103C6_Drivers/TIMER/Stm32_F103C6_TIMER_driver.c:559:6:TIMER4_Stop	4	static
../Src/Stm32_F103C6_Drivers/TIMER/Stm32_F103C6_TIMER_driver.c:590:6:PWM_Move_Steps	96	static
../Src/Stm32_F103C6_Drivers/TIMER/Stm32_F103C6_TIMER_driver.c:926:6:TIM2_IRQHandler	4	static
../Src/Stm32_F103C6_Drivers/TIMER/Stm32_F103C6_TIMER_driver.c:948:6:TIM3_IRQHandler	4	static
../Src/Stm32_F103C6_Drivers/TIMER/Stm32_F103C6_TIMER_driver.c:970:6:TIM4_IRQHandler	4	static
