../Src/Stm32_F103C6_Drivers/TIMER/Stm32_F103C6_TIMER_driver.c:24:6:TIMER2_Init	16	static
../Src/Stm32_F103C6_Drivers/TIMER/Stm32_F103C6_TIMER_driver.c:59:6:TIMER3_Init	16	static
../Src/Stm32_F103C6_Drivers/TIMER/Stm32_F103C6_TIMER_driver.c:92:6:Delay_Timer3_us	16	static
../Src/Stm32_F103C6_Drivers/TIMER/Stm32_F103C6_TIMER_driver.c:99:6:Delay_Timer3_ms	24	static
../Src/Stm32_F103C6_Drivers/TIMER/Stm32_F103C6_TIMER_driver.c:118:6:Delay_us	16	static
../Src/Stm32_F103C6_Drivers/TIMER/Stm32_F103C6_TIMER_driver.c:133:6:Delay_ms	24	static
../Src/Stm32_F103C6_Drivers/TIMER/Stm32_F103C6_TIMER_driver.c:164:6:PWM	104	static
../Src/Stm32_F103C6_Drivers/TIMER/Stm32_F103C6_TIMER_driver.c:467:6:Disable_Timer2	4	static
../Src/Stm32_F103C6_Drivers/TIMER/Stm32_F103C6_TIMER_driver.c:474:10:Get_TIMER2_Counter	4	static
../Src/Stm32_F103C6_Drivers/TIMER/Stm32_F103C6_TIMER_driver.c:479:10:Get_TIMER3_Counter	4	static
../Src/Stm32_F103C6_Drivers/TIMER/Stm32_F103C6_TIMER_driver.c:484:6:TIMER2_Stop	4	static
../Src/Stm32_F103C6_Drivers/TIMER/Stm32_F103C6_TIMER_driver.c:490:6:TIMER3_Stop	4	static
../Src/Stm32_F103C6_Drivers/TIMER/Stm32_F103C6_TIMER_driver.c:497:6:TIMER4_Stop	4	static
../Src/Stm32_F103C6_Drivers/TIMER/Stm32_F103C6_TIMER_driver.c:528:6:PWM_Move_Steps	96	static
../Src/Stm32_F103C6_Drivers/TIMER/Stm32_F103C6_TIMER_driver.c:864:6:TIM2_IRQHandler	4	static
