../Src/Stm32_F103C6_Drivers/USART/Stm32_F103C6_USART_driver.c:18:16:which_UART	16	static
../Src/Stm32_F103C6_Drivers/USART/Stm32_F103C6_USART_driver.c:31:6:USART_Disable_IRQ	4	static
../Src/Stm32_F103C6_Drivers/USART/Stm32_F103C6_USART_driver.c:38:6:USART_Enable_IRQ	4	static
../Src/Stm32_F103C6_Drivers/USART/Stm32_F103C6_USART_driver.c:53:6:MCAL_UART_Init	32	static
../Src/Stm32_F103C6_Drivers/USART/Stm32_F103C6_USART_driver.c:141:6:MCAL_UART_DeInit	16	static
../Src/Stm32_F103C6_Drivers/USART/Stm32_F103C6_USART_driver.c:180:6:MCAL_UART_SendData	32	static
../Src/Stm32_F103C6_Drivers/USART/Stm32_F103C6_USART_driver.c:210:6:MCAL_UART_SendString	32	static
../Src/Stm32_F103C6_Drivers/USART/Stm32_F103C6_USART_driver.c:235:6:MCAL_UART_WAIT_TC	16	static
../Src/Stm32_F103C6_Drivers/USART/Stm32_F103C6_USART_driver.c:257:6:MCAL_UART_ReceiveData	32	static
../Src/Stm32_F103C6_Drivers/USART/Stm32_F103C6_USART_driver.c:304:6:MCAL_UART_GPIO_SetPins	24	static
../Src/Stm32_F103C6_Drivers/USART/Stm32_F103C6_USART_driver.c:421:6:USART1_IRQHandler	8	static
../Src/Stm32_F103C6_Drivers/USART/Stm32_F103C6_USART_driver.c:426:6:USART2_IRQHandler	8	static
../Src/Stm32_F103C6_Drivers/USART/Stm32_F103C6_USART_driver.c:431:6:USART3_IRQHandler	8	static
