../Src/Stm32_F103C6_Drivers/I2C/Stm32_F103C6_I2C_driver.c:51:6:MCAL_I2C_Init	40	static
../Src/Stm32_F103C6_Drivers/I2C/Stm32_F103C6_I2C_driver.c:214:6:MCAL_I2C_DeInit	16	static
../Src/Stm32_F103C6_Drivers/I2C/Stm32_F103C6_I2C_driver.c:242:6:MCAL_I2C_GPIO_Set_Pins	24	static
../Src/Stm32_F103C6_Drivers/I2C/Stm32_F103C6_I2C_driver.c:304:6:MCAL_I2C_Master_Transmit	32	static
../Src/Stm32_F103C6_Drivers/I2C/Stm32_F103C6_I2C_driver.c:373:6:MCAL_I2C_Master_Receive	32	static
../Src/Stm32_F103C6_Drivers/I2C/Stm32_F103C6_I2C_driver.c:447:6:MCAL_I2C_Slave_Transmit	16	static
../Src/Stm32_F103C6_Drivers/I2C/Stm32_F103C6_I2C_driver.c:465:9:MCAL_I2C_Slave_Recieve	16	static
../Src/Stm32_F103C6_Drivers/I2C/Stm32_F103C6_I2C_driver.c:489:6:I2C_Generate_START	16	static
../Src/Stm32_F103C6_Drivers/I2C/Stm32_F103C6_I2C_driver.c:533:13:I2C_GetFlagStatus	40	static
../Src/Stm32_F103C6_Drivers/I2C/Stm32_F103C6_I2C_driver.c:645:6:I2C_SendAddress	24	static
../Src/Stm32_F103C6_Drivers/I2C/Stm32_F103C6_I2C_driver.c:688:6:I2C_Generate_STOP	16	static
../Src/Stm32_F103C6_Drivers/I2C/Stm32_F103C6_I2C_driver.c:712:6:I2C_AcknowledgeConfig	16	static
../Src/Stm32_F103C6_Drivers/I2C/Stm32_F103C6_I2C_driver.c:736:6:I2C1_EV_IRQHandler	32	static
../Src/Stm32_F103C6_Drivers/I2C/Stm32_F103C6_I2C_driver.c:821:6:I2C1_ER_IRQHandler	4	static
../Src/Stm32_F103C6_Drivers/I2C/Stm32_F103C6_I2C_driver.c:827:6:I2C2_EV_IRQHandler	4	static
../Src/Stm32_F103C6_Drivers/I2C/Stm32_F103C6_I2C_driver.c:833:6:I2C2_ER_IRQHandler	4	static
../Src/Stm32_F103C6_Drivers/I2C/Stm32_F103C6_I2C_driver.c:840:6:Slave_States	24	static
