Archive member included to satisfy reference by file (symbol)

C:/ST/STM32CubeIDE_1.13.0/STM32CubeIDE/plugins/com.st.stm32cube.ide.mcu.externaltools.gnu-tools-for-stm32.12.3.rel1.win32_1.0.100.202403111256/tools/bin/../lib/gcc/arm-none-eabi/12.3.1/../../../../arm-none-eabi/lib/thumb/v7-m/nofp\libc_nano.a(libc_a-exit.o)
                              C:/ST/STM32CubeIDE_1.13.0/STM32CubeIDE/plugins/com.st.stm32cube.ide.mcu.externaltools.gnu-tools-for-stm32.12.3.rel1.win32_1.0.100.202403111256/tools/bin/../lib/gcc/arm-none-eabi/12.3.1/../../../../arm-none-eabi/lib/thumb/v7-m/nofp/crt0.o (exit)
C:/ST/STM32CubeIDE_1.13.0/STM32CubeIDE/plugins/com.st.stm32cube.ide.mcu.externaltools.gnu-tools-for-stm32.12.3.rel1.win32_1.0.100.202403111256/tools/bin/../lib/gcc/arm-none-eabi/12.3.1/../../../../arm-none-eabi/lib/thumb/v7-m/nofp\libc_nano.a(libc_a-findfp.o)
                              C:/ST/STM32CubeIDE_1.13.0/STM32CubeIDE/plugins/com.st.stm32cube.ide.mcu.externaltools.gnu-tools-for-stm32.12.3.rel1.win32_1.0.100.202403111256/tools/bin/../lib/gcc/arm-none-eabi/12.3.1/../../../../arm-none-eabi/lib/thumb/v7-m/nofp\libc_nano.a(libc_a-exit.o) (__stdio_exit_handler)
C:/ST/STM32CubeIDE_1.13.0/STM32CubeIDE/plugins/com.st.stm32cube.ide.mcu.externaltools.gnu-tools-for-stm32.12.3.rel1.win32_1.0.100.202403111256/tools/bin/../lib/gcc/arm-none-eabi/12.3.1/../../../../arm-none-eabi/lib/thumb/v7-m/nofp\libc_nano.a(libc_a-fwalk.o)
                              C:/ST/STM32CubeIDE_1.13.0/STM32CubeIDE/plugins/com.st.stm32cube.ide.mcu.externaltools.gnu-tools-for-stm32.12.3.rel1.win32_1.0.100.202403111256/tools/bin/../lib/gcc/arm-none-eabi/12.3.1/../../../../arm-none-eabi/lib/thumb/v7-m/nofp\libc_nano.a(libc_a-findfp.o) (_fwalk_sglue)
C:/ST/STM32CubeIDE_1.13.0/STM32CubeIDE/plugins/com.st.stm32cube.ide.mcu.externaltools.gnu-tools-for-stm32.12.3.rel1.win32_1.0.100.202403111256/tools/bin/../lib/gcc/arm-none-eabi/12.3.1/../../../../arm-none-eabi/lib/thumb/v7-m/nofp\libc_nano.a(libc_a-sprintf.o)
                              ./Src/HAL/MPU6050/MPU6050.o (sprintf)
C:/ST/STM32CubeIDE_1.13.0/STM32CubeIDE/plugins/com.st.stm32cube.ide.mcu.externaltools.gnu-tools-for-stm32.12.3.rel1.win32_1.0.100.202403111256/tools/bin/../lib/gcc/arm-none-eabi/12.3.1/../../../../arm-none-eabi/lib/thumb/v7-m/nofp\libc_nano.a(libc_a-stdio.o)
                              C:/ST/STM32CubeIDE_1.13.0/STM32CubeIDE/plugins/com.st.stm32cube.ide.mcu.externaltools.gnu-tools-for-stm32.12.3.rel1.win32_1.0.100.202403111256/tools/bin/../lib/gcc/arm-none-eabi/12.3.1/../../../../arm-none-eabi/lib/thumb/v7-m/nofp\libc_nano.a(libc_a-findfp.o) (__sread)
C:/ST/STM32CubeIDE_1.13.0/STM32CubeIDE/plugins/com.st.stm32cube.ide.mcu.externaltools.gnu-tools-for-stm32.12.3.rel1.win32_1.0.100.202403111256/tools/bin/../lib/gcc/arm-none-eabi/12.3.1/../../../../arm-none-eabi/lib/thumb/v7-m/nofp\libc_nano.a(libc_a-memset.o)
                              C:/ST/STM32CubeIDE_1.13.0/STM32CubeIDE/plugins/com.st.stm32cube.ide.mcu.externaltools.gnu-tools-for-stm32.12.3.rel1.win32_1.0.100.202403111256/tools/bin/../lib/gcc/arm-none-eabi/12.3.1/../../../../arm-none-eabi/lib/thumb/v7-m/nofp/crt0.o (memset)
C:/ST/STM32CubeIDE_1.13.0/STM32CubeIDE/plugins/com.st.stm32cube.ide.mcu.externaltools.gnu-tools-for-stm32.12.3.rel1.win32_1.0.100.202403111256/tools/bin/../lib/gcc/arm-none-eabi/12.3.1/../../../../arm-none-eabi/lib/thumb/v7-m/nofp\libc_nano.a(libc_a-closer.o)
                              C:/ST/STM32CubeIDE_1.13.0/STM32CubeIDE/plugins/com.st.stm32cube.ide.mcu.externaltools.gnu-tools-for-stm32.12.3.rel1.win32_1.0.100.202403111256/tools/bin/../lib/gcc/arm-none-eabi/12.3.1/../../../../arm-none-eabi/lib/thumb/v7-m/nofp\libc_nano.a(libc_a-stdio.o) (_close_r)
C:/ST/STM32CubeIDE_1.13.0/STM32CubeIDE/plugins/com.st.stm32cube.ide.mcu.externaltools.gnu-tools-for-stm32.12.3.rel1.win32_1.0.100.202403111256/tools/bin/../lib/gcc/arm-none-eabi/12.3.1/../../../../arm-none-eabi/lib/thumb/v7-m/nofp\libc_nano.a(libc_a-reent.o)
                              C:/ST/STM32CubeIDE_1.13.0/STM32CubeIDE/plugins/com.st.stm32cube.ide.mcu.externaltools.gnu-tools-for-stm32.12.3.rel1.win32_1.0.100.202403111256/tools/bin/../lib/gcc/arm-none-eabi/12.3.1/../../../../arm-none-eabi/lib/thumb/v7-m/nofp\libc_nano.a(libc_a-closer.o) (errno)
C:/ST/STM32CubeIDE_1.13.0/STM32CubeIDE/plugins/com.st.stm32cube.ide.mcu.externaltools.gnu-tools-for-stm32.12.3.rel1.win32_1.0.100.202403111256/tools/bin/../lib/gcc/arm-none-eabi/12.3.1/../../../../arm-none-eabi/lib/thumb/v7-m/nofp\libc_nano.a(libc_a-impure.o)
                              C:/ST/STM32CubeIDE_1.13.0/STM32CubeIDE/plugins/com.st.stm32cube.ide.mcu.externaltools.gnu-tools-for-stm32.12.3.rel1.win32_1.0.100.202403111256/tools/bin/../lib/gcc/arm-none-eabi/12.3.1/../../../../arm-none-eabi/lib/thumb/v7-m/nofp\libc_nano.a(libc_a-sprintf.o) (_impure_ptr)
[...]
Memory Configuration

Name             Origin             Length             Attributes
RAM              0x20000000         0x00005000         xrw
FLASH            0x08000000         0x00010000         xr
*default*        0x00000000         0xffffffff

Linker script and memory map

LOAD C:/ST/STM32CubeIDE_1.13.0/STM32CubeIDE/plugins/com.st.stm32cube.ide.mcu.externaltools.gnu-tools-for-stm32.12.3.rel1.win32_1.0.100.202403111256/tools/bin/../lib/gcc/arm-none-eabi/12.3.1/thumb/v7-m/nofp/crti.o
LOAD C:/ST/STM32CubeIDE_1.13.0/STM32CubeIDE/plugins/com.st.stm32cube.ide.mcu.externaltools.gnu-tools-for-stm32.12.3.rel1.win32_1.0.100.202403111256/tools/bin/../lib/gcc/arm-none-eabi/12.3.1/thumb/v7-m/nofp/crtbegin.o
LOAD C:/ST/STM32CubeIDE_1.13.0/STM32CubeIDE/plugins/com.st.stm32cube.ide.mcu.externaltools.gnu-tools-for-stm32.12.3.rel1.win32_1.0.100.202403111256/tools/bin/../lib/gcc/arm-none-eabi/12.3.1/../../../../arm-none-eabi/lib/thumb/v7-m/nofp/crt0.o
LOAD ./Src/HAL/DC_Motor/DC_Motor.o
LOAD ./Src/HAL/LCD/LCD_Config.o
LOAD ./Src/HAL/LCD/LCD_Program.o
LOAD ./Src/HAL/LED/LED.o
LOAD ./Src/HAL/MPU6050/MPU6050.o
LOAD ./Src/HAL/Stepper/Stepper.o
LOAD ./Src/HAL/UltraSonic_HC_SR04/UltraSonic_Config.o
LOAD ./Src/HAL/UltraSonic_HC_SR04/UltraSonic_Program.o
LOAD ./Src/Stm32_F103C6_Drivers/EXTI/Stm32_F103C6_EXTI_driver.o
LOAD ./Src/Stm32_F103C6_Drivers/GPIO/Stm32_F103C6_gpio_driver.o
LOAD ./Src/Stm32_F103C6_Drivers/I2C/Stm32_F103C6_I2C_driver.o
LOAD ./Src/Stm32_F103C6_Drivers/RCC/Stm32_F103C6_RCC_driver.o
LOAD ./Src/Stm32_F103C6_Drivers/TIMER/Stm32_F103C6_TIMER_driver.o
LOAD ./Src/Stm32_F103C6_Drivers/USART/Stm32_F103C6_USART_driver.o
LOAD ./Src/main.o
LOAD ./Src/syscalls.o
LOAD ./Src/sysmem.o
LOAD ./Startup/startup_stm32f103c8tx.o
START GROUP
LOAD C:/ST/STM32CubeIDE_1.13.0/STM32CubeIDE/plugins/com.st.stm32cube.ide.mcu.externaltools.gnu-tools-for-stm32.12.3.rel1.win32_1.0.100.202403111256/tools/bin/../lib/gcc/arm-none-eabi/12.3.1/../../../../arm-none-eabi/lib/thumb/v7-m/nofp\libc_nano.a
LOAD C:/ST/STM32CubeIDE_1.13.0/STM32CubeIDE/plugins/com.st.stm32cube.ide.mcu.externaltools.gnu-tools-for-stm32.12.3.rel1.win32_1.0.100.202403111256/tools/bin/../lib/gcc/arm-none-eabi/12.3.1/../../../../arm-none-eabi/lib/thumb/v7-m/nofp\libm.a
END GROUP
START GROUP
LOAD C:/ST/STM32CubeIDE_1.13.0/STM32CubeIDE/plugins/com.st.stm32cube.ide.mcu.externaltools.gnu-tools-for-stm32.12.3.rel1.win32_1.0.100.202403111256/tools/bin/../lib/gcc/arm-none-eabi/12.3.1/thumb/v7-m/nofp\libgcc.a
LOAD C:/ST/STM32CubeIDE_1.13.0/STM32CubeIDE/plugins/com.st.stm32cube.ide.mcu.externaltools.gnu-tools-for-stm32.12.3.rel1.win32_1.0.100.202403111256/tools/bin/../lib/gcc/arm-none-eabi/12.3.1/../../../../arm-none-eabi/lib/thumb/v7-m/nofp\libc_nano.a
END GROUP
START GROUP
LOAD C:/ST/STM32CubeIDE_1.13.0/STM32CubeIDE/plugins/com.st.stm32cube.ide.mcu.externaltools.gnu-tools-for-stm32.12.3.rel1.win32_1.0.100.202403111256/tools/bin/../lib/gcc/arm-none-eabi/12.3.1/thumb/v7-m/nofp\libgcc.a
LOAD C:/ST/STM32CubeIDE_1.13.0/STM32CubeIDE/plugins/com.st.stm32cube.ide.mcu.externaltools.gnu-tools-for-stm32.12.3.rel1.win32_1.0.100.202403111256/tools/bin/../lib/gcc/arm-none-eabi/12.3.1/../../../../arm-none-eabi/lib/thumb/v7-m/nofp\libc_nano.a
LOAD C:/ST/STM32CubeIDE_1.13.0/STM32CubeIDE/plugins/com.st.stm32cube.ide.mcu.externaltools.gnu-tools-for-stm32.12.3.rel1.win32_1.0.100.202403111256/tools/bin/../lib/gcc/arm-none-eabi/12.3.1/../../../../arm-none-eabi/lib/thumb/v7-m/nofp\libnosys.a
END GROUP
START GROUP
LOAD C:/ST/STM32CubeIDE_1.13.0/STM32CubeIDE/plugins/com.st.stm32cube.ide.mcu.externaltools.gnu-tools-for-stm32.12.3.rel1.win32_1.0.100.202403111256/tools/bin/../lib/gcc/arm-none-eabi/12.3.1/thumb/v7-m/nofp\libgcc.a
LOAD C:/ST/STM32CubeIDE_1.13.0/STM32CubeIDE/plugins/com.st.stm32cube.ide.mcu.externaltools.gnu-tools-for-stm32.12.3.rel1.win32_1.0.100.202403111256/tools/bin/../lib/gcc/arm-none-eabi/12.3.1/../../../../arm-none-eabi/lib/thumb/v7-m/nofp\libc_nano.a
LOAD C:/ST/STM32CubeIDE_1.13.0/STM32CubeIDE/plugins/com.st.stm32cube.ide.mcu.externaltools.gnu-tools-for-stm32.12.3.rel1.win32_1.0.100.202403111256/tools/bin/../lib/gcc/arm-none-eabi/12.3.1/../../../../arm-none-eabi/lib/thumb/v7-m/nofp\libnosys.a
END GROUP
LOAD C:/ST/STM32CubeIDE_1.13.0/STM32CubeIDE/plugins/com.st.stm32cube.ide.mcu.externaltools.gnu-tools-for-stm32.12.3.rel1.win32_1.0.100.202403111256/tools/bin/../lib/gcc/arm-none-eabi/12.3.1/thumb/v7-m/nofp/crtend.o
LOAD C:/ST/STM32CubeIDE_1.13.0/STM32CubeIDE/plugins/com.st.stm32cube.ide.mcu.externaltools.gnu-tools-for-stm32.12.3.rel1.win32_1.0.100.202403111256/tools/bin/../lib/gcc/arm-none-eabi/12.3.1/thumb/v7-m/nofp/crtn.o
                0x20005000                        _estack = (ORIGIN (RAM) + LENGTH (RAM))
                0x00000200                        _Min_Heap_Size = 0x200
                0x00000400                        _Min_Stack_Size = 0x400

.isr_vector     0x08000000      0x130
                0x08000000                        . = ALIGN (0x4)
 *(.isr_vector)
 .isr_vector    0x08000000      0x130 ./Startup/startup_stm32f103c8tx.o
                0x08000000                g_pfnVectors
                0x08000130                        . = ALIGN (0x4)

.text           0x08000130     0x36f4
                0x08000130                        . = ALIGN (0x4)
 *(.text)
 .text          0x08000130       0x40 C:/ST/STM32CubeIDE_1.13.0/STM32CubeIDE/plugins/com.st.stm32cube.ide.mcu.externaltools.gnu-tools-for-stm32.12.3.rel1.win32_1.0.100.202403111256/tools/bin/../lib/gcc/arm-none-eabi/12.3.1/thumb/v7-m/nofp/crtbegin.o
 .text          0x08000170      0x378 C:/ST/STM32CubeIDE_1.13.0/STM32CubeIDE/plugins/com.st.stm32cube.ide.mcu.externaltools.gnu-tools-for-stm32.12.3.rel1.win32_1.0.100.202403111256/tools/bin/../lib/gcc/arm-none-eabi/12.3.1/thumb/v7-m/nofp\libgcc.a(_arm_addsubdf3.o)
                0x08000170                __aeabi_drsub
                0x08000178                __aeabi_dsub
                0x08000178                __subdf3
                0x0800017c                __aeabi_dadd
                0x0800017c                __adddf3
                0x080003f4                __floatunsidf
                0x080003f4                __aeabi_ui2d
                0x08000414                __floatsidf
                0x08000414                __aeabi_i2d
                0x08000438                __aeabi_f2d
                0x08000438                __extendsfdf2
                0x0800047c                __floatundidf
                0x0800047c                __aeabi_ul2d
                0x0800048c                __floatdidf
                0x0800048c                __aeabi_l2d
 .text          0x080004e8      0x424 C:/ST/STM32CubeIDE_1.13.0/STM32CubeIDE/plugins/com.st.stm32cube.ide.mcu.externaltools.gnu-tools-for-stm32.12.3.rel1.win32_1.0.100.202403111256/tools/bin/../lib/gcc/arm-none-eabi/12.3.1/thumb/v7-m/nofp\libgcc.a(_arm_muldivdf3.o)
                0x080004e8                __aeabi_dmul
                0x080004e8                __muldf3
                0x0800073c                __divdf3
                0x0800073c                __aeabi_ddiv
 .text          0x0800090c       0x40 C:/ST/STM32CubeIDE_1.13.0/STM32CubeIDE/plugins/com.st.stm32cube.ide.mcu.externaltools.gnu-tools-for-stm32.12.3.rel1.win32_1.0.100.202403111256/tools/bin/../lib/gcc/arm-none-eabi/12.3.1/thumb/v7-m/nofp\libgcc.a(_arm_fixunsdfsi.o)
                0x0800090c                __aeabi_d2uiz
                0x0800090c                __fixunsdfsi
 *(.text*)
 .text.Motor_intialize
                0x0800094c       0x4c ./Src/HAL/DC_Motor/DC_Motor.o
                0x0800094c                Motor_intialize
 .text.Motor_TurnOff
                0x08000998       0x50 ./Src/HAL/DC_Motor/DC_Motor.o
                0x08000998                Motor_TurnOff
 .text.Motor_Move_ForWard
                0x080009e8       0x4a ./Src/HAL/DC_Motor/DC_Motor.o
                0x080009e8                Motor_Move_ForWard
 .text.Motor_Move_BackWard
                0x08000a32       0x4a ./Src/HAL/DC_Motor/DC_Motor.o
                0x08000a32                Motor_Move_BackWard
 .text.LCD_enuInit
                0x08000a7c      0x200 ./Src/HAL/LCD/LCD_Program.o
                0x08000a7c                LCD_enuInit
 .text.LCD_enuWriteAndLatch
                0x08000c7c      0x320 ./Src/HAL/LCD/LCD_Program.o
 .text.LCD_enuSendString
                0x08000f9c       0x48 ./Src/HAL/LCD/LCD_Program.o
                0x08000f9c                LCD_enuSendString
 .text.LCD_enuJumpCursorTo
                0x08000fe4       0x9c ./Src/HAL/LCD/LCD_Program.o
                0x08000fe4                LCD_enuJumpCursorTo
 .text.Stepper_Init
                0x08001080       0x48 ./Src/HAL/Stepper/Stepper.o
                0x08001080                Stepper_Init
 .text.Stepper_Move_Steps
                0x080010c8       0x6c ./Src/HAL/Stepper/Stepper.o
                0x080010c8                Stepper_Move_Steps
 .text.HC_SR04_Init
                0x08001134       0xb4 ./Src/HAL/UltraSonic_HC_SR04/UltraSonic_Program.o
                0x08001134                HC_SR04_Init
 .text.HC_SR04_Trigger
                0x080011e8       0x58 ./Src/HAL/UltraSonic_HC_SR04/UltraSonic_Program.o
 .text.HC_SR04_ReadDistance
                0x08001240       0xdc ./Src/HAL/UltraSonic_HC_SR04/UltraSonic_Program.o
                0x08001240                HC_SR04_ReadDistance
 .text.EXTI0_IRQHandler
                0x0800131c       0x24 ./Src/Stm32_F103C6_Drivers/EXTI/Stm32_F103C6_EXTI_driver.o
                0x0800131c                EXTI0_IRQHandler
 .text.EXTI1_IRQHandler
                0x08001340       0x24 ./Src/Stm32_F103C6_Drivers/EXTI/Stm32_F103C6_EXTI_driver.o
                0x08001340                EXTI1_IRQHandler
 .text.EXTI2_IRQHandler
                0x08001364       0x24 ./Src/Stm32_F103C6_Drivers/EXTI/Stm32_F103C6_EXTI_driver.o
                0x08001364                EXTI2_IRQHandler
 .text.EXTI3_IRQHandler
                0x08001388       0x24 ./Src/Stm32_F103C6_Drivers/EXTI/Stm32_F103C6_EXTI_driver.o
                0x08001388                EXTI3_IRQHandler
 .text.EXTI4_IRQHandler
                0x080013ac       0x24 ./Src/Stm32_F103C6_Drivers/EXTI/Stm32_F103C6_EXTI_driver.o
                0x080013ac                EXTI4_IRQHandler
 .text.EXTI9_5_IRQHandler
                0x080013d0       0xa8 ./Src/Stm32_F103C6_Drivers/EXTI/Stm32_F103C6_EXTI_driver.o
                0x080013d0                EXTI9_5_IRQHandler
 .text.EXTI15_10_IRQHandler
                0x08001478       0xc4 ./Src/Stm32_F103C6_Drivers/EXTI/Stm32_F103C6_EXTI_driver.o
                0x08001478                EXTI15_10_IRQHandler
 .text.Get_CRLH_Position
                0x0800153c      0x170 ./Src/Stm32_F103C6_Drivers/GPIO/Stm32_F103C6_gpio_driver.o
                0x0800153c                Get_CRLH_Position
 .text.MCAL_GPIO_Init
                0x080016ac       0xfe ./Src/Stm32_F103C6_Drivers/GPIO/Stm32_F103C6_gpio_driver.o
                0x080016ac                MCAL_GPIO_Init
 .text.MCAL_GPIO_ReadPin
                0x080017aa       0x2e ./Src/Stm32_F103C6_Drivers/GPIO/Stm32_F103C6_gpio_driver.o
                0x080017aa                MCAL_GPIO_ReadPin
 .text.MCAL_GPIO_WritePin
                0x080017d8       0x2e ./Src/Stm32_F103C6_Drivers/GPIO/Stm32_F103C6_gpio_driver.o
                0x080017d8                MCAL_GPIO_WritePin
 *fill*         0x08001806        0x2 
 .text.I2C1_EV_IRQHandler
                0x08001808       0xf0 ./Src/Stm32_F103C6_Drivers/I2C/Stm32_F103C6_I2C_driver.o
                0x08001808                I2C1_EV_IRQHandler
 .text.I2C1_ER_IRQHandler
                0x080018f8        0xc ./Src/Stm32_F103C6_Drivers/I2C/Stm32_F103C6_I2C_driver.o
                0x080018f8                I2C1_ER_IRQHandler
 .text.I2C2_EV_IRQHandler
                0x08001904        0xc ./Src/Stm32_F103C6_Drivers/I2C/Stm32_F103C6_I2C_driver.o
                0x08001904                I2C2_EV_IRQHandler
 .text.I2C2_ER_IRQHandler
                0x08001910        0xc ./Src/Stm32_F103C6_Drivers/I2C/Stm32_F103C6_I2C_driver.o
                0x08001910                I2C2_ER_IRQHandler
 .text.Slave_States
                0x0800191c       0xe0 ./Src/Stm32_F103C6_Drivers/I2C/Stm32_F103C6_I2C_driver.o
                0x0800191c                Slave_States
 .text.MCAL_RCC_CLK_Init
                0x080019fc      0x1c8 ./Src/Stm32_F103C6_Drivers/RCC/Stm32_F103C6_RCC_driver.o
                0x080019fc                MCAL_RCC_CLK_Init
 .text.TIMER1_Init
                0x08001bc4       0x54 ./Src/Stm32_F103C6_Drivers/TIMER/Stm32_F103C6_TIMER_driver.o
                0x08001bc4                TIMER1_Init
 .text.Delay_Timer1_us
                0x08001c18       0x2c ./Src/Stm32_F103C6_Drivers/TIMER/Stm32_F103C6_TIMER_driver.o
                0x08001c18                Delay_Timer1_us
 .text.Delay_Timer1_ms
                0x08001c44       0x2e ./Src/Stm32_F103C6_Drivers/TIMER/Stm32_F103C6_TIMER_driver.o
                0x08001c44                Delay_Timer1_ms
 *fill*         0x08001c72        0x2 
 .text.PWM      0x08001c74      0x768 ./Src/Stm32_F103C6_Drivers/TIMER/Stm32_F103C6_TIMER_driver.o
                0x08001c74                PWM
 .text.Get_TIMER1_Counter
                0x080023dc       0x14 ./Src/Stm32_F103C6_Drivers/TIMER/Stm32_F103C6_TIMER_driver.o
                0x080023dc                Get_TIMER1_Counter
 .text.TIMER3_Stop
                0x080023f0       0x1c ./Src/Stm32_F103C6_Drivers/TIMER/Stm32_F103C6_TIMER_driver.o
                0x080023f0                TIMER3_Stop
 .text.PWM_Move_Steps
                0x0800240c      0x8b8 ./Src/Stm32_F103C6_Drivers/TIMER/Stm32_F103C6_TIMER_driver.o
                0x0800240c                PWM_Move_Steps
 .text.TIM2_IRQHandler
                0x08002cc4       0x74 ./Src/Stm32_F103C6_Drivers/TIMER/Stm32_F103C6_TIMER_driver.o
                0x08002cc4                TIM2_IRQHandler
 .text.TIM3_IRQHandler
                0x08002d38       0x6c ./Src/Stm32_F103C6_Drivers/TIMER/Stm32_F103C6_TIMER_driver.o
                0x08002d38                TIM3_IRQHandler
 .text.TIM4_IRQHandler
                0x08002da4       0x6c ./Src/Stm32_F103C6_Drivers/TIMER/Stm32_F103C6_TIMER_driver.o
                0x08002da4                TIM4_IRQHandler
 .text.which_UART
                0x08002e10       0x44 ./Src/Stm32_F103C6_Drivers/USART/Stm32_F103C6_USART_driver.o
 .text.MCAL_UART_Init
                0x08002e54      0x1a4 ./Src/Stm32_F103C6_Drivers/USART/Stm32_F103C6_USART_driver.o
                0x08002e54                MCAL_UART_Init
 .text.USART_Disable_IRQ
                0x08002ff8       0x1c ./Src/Stm32_F103C6_Drivers/USART/Stm32_F103C6_USART_driver.o
                0x08002ff8                USART_Disable_IRQ
 .text.USART_Enable_IRQ
                0x08003014       0x1c ./Src/Stm32_F103C6_Drivers/USART/Stm32_F103C6_USART_driver.o
                0x08003014                USART_Enable_IRQ
 .text.MCAL_UART_SendData
                0x08003030       0x3e ./Src/Stm32_F103C6_Drivers/USART/Stm32_F103C6_USART_driver.o
                0x08003030                MCAL_UART_SendData
 *fill*         0x0800306e        0x2 
 .text.MCAL_UART_ReceiveData
                0x08003070       0x70 ./Src/Stm32_F103C6_Drivers/USART/Stm32_F103C6_USART_driver.o
                0x08003070                MCAL_UART_ReceiveData
 .text.MCAL_UART_GPIO_SetPins
                0x080030e0       0xcc ./Src/Stm32_F103C6_Drivers/USART/Stm32_F103C6_USART_driver.o
                0x080030e0                MCAL_UART_GPIO_SetPins
 .text.USART1_IRQHandler
                0x080031ac       0x14 ./Src/Stm32_F103C6_Drivers/USART/Stm32_F103C6_USART_driver.o
                0x080031ac                USART1_IRQHandler
 .text.USART2_IRQHandler
                0x080031c0       0x14 ./Src/Stm32_F103C6_Drivers/USART/Stm32_F103C6_USART_driver.o
                0x080031c0                USART2_IRQHandler
 .text.USART3_IRQHandler
                0x080031d4       0x14 ./Src/Stm32_F103C6_Drivers/USART/Stm32_F103C6_USART_driver.o
                0x080031d4                USART3_IRQHandler
 .text.UART_Receiver_Callback
                0x080031e8       0x70 ./Src/main.o
                0x080031e8                UART_Receiver_Callback
 .text.main     0x08003258      0x518 ./Src/main.o
                0x08003258                main
 .text.Reset_Handler
                0x08003770       0x50 ./Startup/startup_stm32f103c8tx.o
                0x08003770                Reset_Handler
 .text.Default_Handler
                0x080037c0        0x2 ./Startup/startup_stm32f103c8tx.o
                0x080037c0                TIM8_TRG_COM_IRQHandler
                0x080037c0                TIM8_CC_IRQHandler
                0x080037c0                DebugMon_Handler
                0x080037c0                TIM1_CC_IRQHandler
                0x080037c0                HardFault_Handler
                0x080037c0                TIM6_IRQHandler
                0x080037c0                SysTick_Handler
                0x080037c0                PVD_IRQHandler
                0x080037c0                SDIO_IRQHandler
                0x080037c0                PendSV_Handler
                0x080037c0                NMI_Handler
                0x080037c0                USB_HP_CAN_TX_IRQHandler
                0x080037c0                UsageFault_Handler
                0x080037c0                ADC1_2_IRQHandler
                0x080037c0                SPI1_IRQHandler
                0x080037c0                CAN_SCE_IRQHandler
                0x080037c0                TAMPER_IRQHandler
                0x080037c0                TIM8_UP_IRQHandler
                0x080037c0                DMA2_Channel2_IRQHandler
                0x080037c0                DMA1_Channel4_IRQHandler
                0x080037c0                RTC_IRQHandler
                0x080037c0                DMA1_Channel7_IRQHandler
                0x080037c0                UART5_IRQHandler
                0x080037c0                ADC3_IRQHandler
                0x080037c0                CAN_RX1_IRQHandler
                0x080037c0                DMA2_Channel1_IRQHandler
                0x080037c0                DMA1_Channel6_IRQHandler
                0x080037c0                UART4_IRQHandler
                0x080037c0                RCC_IRQHandler
                0x080037c0                TIM1_TRG_COM_IRQHandler
                0x080037c0                DMA1_Channel1_IRQHandler
                0x080037c0                Default_Handler
                0x080037c0                TIM7_IRQHandler
                0x080037c0                TIM5_IRQHandler
                0x080037c0                SPI2_IRQHandler
                0x080037c0                USB_LP_CAN_RX0_IRQHandler
                0x080037c0                MemManage_Handler
                0x080037c0                SVC_Handler
                0x080037c0                DMA1_Channel5_IRQHandler
                0x080037c0                DMA1_Channel3_IRQHandler
                0x080037c0                FSMC_IRQHandler
                0x080037c0                TIM1_UP_IRQHandler
                0x080037c0                WWDG_IRQHandler
                0x080037c0                TIM1_BRK_IRQHandler
                0x080037c0                RTCAlarm_IRQHandler
                0x080037c0                DMA2_Channel4_5_IRQHandler
                0x080037c0                DMA1_Channel2_IRQHandler
                0x080037c0                TIM8_BRK_IRQHandler
                0x080037c0                FLASH_IRQHandler
                0x080037c0                BusFault_Handler
                0x080037c0                SPI3_IRQHandler
                0x080037c0                DMA2_Channel3_IRQHandler
 *fill*         0x080037c2        0x2 
 .text.__libc_init_array
                0x080037c4       0x48 C:/ST/STM32CubeIDE_1.13.0/STM32CubeIDE/plugins/com.st.stm32cube.ide.mcu.externaltools.gnu-tools-for-stm32.12.3.rel1.win32_1.0.100.202403111256/tools/bin/../lib/gcc/arm-none-eabi/12.3.1/../../../../arm-none-eabi/lib/thumb/v7-m/nofp\libc_nano.a(libc_a-init.o)
                0x080037c4                __libc_init_array
 *(.glue_7)
 .glue_7        0x0800380c        0x0 linker stubs
 *(.glue_7t)
 .glue_7t       0x0800380c        0x0 linker stubs
 *(.eh_frame)
 .eh_frame      0x0800380c        0x0 C:/ST/STM32CubeIDE_1.13.0/STM32CubeIDE/plugins/com.st.stm32cube.ide.mcu.externaltools.gnu-tools-for-stm32.12.3.rel1.win32_1.0.100.202403111256/tools/bin/../lib/gcc/arm-none-eabi/12.3.1/thumb/v7-m/nofp/crtbegin.o
 *(.init)
 .init          0x0800380c        0x4 C:/ST/STM32CubeIDE_1.13.0/STM32CubeIDE/plugins/com.st.stm32cube.ide.mcu.externaltools.gnu-tools-for-stm32.12.3.rel1.win32_1.0.100.202403111256/tools/bin/../lib/gcc/arm-none-eabi/12.3.1/thumb/v7-m/nofp/crti.o
                0x0800380c                _init
 .init          0x08003810        0x8 C:/ST/STM32CubeIDE_1.13.0/STM32CubeIDE/plugins/com.st.stm32cube.ide.mcu.externaltools.gnu-tools-for-stm32.12.3.rel1.win32_1.0.100.202403111256/tools/bin/../lib/gcc/arm-none-eabi/12.3.1/thumb/v7-m/nofp/crtn.o
 *(.fini)
 .fini          0x08003818        0x4 C:/ST/STM32CubeIDE_1.13.0/STM32CubeIDE/plugins/com.st.stm32cube.ide.mcu.externaltools.gnu-tools-for-stm32.12.3.rel1.win32_1.0.100.202403111256/tools/bin/../lib/gcc/arm-none-eabi/12.3.1/thumb/v7-m/nofp/crti.o
                0x08003818                _fini
 .fini          0x0800381c        0x8 C:/ST/STM32CubeIDE_1.13.0/STM32CubeIDE/plugins/com.st.stm32cube.ide.mcu.externaltools.gnu-tools-for-stm32.12.3.rel1.win32_1.0.100.202403111256/tools/bin/../lib/gcc/arm-none-eabi/12.3.1/thumb/v7-m/nofp/crtn.o
                0x08003824                        . = ALIGN (0x4)
                0x08003824                        _etext = .

.vfp11_veneer   0x08003824        0x0
 .vfp11_veneer  0x08003824        0x0 linker stubs

.v4_bx          0x08003824        0x0
 .v4_bx         0x08003824        0x0 linker stubs

.iplt           0x08003824        0x0
 .iplt          0x08003824        0x0 C:/ST/STM32CubeIDE_1.13.0/STM32CubeIDE/plugins/com.st.stm32cube.ide.mcu.externaltools.gnu-tools-for-stm32.12.3.rel1.win32_1.0.100.202403111256/tools/bin/../lib/gcc/arm-none-eabi/12.3.1/thumb/v7-m/nofp/crtbegin.o

.rodata         0x08003824       0xac
                0x08003824                        . = ALIGN (0x4)
 *(.rodata)
 .rodata        0x08003824       0x28 ./Src/Stm32_F103C6_Drivers/TIMER/Stm32_F103C6_TIMER_driver.o
 .rodata        0x0800384c       0x81 ./Src/main.o
 *(.rodata*)
                0x080038d0                        . = ALIGN (0x4)
 *fill*         0x080038cd        0x3 

.rel.dyn        0x080038d0        0x0
 .rel.iplt      0x080038d0        0x0 C:/ST/STM32CubeIDE_1.13.0/STM32CubeIDE/plugins/com.st.stm32cube.ide.mcu.externaltools.gnu-tools-for-stm32.12.3.rel1.win32_1.0.100.202403111256/tools/bin/../lib/gcc/arm-none-eabi/12.3.1/thumb/v7-m/nofp/crtbegin.o

.ARM.extab      0x080038d0        0x0
                0x080038d0                        . = ALIGN (0x4)
 *(.ARM.extab* .gnu.linkonce.armextab.*)
                0x080038d0                        . = ALIGN (0x4)

.ARM            0x080038d0        0x0
                0x080038d0                        . = ALIGN (0x4)
                0x080038d0                        __exidx_start = .
 *(.ARM.exidx*)
                0x080038d0                        __exidx_end = .
                0x080038d0                        . = ALIGN (0x4)

.preinit_array  0x080038d0        0x0
                0x080038d0                        . = ALIGN (0x4)
                0x080038d0                        PROVIDE (__preinit_array_start = .)
 *(.preinit_array*)
                0x080038d0                        PROVIDE (__preinit_array_end = .)
                0x080038d0                        . = ALIGN (0x4)

.init_array     0x080038d0        0x4
                0x080038d0                        . = ALIGN (0x4)
                0x080038d0                        PROVIDE (__init_array_start = .)
 *(SORT_BY_NAME(.init_array.*))
 *(.init_array*)
 .init_array    0x080038d0        0x4 C:/ST/STM32CubeIDE_1.13.0/STM32CubeIDE/plugins/com.st.stm32cube.ide.mcu.externaltools.gnu-tools-for-stm32.12.3.rel1.win32_1.0.100.202403111256/tools/bin/../lib/gcc/arm-none-eabi/12.3.1/thumb/v7-m/nofp/crtbegin.o
                0x080038d4                        PROVIDE (__init_array_end = .)
                0x080038d4                        . = ALIGN (0x4)

.fini_array     0x080038d4        0x4
                0x080038d4                        . = ALIGN (0x4)
                [!provide]                        PROVIDE (__fini_array_start = .)
 *(SORT_BY_NAME(.fini_array.*))
 *(.fini_array*)
 .fini_array    0x080038d4        0x4 C:/ST/STM32CubeIDE_1.13.0/STM32CubeIDE/plugins/com.st.stm32cube.ide.mcu.externaltools.gnu-tools-for-stm32.12.3.rel1.win32_1.0.100.202403111256/tools/bin/../lib/gcc/arm-none-eabi/12.3.1/thumb/v7-m/nofp/crtbegin.o
                [!provide]                        PROVIDE (__fini_array_end = .)
                0x080038d8                        . = ALIGN (0x4)
                0x080038d8                        _sidata = LOADADDR (.data)

.data           0x20000000       0x3c load address 0x080038d8
                0x20000000                        . = ALIGN (0x4)
                0x20000000                        _sdata = .
 *(.data)
 *(.data*)
 .data.LCD_Configs
                0x20000000       0x1a ./Src/HAL/LCD/LCD_Config.o
                0x20000000                LCD_Configs
 .data.HC_Num   0x2000001a        0x1 ./Src/HAL/UltraSonic_HC_SR04/UltraSonic_Config.o
                0x2000001a                HC_Num
 *fill*         0x2000001b        0x1 
 .data.UltraSonic_Configs
                0x2000001c       0x18 ./Src/HAL/UltraSonic_HC_SR04/UltraSonic_Config.o
                0x2000001c                UltraSonic_Configs
 .data.Buffer   0x20000034        0x2 ./Src/main.o
                0x20000034                Buffer
 *fill*         0x20000036        0x2 
 .data.Ultra1Distance
                0x20000038        0x4 ./Src/main.o
                0x20000038                Ultra1Distance
 *(.RamFunc)
 *(.RamFunc*)
                0x2000003c                        . = ALIGN (0x4)
                0x2000003c                        _edata = .

.igot.plt       0x2000003c        0x0 load address 0x08003914
 .igot.plt      0x2000003c        0x0 C:/ST/STM32CubeIDE_1.13.0/STM32CubeIDE/plugins/com.st.stm32cube.ide.mcu.externaltools.gnu-tools-for-stm32.12.3.rel1.win32_1.0.100.202403111256/tools/bin/../lib/gcc/arm-none-eabi/12.3.1/thumb/v7-m/nofp/crtbegin.o
                0x2000003c                        . = ALIGN (0x4)

.bss            0x2000003c       0xfc load address 0x08003914
                0x2000003c                        _sbss = .
                0x2000003c                        __bss_start__ = _sbss
 *(.bss)
 .bss           0x2000003c       0x1c C:/ST/STM32CubeIDE_1.13.0/STM32CubeIDE/plugins/com.st.stm32cube.ide.mcu.externaltools.gnu-tools-for-stm32.12.3.rel1.win32_1.0.100.202403111256/tools/bin/../lib/gcc/arm-none-eabi/12.3.1/thumb/v7-m/nofp/crtbegin.o
 *(.bss*)
 .bss.LCD_pstrConfigs
                0x20000058        0x4 ./Src/HAL/LCD/LCD_Program.o
 .bss.Global_Stepper_Pin
                0x2000005c        0x2 ./Src/HAL/Stepper/Stepper.o
 *fill*         0x2000005e        0x2 
 .bss.Private_pConfigs
                0x20000060        0x4 ./Src/HAL/UltraSonic_HC_SR04/UltraSonic_Program.o
 .bss.GP_IRQ_CallBack
                0x20000064       0x3c ./Src/Stm32_F103C6_Drivers/EXTI/Stm32_F103C6_EXTI_driver.o
                0x20000064                GP_IRQ_CallBack
 .bss.Global_I2C_Config
                0x200000a0       0x48 ./Src/Stm32_F103C6_Drivers/I2C/Stm32_F103C6_I2C_driver.o
                0x200000a0                Global_I2C_Config
 .bss.PinStepper_flag
                0x200000e8        0x1 ./Src/Stm32_F103C6_Drivers/TIMER/Stm32_F103C6_TIMER_driver.o
                0x200000e8                PinStepper_flag
 .bss.stepper_Flag
                0x200000e9        0x1 ./Src/Stm32_F103C6_Drivers/TIMER/Stm32_F103C6_TIMER_driver.o
                0x200000e9                stepper_Flag
 .bss.stepper_Steps
                0x200000ea        0x2 ./Src/Stm32_F103C6_Drivers/TIMER/Stm32_F103C6_TIMER_driver.o
                0x200000ea                stepper_Steps
 .bss.Global_UART_Config
                0x200000ec       0x3c ./Src/Stm32_F103C6_Drivers/USART/Stm32_F103C6_USART_driver.o
                0x200000ec                Global_UART_Config
 .bss.RecievedFromServer
                0x20000128        0x1 ./Src/main.o
                0x20000128                RecievedFromServer
 .bss.PreviousReceived
                0x20000129        0x1 ./Src/main.o
                0x20000129                PreviousReceived
 .bss.isRetrieving
                0x2000012a        0x1 ./Src/main.o
                0x2000012a                isRetrieving
 .bss.isAParking
                0x2000012b        0x1 ./Src/main.o
                0x2000012b                isAParking
 .bss.mySendChar
                0x2000012c        0x2 ./Src/main.o
                0x2000012c                mySendChar
 .bss.MyCurrentState
                0x2000012e        0x1 ./Src/main.o
                0x2000012e                MyCurrentState
 .bss.newMessageArrived
                0x2000012f        0x1 ./Src/main.o
                0x2000012f                newMessageArrived
 .bss.initialSeverResponse
                0x20000130        0x1 ./Src/main.o
                0x20000130                initialSeverResponse
 .bss.ProceedParking
                0x20000131        0x1 ./Src/main.o
                0x20000131                ProceedParking
 .bss.DoneHome  0x20000132        0x1 ./Src/main.o
                0x20000132                DoneHome
 .bss.UltraMove
                0x20000133        0x1 ./Src/main.o
                0x20000133                UltraMove
 .bss.Done_Stepper_Up
                0x20000134        0x1 ./Src/main.o
                0x20000134                Done_Stepper_Up
 .bss.Done_Stepper_Down
                0x20000135        0x1 ./Src/main.o
                0x20000135                Done_Stepper_Down
 *(COMMON)
                0x20000138                        . = ALIGN (0x4)
 *fill*         0x20000136        0x2 
                0x20000138                        _ebss = .
                0x20000138                        __bss_end__ = _ebss

._user_heap_stack
                0x20000138      0x600 load address 0x08003914
                0x20000138                        . = ALIGN (0x8)
                [!provide]                        PROVIDE (end = .)
                0x20000138                        PROVIDE (_end = .)
                0x20000338                        . = (. + _Min_Heap_Size)
 *fill*         0x20000138      0x200 
                0x20000738                        . = (. + _Min_Stack_Size)
 *fill*         0x20000338      0x400 
                0x20000738                        . = ALIGN (0x8)

/DISCARD/
 libc.a(*)
 libm.a(*)
 libgcc.a(*)

.ARM.attributes
                0x00000000       0x29
 *(.ARM.attributes)
 .ARM.attributes
                0x00000000       0x1d C:/ST/STM32CubeIDE_1.13.0/STM32CubeIDE/plugins/com.st.stm32cube.ide.mcu.externaltools.gnu-tools-for-stm32.12.3.rel1.win32_1.0.100.202403111256/tools/bin/../lib/gcc/arm-none-eabi/12.3.1/thumb/v7-m/nofp/crti.o
 .ARM.attributes
                0x0000001d       0x2d C:/ST/STM32CubeIDE_1.13.0/STM32CubeIDE/plugins/com.st.stm32cube.ide.mcu.externaltools.gnu-tools-for-stm32.12.3.rel1.win32_1.0.100.202403111256/tools/bin/../lib/gcc/arm-none-eabi/12.3.1/thumb/v7-m/nofp/crtbegin.o
 .ARM.attributes
                0x0000004a       0x2d ./Src/HAL/DC_Motor/DC_Motor.o
 .ARM.attributes
                0x00000077       0x2d ./Src/HAL/LCD/LCD_Config.o
 .ARM.attributes
                0x000000a4       0x2d ./Src/HAL/LCD/LCD_Program.o
 .ARM.attributes
                0x000000d1       0x2d ./Src/HAL/Stepper/Stepper.o
 .ARM.attributes
                0x000000fe       0x2d ./Src/HAL/UltraSonic_HC_SR04/UltraSonic_Config.o
 .ARM.attributes
                0x0000012b       0x2d ./Src/HAL/UltraSonic_HC_SR04/UltraSonic_Program.o
 .ARM.attributes
                0x00000158       0x2d ./Src/Stm32_F103C6_Drivers/EXTI/Stm32_F103C6_EXTI_driver.o
 .ARM.attributes
                0x00000185       0x2d ./Src/Stm32_F103C6_Drivers/GPIO/Stm32_F103C6_gpio_driver.o
 .ARM.attributes
                0x000001b2       0x2d ./Src/Stm32_F103C6_Drivers/I2C/Stm32_F103C6_I2C_driver.o
 .ARM.attributes
                0x000001df       0x2d ./Src/Stm32_F103C6_Drivers/RCC/Stm32_F103C6_RCC_driver.o
 .ARM.attributes
                0x0000020c       0x2d ./Src/Stm32_F103C6_Drivers/TIMER/Stm32_F103C6_TIMER_driver.o
 .ARM.attributes
                0x00000239       0x2d ./Src/Stm32_F103C6_Drivers/USART/Stm32_F103C6_USART_driver.o
 .ARM.attributes
                0x00000266       0x2d ./Src/main.o
 .ARM.attributes
                0x00000293       0x21 ./Startup/startup_stm32f103c8tx.o
 .ARM.attributes
                0x000002b4       0x2d C:/ST/STM32CubeIDE_1.13.0/STM32CubeIDE/plugins/com.st.stm32cube.ide.mcu.externaltools.gnu-tools-for-stm32.12.3.rel1.win32_1.0.100.202403111256/tools/bin/../lib/gcc/arm-none-eabi/12.3.1/../../../../arm-none-eabi/lib/thumb/v7-m/nofp\libc_nano.a(libc_a-init.o)
 .ARM.attributes
                0x000002e1       0x1d C:/ST/STM32CubeIDE_1.13.0/STM32CubeIDE/plugins/com.st.stm32cube.ide.mcu.externaltools.gnu-tools-for-stm32.12.3.rel1.win32_1.0.100.202403111256/tools/bin/../lib/gcc/arm-none-eabi/12.3.1/thumb/v7-m/nofp\libgcc.a(_arm_addsubdf3.o)
 .ARM.attributes
                0x000002fe       0x1d C:/ST/STM32CubeIDE_1.13.0/STM32CubeIDE/plugins/com.st.stm32cube.ide.mcu.externaltools.gnu-tools-for-stm32.12.3.rel1.win32_1.0.100.202403111256/tools/bin/../lib/gcc/arm-none-eabi/12.3.1/thumb/v7-m/nofp\libgcc.a(_arm_muldivdf3.o)
 .ARM.attributes
                0x0000031b       0x1d C:/ST/STM32CubeIDE_1.13.0/STM32CubeIDE/plugins/com.st.stm32cube.ide.mcu.externaltools.gnu-tools-for-stm32.12.3.rel1.win32_1.0.100.202403111256/tools/bin/../lib/gcc/arm-none-eabi/12.3.1/thumb/v7-m/nofp\libgcc.a(_arm_fixunsdfsi.o)
 .ARM.attributes
                0x00000338       0x1d C:/ST/STM32CubeIDE_1.13.0/STM32CubeIDE/plugins/com.st.stm32cube.ide.mcu.externaltools.gnu-tools-for-stm32.12.3.rel1.win32_1.0.100.202403111256/tools/bin/../lib/gcc/arm-none-eabi/12.3.1/thumb/v7-m/nofp/crtn.o
OUTPUT(Liftin_Robot.elf elf32-littlearm)
LOAD linker stubs
LOAD C:/ST/STM32CubeIDE_1.13.0/STM32CubeIDE/plugins/com.st.stm32cube.ide.mcu.externaltools.gnu-tools-for-stm32.12.3.rel1.win32_1.0.100.202403111256/tools/bin/../lib/gcc/arm-none-eabi/12.3.1/../../../../arm-none-eabi/lib/thumb/v7-m/nofp\libc.a
LOAD C:/ST/STM32CubeIDE_1.13.0/STM32CubeIDE/plugins/com.st.stm32cube.ide.mcu.externaltools.gnu-tools-for-stm32.12.3.rel1.win32_1.0.100.202403111256/tools/bin/../lib/gcc/arm-none-eabi/12.3.1/../../../../arm-none-eabi/lib/thumb/v7-m/nofp\libm.a
LOAD C:/ST/STM32CubeIDE_1.13.0/STM32CubeIDE/plugins/com.st.stm32cube.ide.mcu.externaltools.gnu-tools-for-stm32.12.3.rel1.win32_1.0.100.202403111256/tools/bin/../lib/gcc/arm-none-eabi/12.3.1/thumb/v7-m/nofp\libgcc.a

.debug_info     0x00000000     0x4b4b
 .debug_info    0x00000000      0x4f5 ./Src/HAL/DC_Motor/DC_Motor.o
 .debug_info    0x000004f5      0x19e ./Src/HAL/LCD/LCD_Config.o
 .debug_info    0x00000693      0x8e2 ./Src/HAL/LCD/LCD_Program.o
 .debug_info    0x00000f75      0x43b ./Src/HAL/Stepper/Stepper.o
 .debug_info    0x000013b0      0x1ab ./Src/HAL/UltraSonic_HC_SR04/UltraSonic_Config.o
 .debug_info    0x0000155b      0x3cf ./Src/HAL/UltraSonic_HC_SR04/UltraSonic_Program.o
 .debug_info    0x0000192a      0x477 ./Src/Stm32_F103C6_Drivers/EXTI/Stm32_F103C6_EXTI_driver.o
 .debug_info    0x00001da1      0x40f ./Src/Stm32_F103C6_Drivers/GPIO/Stm32_F103C6_gpio_driver.o
 .debug_info    0x000021b0      0x947 ./Src/Stm32_F103C6_Drivers/I2C/Stm32_F103C6_I2C_driver.o
 .debug_info    0x00002af7      0x2ec ./Src/Stm32_F103C6_Drivers/RCC/Stm32_F103C6_RCC_driver.o
 .debug_info    0x00002de3      0xad3 ./Src/Stm32_F103C6_Drivers/TIMER/Stm32_F103C6_TIMER_driver.o
 .debug_info    0x000038b6      0x58f ./Src/Stm32_F103C6_Drivers/USART/Stm32_F103C6_USART_driver.o
 .debug_info    0x00003e45      0xcd6 ./Src/main.o
 .debug_info    0x00004b1b       0x30 ./Startup/startup_stm32f103c8tx.o

.debug_abbrev   0x00000000     0x1480
 .debug_abbrev  0x00000000      0x183 ./Src/HAL/DC_Motor/DC_Motor.o
 .debug_abbrev  0x00000183       0x87 ./Src/HAL/LCD/LCD_Config.o
 .debug_abbrev  0x0000020a      0x1bb ./Src/HAL/LCD/LCD_Program.o
 .debug_abbrev  0x000003c5      0x156 ./Src/HAL/Stepper/Stepper.o
 .debug_abbrev  0x0000051b       0xa1 ./Src/HAL/UltraSonic_HC_SR04/UltraSonic_Config.o
 .debug_abbrev  0x000005bc      0x17d ./Src/HAL/UltraSonic_HC_SR04/UltraSonic_Program.o
 .debug_abbrev  0x00000739      0x183 ./Src/Stm32_F103C6_Drivers/EXTI/Stm32_F103C6_EXTI_driver.o
 .debug_abbrev  0x000008bc      0x172 ./Src/Stm32_F103C6_Drivers/GPIO/Stm32_F103C6_gpio_driver.o
 .debug_abbrev  0x00000a2e      0x23a ./Src/Stm32_F103C6_Drivers/I2C/Stm32_F103C6_I2C_driver.o
 .debug_abbrev  0x00000c68      0x13d ./Src/Stm32_F103C6_Drivers/RCC/Stm32_F103C6_RCC_driver.o
 .debug_abbrev  0x00000da5      0x2aa ./Src/Stm32_F103C6_Drivers/TIMER/Stm32_F103C6_TIMER_driver.o
 .debug_abbrev  0x0000104f      0x1e1 ./Src/Stm32_F103C6_Drivers/USART/Stm32_F103C6_USART_driver.o
 .debug_abbrev  0x00001230      0x22c ./Src/main.o
 .debug_abbrev  0x0000145c       0x24 ./Startup/startup_stm32f103c8tx.o

.debug_aranges  0x00000000      0x4b8
 .debug_aranges
                0x00000000       0x48 ./Src/HAL/DC_Motor/DC_Motor.o
 .debug_aranges
                0x00000048       0x18 ./Src/HAL/LCD/LCD_Config.o
 .debug_aranges
                0x00000060       0x80 ./Src/HAL/LCD/LCD_Program.o
 .debug_aranges
                0x000000e0       0x28 ./Src/HAL/Stepper/Stepper.o
 .debug_aranges
                0x00000108       0x18 ./Src/HAL/UltraSonic_HC_SR04/UltraSonic_Config.o
 .debug_aranges
                0x00000120       0x30 ./Src/HAL/UltraSonic_HC_SR04/UltraSonic_Program.o
 .debug_aranges
                0x00000150       0x80 ./Src/Stm32_F103C6_Drivers/EXTI/Stm32_F103C6_EXTI_driver.o
 .debug_aranges
                0x000001d0       0x60 ./Src/Stm32_F103C6_Drivers/GPIO/Stm32_F103C6_gpio_driver.o
 .debug_aranges
                0x00000230       0xa0 ./Src/Stm32_F103C6_Drivers/I2C/Stm32_F103C6_I2C_driver.o
 .debug_aranges
                0x000002d0       0x40 ./Src/Stm32_F103C6_Drivers/RCC/Stm32_F103C6_RCC_driver.o
 .debug_aranges
                0x00000310       0xc8 ./Src/Stm32_F103C6_Drivers/TIMER/Stm32_F103C6_TIMER_driver.o
 .debug_aranges
                0x000003d8       0x80 ./Src/Stm32_F103C6_Drivers/USART/Stm32_F103C6_USART_driver.o
 .debug_aranges
                0x00000458       0x38 ./Src/main.o
 .debug_aranges
                0x00000490       0x28 ./Startup/startup_stm32f103c8tx.o

.debug_rnglists
                0x00000000      0x34c
 .debug_rnglists
                0x00000000       0x31 ./Src/HAL/DC_Motor/DC_Motor.o
 .debug_rnglists
                0x00000031       0x62 ./Src/HAL/LCD/LCD_Program.o
 .debug_rnglists
                0x00000093       0x19 ./Src/HAL/Stepper/Stepper.o
 .debug_rnglists
                0x000000ac       0x21 ./Src/HAL/UltraSonic_HC_SR04/UltraSonic_Program.o
 .debug_rnglists
                0x000000cd       0x61 ./Src/Stm32_F103C6_Drivers/EXTI/Stm32_F103C6_EXTI_driver.o
 .debug_rnglists
                0x0000012e       0x46 ./Src/Stm32_F103C6_Drivers/GPIO/Stm32_F103C6_gpio_driver.o
 .debug_rnglists
                0x00000174       0x7b ./Src/Stm32_F103C6_Drivers/I2C/Stm32_F103C6_I2C_driver.o
 .debug_rnglists
                0x000001ef       0x2c ./Src/Stm32_F103C6_Drivers/RCC/Stm32_F103C6_RCC_driver.o
 .debug_rnglists
                0x0000021b       0x93 ./Src/Stm32_F103C6_Drivers/TIMER/Stm32_F103C6_TIMER_driver.o
 .debug_rnglists
                0x000002ae       0x5e ./Src/Stm32_F103C6_Drivers/USART/Stm32_F103C6_USART_driver.o
 .debug_rnglists
                0x0000030c       0x27 ./Src/main.o
 .debug_rnglists
                0x00000333       0x19 ./Startup/startup_stm32f103c8tx.o

.debug_macro    0x00000000     0x3a98
 .debug_macro   0x00000000      0x16d ./Src/HAL/DC_Motor/DC_Motor.o
 .debug_macro   0x0000016d      0xaae ./Src/HAL/DC_Motor/DC_Motor.o
 .debug_macro   0x00000c1b       0x24 ./Src/HAL/DC_Motor/DC_Motor.o
 .debug_macro   0x00000c3f       0x22 ./Src/HAL/DC_Motor/DC_Motor.o
 .debug_macro   0x00000c61       0x5b ./Src/HAL/DC_Motor/DC_Motor.o
 .debug_macro   0x00000cbc       0x94 ./Src/HAL/DC_Motor/DC_Motor.o
 .debug_macro   0x00000d50       0x43 ./Src/HAL/DC_Motor/DC_Motor.o
 .debug_macro   0x00000d93       0x34 ./Src/HAL/DC_Motor/DC_Motor.o
 .debug_macro   0x00000dc7       0x16 ./Src/HAL/DC_Motor/DC_Motor.o
 .debug_macro   0x00000ddd      0x11c ./Src/HAL/DC_Motor/DC_Motor.o
 .debug_macro   0x00000ef9       0x94 ./Src/HAL/DC_Motor/DC_Motor.o
 .debug_macro   0x00000f8d       0x16 ./Src/HAL/DC_Motor/DC_Motor.o
 .debug_macro   0x00000fa3       0x43 ./Src/HAL/DC_Motor/DC_Motor.o
 .debug_macro   0x00000fe6       0x57 ./Src/HAL/DC_Motor/DC_Motor.o
 .debug_macro   0x0000103d       0x34 ./Src/HAL/DC_Motor/DC_Motor.o
 .debug_macro   0x00001071       0x10 ./Src/HAL/DC_Motor/DC_Motor.o
 .debug_macro   0x00001081       0x58 ./Src/HAL/DC_Motor/DC_Motor.o
 .debug_macro   0x000010d9       0x8e ./Src/HAL/DC_Motor/DC_Motor.o
 .debug_macro   0x00001167       0x1c ./Src/HAL/DC_Motor/DC_Motor.o
 .debug_macro   0x00001183      0x177 ./Src/HAL/DC_Motor/DC_Motor.o
 .debug_macro   0x000012fa      0x369 ./Src/HAL/DC_Motor/DC_Motor.o
 .debug_macro   0x00001663       0x16 ./Src/HAL/DC_Motor/DC_Motor.o
 .debug_macro   0x00001679       0x29 ./Src/HAL/DC_Motor/DC_Motor.o
 .debug_macro   0x000016a2      0x103 ./Src/HAL/DC_Motor/DC_Motor.o
 .debug_macro   0x000017a5       0x6a ./Src/HAL/DC_Motor/DC_Motor.o
 .debug_macro   0x0000180f      0x1df ./Src/HAL/DC_Motor/DC_Motor.o
 .debug_macro   0x000019ee      0x786 ./Src/HAL/DC_Motor/DC_Motor.o
 .debug_macro   0x00002174       0xd0 ./Src/HAL/DC_Motor/DC_Motor.o
 .debug_macro   0x00002244       0x16 ./Src/HAL/DC_Motor/DC_Motor.o
 .debug_macro   0x0000225a      0x17b ./Src/HAL/LCD/LCD_Config.o
 .debug_macro   0x000023d5      0x18e ./Src/HAL/LCD/LCD_Program.o
 .debug_macro   0x00002563       0xca ./Src/HAL/LCD/LCD_Program.o
 .debug_macro   0x0000262d      0x16d ./Src/HAL/Stepper/Stepper.o
 .debug_macro   0x0000279a      0x185 ./Src/HAL/UltraSonic_HC_SR04/UltraSonic_Config.o
 .debug_macro   0x0000291f      0x189 ./Src/HAL/UltraSonic_HC_SR04/UltraSonic_Program.o
 .debug_macro   0x00002aa8      0x15f ./Src/Stm32_F103C6_Drivers/EXTI/Stm32_F103C6_EXTI_driver.o
 .debug_macro   0x00002c07      0x229 ./Src/Stm32_F103C6_Drivers/EXTI/Stm32_F103C6_EXTI_driver.o
 .debug_macro   0x00002e30      0x14c ./Src/Stm32_F103C6_Drivers/GPIO/Stm32_F103C6_gpio_driver.o
 .debug_macro   0x00002f7c      0x16a ./Src/Stm32_F103C6_Drivers/I2C/Stm32_F103C6_I2C_driver.o
 .debug_macro   0x000030e6      0x14c ./Src/Stm32_F103C6_Drivers/RCC/Stm32_F103C6_RCC_driver.o
 .debug_macro   0x00003232       0x10 ./Src/Stm32_F103C6_Drivers/RCC/Stm32_F103C6_RCC_driver.o
 .debug_macro   0x00003242      0x159 ./Src/Stm32_F103C6_Drivers/TIMER/Stm32_F103C6_TIMER_driver.o
 .debug_macro   0x0000339b      0x15e ./Src/Stm32_F103C6_Drivers/USART/Stm32_F103C6_USART_driver.o
 .debug_macro   0x000034f9       0xe2 ./Src/Stm32_F103C6_Drivers/USART/Stm32_F103C6_USART_driver.o
 .debug_macro   0x000035db      0x295 ./Src/main.o
 .debug_macro   0x00003870       0x8e ./Src/main.o
 .debug_macro   0x000038fe       0x51 ./Src/main.o
 .debug_macro   0x0000394f       0x61 ./Src/main.o
 .debug_macro   0x000039b0       0xe8 ./Src/main.o

.debug_line     0x00000000     0x783c
 .debug_line    0x00000000      0x6e5 ./Src/HAL/DC_Motor/DC_Motor.o
 .debug_line    0x000006e5      0x61e ./Src/HAL/LCD/LCD_Config.o
 .debug_line    0x00000d03      0xc33 ./Src/HAL/LCD/LCD_Program.o
 .debug_line    0x00001936      0x65f ./Src/HAL/Stepper/Stepper.o
 .debug_line    0x00001f95      0x64a ./Src/HAL/UltraSonic_HC_SR04/UltraSonic_Config.o
 .debug_line    0x000025df      0x77d ./Src/HAL/UltraSonic_HC_SR04/UltraSonic_Program.o
 .debug_line    0x00002d5c      0xac0 ./Src/Stm32_F103C6_Drivers/EXTI/Stm32_F103C6_EXTI_driver.o
 .debug_line    0x0000381c      0x856 ./Src/Stm32_F103C6_Drivers/GPIO/Stm32_F103C6_gpio_driver.o
 .debug_line    0x00004072      0xaf9 ./Src/Stm32_F103C6_Drivers/I2C/Stm32_F103C6_I2C_driver.o
 .debug_line    0x00004b6b      0x768 ./Src/Stm32_F103C6_Drivers/RCC/Stm32_F103C6_RCC_driver.o
 .debug_line    0x000052d3     0x1001 ./Src/Stm32_F103C6_Drivers/TIMER/Stm32_F103C6_TIMER_driver.o
 .debug_line    0x000062d4      0x8fe ./Src/Stm32_F103C6_Drivers/USART/Stm32_F103C6_USART_driver.o
 .debug_line    0x00006bd2      0xbef ./Src/main.o
 .debug_line    0x000077c1       0x7b ./Startup/startup_stm32f103c8tx.o

.debug_str      0x00000000     0xd3f1
 .debug_str     0x00000000     0x9dde ./Src/HAL/DC_Motor/DC_Motor.o
                               0x9ff9 (size before relaxing)
 .debug_str     0x00009dde       0xd6 ./Src/HAL/LCD/LCD_Config.o
                               0x9e15 (size before relaxing)
 .debug_str     0x00009eb4      0x62e ./Src/HAL/LCD/LCD_Program.o
                               0xa521 (size before relaxing)
 .debug_str     0x0000a4e2       0xd9 ./Src/HAL/Stepper/Stepper.o
                               0x9fbe (size before relaxing)
 .debug_str     0x0000a5bb       0xcf ./Src/HAL/UltraSonic_HC_SR04/UltraSonic_Config.o
                               0x9e48 (size before relaxing)
 .debug_str     0x0000a68a      0x12a ./Src/HAL/UltraSonic_HC_SR04/UltraSonic_Program.o
                               0xa04e (size before relaxing)
 .debug_str     0x0000a7b4     0x140b ./Src/Stm32_F103C6_Drivers/EXTI/Stm32_F103C6_EXTI_driver.o
                               0xb149 (size before relaxing)
 .debug_str     0x0000bbbf      0x12e ./Src/Stm32_F103C6_Drivers/GPIO/Stm32_F103C6_gpio_driver.o
                               0x9e81 (size before relaxing)
 .debug_str     0x0000bced      0x6ae ./Src/Stm32_F103C6_Drivers/I2C/Stm32_F103C6_I2C_driver.o
                               0xa492 (size before relaxing)
 .debug_str     0x0000c39b      0x169 ./Src/Stm32_F103C6_Drivers/RCC/Stm32_F103C6_RCC_driver.o
                               0x9b02 (size before relaxing)
 .debug_str     0x0000c504      0x18d ./Src/Stm32_F103C6_Drivers/TIMER/Stm32_F103C6_TIMER_driver.o
                               0xa0ee (size before relaxing)
 .debug_str     0x0000c691      0x7f8 ./Src/Stm32_F103C6_Drivers/USART/Stm32_F103C6_USART_driver.o
                               0xa5ea (size before relaxing)
 .debug_str     0x0000ce89      0x529 ./Src/main.o
                               0xaebe (size before relaxing)
 .debug_str     0x0000d3b2       0x3f ./Startup/startup_stm32f103c8tx.o
                                 0x82 (size before relaxing)

.comment        0x00000000       0x43
 .comment       0x00000000       0x43 ./Src/HAL/DC_Motor/DC_Motor.o
                                 0x44 (size before relaxing)
 .comment       0x00000043       0x44 ./Src/HAL/LCD/LCD_Config.o
 .comment       0x00000043       0x44 ./Src/HAL/LCD/LCD_Program.o
 .comment       0x00000043       0x44 ./Src/HAL/Stepper/Stepper.o
 .comment       0x00000043       0x44 ./Src/HAL/UltraSonic_HC_SR04/UltraSonic_Config.o
 .comment       0x00000043       0x44 ./Src/HAL/UltraSonic_HC_SR04/UltraSonic_Program.o
 .comment       0x00000043       0x44 ./Src/Stm32_F103C6_Drivers/EXTI/Stm32_F103C6_EXTI_driver.o
 .comment       0x00000043       0x44 ./Src/Stm32_F103C6_Drivers/GPIO/Stm32_F103C6_gpio_driver.o
 .comment       0x00000043       0x44 ./Src/Stm32_F103C6_Drivers/I2C/Stm32_F103C6_I2C_driver.o
 .comment       0x00000043       0x44 ./Src/Stm32_F103C6_Drivers/RCC/Stm32_F103C6_RCC_driver.o
 .comment       0x00000043       0x44 ./Src/Stm32_F103C6_Drivers/TIMER/Stm32_F103C6_TIMER_driver.o
 .comment       0x00000043       0x44 ./Src/Stm32_F103C6_Drivers/USART/Stm32_F103C6_USART_driver.o
 .comment       0x00000043       0x44 ./Src/main.o

.debug_frame    0x00000000     0x10e0
 .debug_frame   0x00000000       0xe8 ./Src/HAL/DC_Motor/DC_Motor.o
 .debug_frame   0x000000e8      0x1ec ./Src/HAL/LCD/LCD_Program.o
 .debug_frame   0x000002d4       0x58 ./Src/HAL/Stepper/Stepper.o
 .debug_frame   0x0000032c       0x7c ./Src/HAL/UltraSonic_HC_SR04/UltraSonic_Program.o
 .debug_frame   0x000003a8      0x1b0 ./Src/Stm32_F103C6_Drivers/EXTI/Stm32_F103C6_EXTI_driver.o
 .debug_frame   0x00000558      0x178 ./Src/Stm32_F103C6_Drivers/GPIO/Stm32_F103C6_gpio_driver.o
 .debug_frame   0x000006d0      0x288 ./Src/Stm32_F103C6_Drivers/I2C/Stm32_F103C6_I2C_driver.o
 .debug_frame   0x00000958       0xac ./Src/Stm32_F103C6_Drivers/RCC/Stm32_F103C6_RCC_driver.o
 .debug_frame   0x00000a04      0x31c ./Src/Stm32_F103C6_Drivers/TIMER/Stm32_F103C6_TIMER_driver.o
 .debug_frame   0x00000d20      0x1d8 ./Src/Stm32_F103C6_Drivers/USART/Stm32_F103C6_USART_driver.o
 .debug_frame   0x00000ef8       0x9c ./Src/main.o
 .debug_frame   0x00000f94       0x2c C:/ST/STM32CubeIDE_1.13.0/STM32CubeIDE/plugins/com.st.stm32cube.ide.mcu.externaltools.gnu-tools-for-stm32.12.3.rel1.win32_1.0.100.202403111256/tools/bin/../lib/gcc/arm-none-eabi/12.3.1/../../../../arm-none-eabi/lib/thumb/v7-m/nofp\libc_nano.a(libc_a-init.o)
 .debug_frame   0x00000fc0       0xac C:/ST/STM32CubeIDE_1.13.0/STM32CubeIDE/plugins/com.st.stm32cube.ide.mcu.externaltools.gnu-tools-for-stm32.12.3.rel1.win32_1.0.100.202403111256/tools/bin/../lib/gcc/arm-none-eabi/12.3.1/thumb/v7-m/nofp\libgcc.a(_arm_addsubdf3.o)
 .debug_frame   0x0000106c       0x50 C:/ST/STM32CubeIDE_1.13.0/STM32CubeIDE/plugins/com.st.stm32cube.ide.mcu.externaltools.gnu-tools-for-stm32.12.3.rel1.win32_1.0.100.202403111256/tools/bin/../lib/gcc/arm-none-eabi/12.3.1/thumb/v7-m/nofp\libgcc.a(_arm_muldivdf3.o)
 .debug_frame   0x000010bc       0x24 C:/ST/STM32CubeIDE_1.13.0/STM32CubeIDE/plugins/com.st.stm32cube.ide.mcu.externaltools.gnu-tools-for-stm32.12.3.rel1.win32_1.0.100.202403111256/tools/bin/../lib/gcc/arm-none-eabi/12.3.1/thumb/v7-m/nofp\libgcc.a(_arm_fixunsdfsi.o)

.debug_line_str
                0x00000000       0x66
 .debug_line_str
                0x00000000       0x66 ./Startup/startup_stm32f103c8tx.o
