../Src/Stm32_F103C6_Drivers/USART/Stm32_F103C6_USART_driver.c:18:16:which_UART	16	static
../Src/Stm32_F103C6_Drivers/USART/Stm32_F103C6_USART_driver.c:40:6:MCAL_UART_Init	32	static
../Src/Stm32_F103C6_Drivers/USART/Stm32_F103C6_USART_driver.c:116:6:USART_Disable_IRQ	4	static
../Src/Stm32_F103C6_Drivers/USART/Stm32_F103C6_USART_driver.c:123:6:USART_Enable_IRQ	4	static
../Src/Stm32_F103C6_Drivers/USART/Stm32_F103C6_USART_driver.c:139:6:MCAL_UART_DeInit	16	static
../Src/Stm32_F103C6_Drivers/USART/Stm32_F103C6_USART_driver.c:178:6:MCAL_UART_SendData	32	static
../Src/Stm32_F103C6_Drivers/USART/Stm32_F103C6_USART_driver.c:208:6:MCAL_UART_SendString	32	static
../Src/Stm32_F103C6_Drivers/USART/Stm32_F103C6_USART_driver.c:233:6:MCAL_UART_WAIT_TC	16	static
../Src/Stm32_F103C6_Drivers/USART/Stm32_F103C6_USART_driver.c:255:6:MCAL_UART_ReceiveData	32	static
../Src/Stm32_F103C6_Drivers/USART/Stm32_F103C6_USART_driver.c:302:6:MCAL_UART_GPIO_SetPins	24	static
../Src/Stm32_F103C6_Drivers/USART/Stm32_F103C6_USART_driver.c:419:6:USART1_IRQHandler	8	static
../Src/Stm32_F103C6_Drivers/USART/Stm32_F103C6_USART_driver.c:424:6:USART2_IRQHandler	8	static
../Src/Stm32_F103C6_Drivers/USART/Stm32_F103C6_USART_driver.c:429:6:USART3_IRQHandler	8	static
