Archive member included to satisfy reference by file (symbol)

C:/ST/STM32CubeIDE_1.13.0/STM32CubeIDE/plugins/com.st.stm32cube.ide.mcu.externaltools.gnu-tools-for-stm32.12.3.rel1.win32_1.0.100.202403111256/tools/bin/../lib/gcc/arm-none-eabi/12.3.1/../../../../arm-none-eabi/lib/thumb/v7-m/nofp\libc_nano.a(libc_a-exit.o)
                              C:/ST/STM32CubeIDE_1.13.0/STM32CubeIDE/plugins/com.st.stm32cube.ide.mcu.externaltools.gnu-tools-for-stm32.12.3.rel1.win32_1.0.100.202403111256/tools/bin/../lib/gcc/arm-none-eabi/12.3.1/../../../../arm-none-eabi/lib/thumb/v7-m/nofp/crt0.o (exit)
C:/ST/STM32CubeIDE_1.13.0/STM32CubeIDE/plugins/com.st.stm32cube.ide.mcu.externaltools.gnu-tools-for-stm32.12.3.rel1.win32_1.0.100.202403111256/tools/bin/../lib/gcc/arm-none-eabi/12.3.1/../../../../arm-none-eabi/lib/thumb/v7-m/nofp\libc_nano.a(libc_a-findfp.o)
                              C:/ST/STM32CubeIDE_1.13.0/STM32CubeIDE/plugins/com.st.stm32cube.ide.mcu.externaltools.gnu-tools-for-stm32.12.3.rel1.win32_1.0.100.202403111256/tools/bin/../lib/gcc/arm-none-eabi/12.3.1/../../../../arm-none-eabi/lib/thumb/v7-m/nofp\libc_nano.a(libc_a-exit.o) (__stdio_exit_handler)
C:/ST/STM32CubeIDE_1.13.0/STM32CubeIDE/plugins/com.st.stm32cube.ide.mcu.externaltools.gnu-tools-for-stm32.12.3.rel1.win32_1.0.100.202403111256/tools/bin/../lib/gcc/arm-none-eabi/12.3.1/../../../../arm-none-eabi/lib/thumb/v7-m/nofp\libc_nano.a(libc_a-fwalk.o)
                              C:/ST/STM32CubeIDE_1.13.0/STM32CubeIDE/plugins/com.st.stm32cube.ide.mcu.externaltools.gnu-tools-for-stm32.12.3.rel1.win32_1.0.100.202403111256/tools/bin/../lib/gcc/arm-none-eabi/12.3.1/../../../../arm-none-eabi/lib/thumb/v7-m/nofp\libc_nano.a(libc_a-findfp.o) (_fwalk_sglue)
C:/ST/STM32CubeIDE_1.13.0/STM32CubeIDE/plugins/com.st.stm32cube.ide.mcu.externaltools.gnu-tools-for-stm32.12.3.rel1.win32_1.0.100.202403111256/tools/bin/../lib/gcc/arm-none-eabi/12.3.1/../../../../arm-none-eabi/lib/thumb/v7-m/nofp\libc_nano.a(libc_a-sprintf.o)
                              ./Src/HAL/MPU6050/MPU6050.o (sprintf)
C:/ST/STM32CubeIDE_1.13.0/STM32CubeIDE/plugins/com.st.stm32cube.ide.mcu.externaltools.gnu-tools-for-stm32.12.3.rel1.win32_1.0.100.202403111256/tools/bin/../lib/gcc/arm-none-eabi/12.3.1/../../../../arm-none-eabi/lib/thumb/v7-m/nofp\libc_nano.a(libc_a-stdio.o)
                              C:/ST/STM32CubeIDE_1.13.0/STM32CubeIDE/plugins/com.st.stm32cube.ide.mcu.externaltools.gnu-tools-for-stm32.12.3.rel1.win32_1.0.100.202403111256/tools/bin/../lib/gcc/arm-none-eabi/12.3.1/../../../../arm-none-eabi/lib/thumb/v7-m/nofp\libc_nano.a(libc_a-findfp.o) (__sread)
C:/ST/STM32CubeIDE_1.13.0/STM32CubeIDE/plugins/com.st.stm32cube.ide.mcu.externaltools.gnu-tools-for-stm32.12.3.rel1.win32_1.0.100.202403111256/tools/bin/../lib/gcc/arm-none-eabi/12.3.1/../../../../arm-none-eabi/lib/thumb/v7-m/nofp\libc_nano.a(libc_a-memset.o)
                              C:/ST/STM32CubeIDE_1.13.0/STM32CubeIDE/plugins/com.st.stm32cube.ide.mcu.externaltools.gnu-tools-for-stm32.12.3.rel1.win32_1.0.100.202403111256/tools/bin/../lib/gcc/arm-none-eabi/12.3.1/../../../../arm-none-eabi/lib/thumb/v7-m/nofp/crt0.o (memset)
C:/ST/STM32CubeIDE_1.13.0/STM32CubeIDE/plugins/com.st.stm32cube.ide.mcu.externaltools.gnu-tools-for-stm32.12.3.rel1.win32_1.0.100.202403111256/tools/bin/../lib/gcc/arm-none-eabi/12.3.1/../../../../arm-none-eabi/lib/thumb/v7-m/nofp\libc_nano.a(libc_a-closer.o)
                              C:/ST/STM32CubeIDE_1.13.0/STM32CubeIDE/plugins/com.st.stm32cube.ide.mcu.externaltools.gnu-tools-for-stm32.12.3.rel1.win32_1.0.100.202403111256/tools/bin/../lib/gcc/arm-none-eabi/12.3.1/../../../../arm-none-eabi/lib/thumb/v7-m/nofp\libc_nano.a(libc_a-stdio.o) (_close_r)
C:/ST/STM32CubeIDE_1.13.0/STM32CubeIDE/plugins/com.st.stm32cube.ide.mcu.externaltools.gnu-tools-for-stm32.12.3.rel1.win32_1.0.100.202403111256/tools/bin/../lib/gcc/arm-none-eabi/12.3.1/../../../../arm-none-eabi/lib/thumb/v7-m/nofp\libc_nano.a(libc_a-reent.o)
                              C:/ST/STM32CubeIDE_1.13.0/STM32CubeIDE/plugins/com.st.stm32cube.ide.mcu.externaltools.gnu-tools-for-stm32.12.3.rel1.win32_1.0.100.202403111256/tools/bin/../lib/gcc/arm-none-eabi/12.3.1/../../../../arm-none-eabi/lib/thumb/v7-m/nofp\libc_nano.a(libc_a-closer.o) (errno)
C:/ST/STM32CubeIDE_1.13.0/STM32CubeIDE/plugins/com.st.stm32cube.ide.mcu.externaltools.gnu-tools-for-stm32.12.3.rel1.win32_1.0.100.202403111256/tools/bin/../lib/gcc/arm-none-eabi/12.3.1/../../../../arm-none-eabi/lib/thumb/v7-m/nofp\libc_nano.a(libc_a-impure.o)
                              C:/ST/STM32CubeIDE_1.13.0/STM32CubeIDE/plugins/com.st.stm32cube.ide.mcu.externaltools.gnu-tools-for-stm32.12.3.rel1.win32_1.0.100.202403111256/tools/bin/../lib/gcc/arm-none-eabi/12.3.1/../../../../arm-none-eabi/lib/thumb/v7-m/nofp\libc_nano.a(libc_a-sprintf.o) (_impure_ptr)
[...]
Memory Configuration

Name             Origin             Length             Attributes
RAM              0x20000000         0x00005000         xrw
FLASH            0x08000000         0x00010000         xr
*default*        0x00000000         0xffffffff

Linker script and memory map

LOAD C:/ST/STM32CubeIDE_1.13.0/STM32CubeIDE/plugins/com.st.stm32cube.ide.mcu.externaltools.gnu-tools-for-stm32.12.3.rel1.win32_1.0.100.202403111256/tools/bin/../lib/gcc/arm-none-eabi/12.3.1/thumb/v7-m/nofp/crti.o
LOAD C:/ST/STM32CubeIDE_1.13.0/STM32CubeIDE/plugins/com.st.stm32cube.ide.mcu.externaltools.gnu-tools-for-stm32.12.3.rel1.win32_1.0.100.202403111256/tools/bin/../lib/gcc/arm-none-eabi/12.3.1/thumb/v7-m/nofp/crtbegin.o
LOAD C:/ST/STM32CubeIDE_1.13.0/STM32CubeIDE/plugins/com.st.stm32cube.ide.mcu.externaltools.gnu-tools-for-stm32.12.3.rel1.win32_1.0.100.202403111256/tools/bin/../lib/gcc/arm-none-eabi/12.3.1/../../../../arm-none-eabi/lib/thumb/v7-m/nofp/crt0.o
LOAD ./Src/HAL/DC_Motor/DC_Motor.o
LOAD ./Src/HAL/LCD/LCD_Config.o
LOAD ./Src/HAL/LCD/LCD_Program.o
LOAD ./Src/HAL/LED/LED.o
LOAD ./Src/HAL/MPU6050/MPU6050.o
LOAD ./Src/HAL/Stepper/Stepper.o
LOAD ./Src/HAL/UltraSonic_HC_SR04/UltraSonic_Config.o
LOAD ./Src/HAL/UltraSonic_HC_SR04/UltraSonic_Program.o
LOAD ./Src/Stm32_F103C6_Drivers/EXTI/Stm32_F103C6_EXTI_driver.o
LOAD ./Src/Stm32_F103C6_Drivers/GPIO/Stm32_F103C6_gpio_driver.o
LOAD ./Src/Stm32_F103C6_Drivers/I2C/Stm32_F103C6_I2C_driver.o
LOAD ./Src/Stm32_F103C6_Drivers/RCC/Stm32_F103C6_RCC_driver.o
LOAD ./Src/Stm32_F103C6_Drivers/TIMER/Stm32_F103C6_TIMER_driver.o
LOAD ./Src/Stm32_F103C6_Drivers/USART/Stm32_F103C6_USART_driver.o
LOAD ./Src/main.o
LOAD ./Src/syscalls.o
LOAD ./Src/sysmem.o
LOAD ./Startup/startup_stm32f103c8tx.o
START GROUP
LOAD C:/ST/STM32CubeIDE_1.13.0/STM32CubeIDE/plugins/com.st.stm32cube.ide.mcu.externaltools.gnu-tools-for-stm32.12.3.rel1.win32_1.0.100.202403111256/tools/bin/../lib/gcc/arm-none-eabi/12.3.1/../../../../arm-none-eabi/lib/thumb/v7-m/nofp\libc_nano.a
LOAD C:/ST/STM32CubeIDE_1.13.0/STM32CubeIDE/plugins/com.st.stm32cube.ide.mcu.externaltools.gnu-tools-for-stm32.12.3.rel1.win32_1.0.100.202403111256/tools/bin/../lib/gcc/arm-none-eabi/12.3.1/../../../../arm-none-eabi/lib/thumb/v7-m/nofp\libm.a
END GROUP
START GROUP
LOAD C:/ST/STM32CubeIDE_1.13.0/STM32CubeIDE/plugins/com.st.stm32cube.ide.mcu.externaltools.gnu-tools-for-stm32.12.3.rel1.win32_1.0.100.202403111256/tools/bin/../lib/gcc/arm-none-eabi/12.3.1/thumb/v7-m/nofp\libgcc.a
LOAD C:/ST/STM32CubeIDE_1.13.0/STM32CubeIDE/plugins/com.st.stm32cube.ide.mcu.externaltools.gnu-tools-for-stm32.12.3.rel1.win32_1.0.100.202403111256/tools/bin/../lib/gcc/arm-none-eabi/12.3.1/../../../../arm-none-eabi/lib/thumb/v7-m/nofp\libc_nano.a
END GROUP
START GROUP
LOAD C:/ST/STM32CubeIDE_1.13.0/STM32CubeIDE/plugins/com.st.stm32cube.ide.mcu.externaltools.gnu-tools-for-stm32.12.3.rel1.win32_1.0.100.202403111256/tools/bin/../lib/gcc/arm-none-eabi/12.3.1/thumb/v7-m/nofp\libgcc.a
LOAD C:/ST/STM32CubeIDE_1.13.0/STM32CubeIDE/plugins/com.st.stm32cube.ide.mcu.externaltools.gnu-tools-for-stm32.12.3.rel1.win32_1.0.100.202403111256/tools/bin/../lib/gcc/arm-none-eabi/12.3.1/../../../../arm-none-eabi/lib/thumb/v7-m/nofp\libc_nano.a
LOAD C:/ST/STM32CubeIDE_1.13.0/STM32CubeIDE/plugins/com.st.stm32cube.ide.mcu.externaltools.gnu-tools-for-stm32.12.3.rel1.win32_1.0.100.202403111256/tools/bin/../lib/gcc/arm-none-eabi/12.3.1/../../../../arm-none-eabi/lib/thumb/v7-m/nofp\libnosys.a
END GROUP
START GROUP
LOAD C:/ST/STM32CubeIDE_1.13.0/STM32CubeIDE/plugins/com.st.stm32cube.ide.mcu.externaltools.gnu-tools-for-stm32.12.3.rel1.win32_1.0.100.202403111256/tools/bin/../lib/gcc/arm-none-eabi/12.3.1/thumb/v7-m/nofp\libgcc.a
LOAD C:/ST/STM32CubeIDE_1.13.0/STM32CubeIDE/plugins/com.st.stm32cube.ide.mcu.externaltools.gnu-tools-for-stm32.12.3.rel1.win32_1.0.100.202403111256/tools/bin/../lib/gcc/arm-none-eabi/12.3.1/../../../../arm-none-eabi/lib/thumb/v7-m/nofp\libc_nano.a
LOAD C:/ST/STM32CubeIDE_1.13.0/STM32CubeIDE/plugins/com.st.stm32cube.ide.mcu.externaltools.gnu-tools-for-stm32.12.3.rel1.win32_1.0.100.202403111256/tools/bin/../lib/gcc/arm-none-eabi/12.3.1/../../../../arm-none-eabi/lib/thumb/v7-m/nofp\libnosys.a
END GROUP
LOAD C:/ST/STM32CubeIDE_1.13.0/STM32CubeIDE/plugins/com.st.stm32cube.ide.mcu.externaltools.gnu-tools-for-stm32.12.3.rel1.win32_1.0.100.202403111256/tools/bin/../lib/gcc/arm-none-eabi/12.3.1/thumb/v7-m/nofp/crtend.o
LOAD C:/ST/STM32CubeIDE_1.13.0/STM32CubeIDE/plugins/com.st.stm32cube.ide.mcu.externaltools.gnu-tools-for-stm32.12.3.rel1.win32_1.0.100.202403111256/tools/bin/../lib/gcc/arm-none-eabi/12.3.1/thumb/v7-m/nofp/crtn.o
                0x20005000                        _estack = (ORIGIN (RAM) + LENGTH (RAM))
                0x00000200                        _Min_Heap_Size = 0x200
                0x00000400                        _Min_Stack_Size = 0x400

.isr_vector     0x08000000      0x130
                0x08000000                        . = ALIGN (0x4)
 *(.isr_vector)
 .isr_vector    0x08000000      0x130 ./Startup/startup_stm32f103c8tx.o
                0x08000000                g_pfnVectors
                0x08000130                        . = ALIGN (0x4)

.text           0x08000130     0x1d98
                0x08000130                        . = ALIGN (0x4)
 *(.text)
 .text          0x08000130       0x40 C:/ST/STM32CubeIDE_1.13.0/STM32CubeIDE/plugins/com.st.stm32cube.ide.mcu.externaltools.gnu-tools-for-stm32.12.3.rel1.win32_1.0.100.202403111256/tools/bin/../lib/gcc/arm-none-eabi/12.3.1/thumb/v7-m/nofp/crtbegin.o
 *(.text*)
 .text.Motor_intialize
                0x08000170       0x4c ./Src/HAL/DC_Motor/DC_Motor.o
                0x08000170                Motor_intialize
 .text.Motor_TurnOff
                0x080001bc       0x50 ./Src/HAL/DC_Motor/DC_Motor.o
                0x080001bc                Motor_TurnOff
 .text.Motor_Move_ForWard
                0x0800020c       0x4a ./Src/HAL/DC_Motor/DC_Motor.o
                0x0800020c                Motor_Move_ForWard
 .text.Motor_Move_BackWard
                0x08000256       0x4a ./Src/HAL/DC_Motor/DC_Motor.o
                0x08000256                Motor_Move_BackWard
 .text.Stepper_Init
                0x080002a0       0x48 ./Src/HAL/Stepper/Stepper.o
                0x080002a0                Stepper_Init
 .text.EXTI0_IRQHandler
                0x080002e8       0x24 ./Src/Stm32_F103C6_Drivers/EXTI/Stm32_F103C6_EXTI_driver.o
                0x080002e8                EXTI0_IRQHandler
 .text.EXTI1_IRQHandler
                0x0800030c       0x24 ./Src/Stm32_F103C6_Drivers/EXTI/Stm32_F103C6_EXTI_driver.o
                0x0800030c                EXTI1_IRQHandler
 .text.EXTI2_IRQHandler
                0x08000330       0x24 ./Src/Stm32_F103C6_Drivers/EXTI/Stm32_F103C6_EXTI_driver.o
                0x08000330                EXTI2_IRQHandler
 .text.EXTI3_IRQHandler
                0x08000354       0x24 ./Src/Stm32_F103C6_Drivers/EXTI/Stm32_F103C6_EXTI_driver.o
                0x08000354                EXTI3_IRQHandler
 .text.EXTI4_IRQHandler
                0x08000378       0x24 ./Src/Stm32_F103C6_Drivers/EXTI/Stm32_F103C6_EXTI_driver.o
                0x08000378                EXTI4_IRQHandler
 .text.EXTI9_5_IRQHandler
                0x0800039c       0xa8 ./Src/Stm32_F103C6_Drivers/EXTI/Stm32_F103C6_EXTI_driver.o
                0x0800039c                EXTI9_5_IRQHandler
 .text.EXTI15_10_IRQHandler
                0x08000444       0xc4 ./Src/Stm32_F103C6_Drivers/EXTI/Stm32_F103C6_EXTI_driver.o
                0x08000444                EXTI15_10_IRQHandler
 .text.Get_CRLH_Position
                0x08000508      0x170 ./Src/Stm32_F103C6_Drivers/GPIO/Stm32_F103C6_gpio_driver.o
                0x08000508                Get_CRLH_Position
 .text.MCAL_GPIO_Init
                0x08000678       0xfe ./Src/Stm32_F103C6_Drivers/GPIO/Stm32_F103C6_gpio_driver.o
                0x08000678                MCAL_GPIO_Init
 .text.MCAL_GPIO_ReadPin
                0x08000776       0x2e ./Src/Stm32_F103C6_Drivers/GPIO/Stm32_F103C6_gpio_driver.o
                0x08000776                MCAL_GPIO_ReadPin
 .text.MCAL_GPIO_WritePin
                0x080007a4       0x2e ./Src/Stm32_F103C6_Drivers/GPIO/Stm32_F103C6_gpio_driver.o
                0x080007a4                MCAL_GPIO_WritePin
 *fill*         0x080007d2        0x2 
 .text.I2C1_EV_IRQHandler
                0x080007d4       0xf0 ./Src/Stm32_F103C6_Drivers/I2C/Stm32_F103C6_I2C_driver.o
                0x080007d4                I2C1_EV_IRQHandler
 .text.I2C1_ER_IRQHandler
                0x080008c4        0xc ./Src/Stm32_F103C6_Drivers/I2C/Stm32_F103C6_I2C_driver.o
                0x080008c4                I2C1_ER_IRQHandler
 .text.I2C2_EV_IRQHandler
                0x080008d0        0xc ./Src/Stm32_F103C6_Drivers/I2C/Stm32_F103C6_I2C_driver.o
                0x080008d0                I2C2_EV_IRQHandler
 .text.I2C2_ER_IRQHandler
                0x080008dc        0xc ./Src/Stm32_F103C6_Drivers/I2C/Stm32_F103C6_I2C_driver.o
                0x080008dc                I2C2_ER_IRQHandler
 .text.Slave_States
                0x080008e8       0xe0 ./Src/Stm32_F103C6_Drivers/I2C/Stm32_F103C6_I2C_driver.o
                0x080008e8                Slave_States
 .text.MCAL_RCC_CLK_Init
                0x080009c8      0x1c8 ./Src/Stm32_F103C6_Drivers/RCC/Stm32_F103C6_RCC_driver.o
                0x080009c8                MCAL_RCC_CLK_Init
 .text.TIMER1_Init
                0x08000b90       0x54 ./Src/Stm32_F103C6_Drivers/TIMER/Stm32_F103C6_TIMER_driver.o
                0x08000b90                TIMER1_Init
 .text.Delay_Timer1_us
                0x08000be4       0x2c ./Src/Stm32_F103C6_Drivers/TIMER/Stm32_F103C6_TIMER_driver.o
                0x08000be4                Delay_Timer1_us
 .text.Delay_Timer1_ms
                0x08000c10       0x2e ./Src/Stm32_F103C6_Drivers/TIMER/Stm32_F103C6_TIMER_driver.o
                0x08000c10                Delay_Timer1_ms
 *fill*         0x08000c3e        0x2 
 .text.PWM      0x08000c40      0x768 ./Src/Stm32_F103C6_Drivers/TIMER/Stm32_F103C6_TIMER_driver.o
                0x08000c40                PWM
 .text.TIMER3_Stop
                0x080013a8       0x1c ./Src/Stm32_F103C6_Drivers/TIMER/Stm32_F103C6_TIMER_driver.o
                0x080013a8                TIMER3_Stop
 .text.TIM2_IRQHandler
                0x080013c4       0x74 ./Src/Stm32_F103C6_Drivers/TIMER/Stm32_F103C6_TIMER_driver.o
                0x080013c4                TIM2_IRQHandler
 .text.TIM3_IRQHandler
                0x08001438       0x6c ./Src/Stm32_F103C6_Drivers/TIMER/Stm32_F103C6_TIMER_driver.o
                0x08001438                TIM3_IRQHandler
 .text.TIM4_IRQHandler
                0x080014a4       0x6c ./Src/Stm32_F103C6_Drivers/TIMER/Stm32_F103C6_TIMER_driver.o
                0x080014a4                TIM4_IRQHandler
 .text.which_UART
                0x08001510       0x44 ./Src/Stm32_F103C6_Drivers/USART/Stm32_F103C6_USART_driver.o
 .text.USART_Disable_IRQ
                0x08001554       0x1c ./Src/Stm32_F103C6_Drivers/USART/Stm32_F103C6_USART_driver.o
                0x08001554                USART_Disable_IRQ
 .text.USART_Enable_IRQ
                0x08001570       0x1c ./Src/Stm32_F103C6_Drivers/USART/Stm32_F103C6_USART_driver.o
                0x08001570                USART_Enable_IRQ
 .text.MCAL_UART_Init
                0x0800158c      0x1a4 ./Src/Stm32_F103C6_Drivers/USART/Stm32_F103C6_USART_driver.o
                0x0800158c                MCAL_UART_Init
 .text.MCAL_UART_SendData
                0x08001730       0x3e ./Src/Stm32_F103C6_Drivers/USART/Stm32_F103C6_USART_driver.o
                0x08001730                MCAL_UART_SendData
 *fill*         0x0800176e        0x2 
 .text.MCAL_UART_ReceiveData
                0x08001770       0x70 ./Src/Stm32_F103C6_Drivers/USART/Stm32_F103C6_USART_driver.o
                0x08001770                MCAL_UART_ReceiveData
 .text.MCAL_UART_GPIO_SetPins
                0x080017e0       0xcc ./Src/Stm32_F103C6_Drivers/USART/Stm32_F103C6_USART_driver.o
                0x080017e0                MCAL_UART_GPIO_SetPins
 .text.USART1_IRQHandler
                0x080018ac       0x14 ./Src/Stm32_F103C6_Drivers/USART/Stm32_F103C6_USART_driver.o
                0x080018ac                USART1_IRQHandler
 .text.USART2_IRQHandler
                0x080018c0       0x14 ./Src/Stm32_F103C6_Drivers/USART/Stm32_F103C6_USART_driver.o
                0x080018c0                USART2_IRQHandler
 .text.USART3_IRQHandler
                0x080018d4       0x14 ./Src/Stm32_F103C6_Drivers/USART/Stm32_F103C6_USART_driver.o
                0x080018d4                USART3_IRQHandler
 .text.UART_Receiver_Callback
                0x080018e8       0x70 ./Src/main.o
                0x080018e8                UART_Receiver_Callback
 .text.main     0x08001958      0x458 ./Src/main.o
                0x08001958                main
 .text.Clock_Init
                0x08001db0       0x64 ./Src/main.o
                0x08001db0                Clock_Init
 .text.Reset_Handler
                0x08001e14       0x50 ./Startup/startup_stm32f103c8tx.o
                0x08001e14                Reset_Handler
 .text.Default_Handler
                0x08001e64        0x2 ./Startup/startup_stm32f103c8tx.o
                0x08001e64                TIM8_TRG_COM_IRQHandler
                0x08001e64                TIM8_CC_IRQHandler
                0x08001e64                DebugMon_Handler
                0x08001e64                TIM1_CC_IRQHandler
                0x08001e64                HardFault_Handler
                0x08001e64                TIM6_IRQHandler
                0x08001e64                SysTick_Handler
                0x08001e64                PVD_IRQHandler
                0x08001e64                SDIO_IRQHandler
                0x08001e64                PendSV_Handler
                0x08001e64                NMI_Handler
                0x08001e64                USB_HP_CAN_TX_IRQHandler
                0x08001e64                UsageFault_Handler
                0x08001e64                ADC1_2_IRQHandler
                0x08001e64                SPI1_IRQHandler
                0x08001e64                CAN_SCE_IRQHandler
                0x08001e64                TAMPER_IRQHandler
                0x08001e64                TIM8_UP_IRQHandler
                0x08001e64                DMA2_Channel2_IRQHandler
                0x08001e64                DMA1_Channel4_IRQHandler
                0x08001e64                RTC_IRQHandler
                0x08001e64                DMA1_Channel7_IRQHandler
                0x08001e64                UART5_IRQHandler
                0x08001e64                ADC3_IRQHandler
                0x08001e64                CAN_RX1_IRQHandler
                0x08001e64                DMA2_Channel1_IRQHandler
                0x08001e64                DMA1_Channel6_IRQHandler
                0x08001e64                UART4_IRQHandler
                0x08001e64                RCC_IRQHandler
                0x08001e64                TIM1_TRG_COM_IRQHandler
                0x08001e64                DMA1_Channel1_IRQHandler
                0x08001e64                Default_Handler
                0x08001e64                TIM7_IRQHandler
                0x08001e64                TIM5_IRQHandler
                0x08001e64                SPI2_IRQHandler
                0x08001e64                USB_LP_CAN_RX0_IRQHandler
                0x08001e64                MemManage_Handler
                0x08001e64                SVC_Handler
                0x08001e64                DMA1_Channel5_IRQHandler
                0x08001e64                DMA1_Channel3_IRQHandler
                0x08001e64                FSMC_IRQHandler
                0x08001e64                TIM1_UP_IRQHandler
                0x08001e64                WWDG_IRQHandler
                0x08001e64                TIM1_BRK_IRQHandler
                0x08001e64                RTCAlarm_IRQHandler
                0x08001e64                DMA2_Channel4_5_IRQHandler
                0x08001e64                DMA1_Channel2_IRQHandler
                0x08001e64                TIM8_BRK_IRQHandler
                0x08001e64                FLASH_IRQHandler
                0x08001e64                BusFault_Handler
                0x08001e64                SPI3_IRQHandler
                0x08001e64                DMA2_Channel3_IRQHandler
 *fill*         0x08001e66        0x2 
 .text.__libc_init_array
                0x08001e68       0x48 C:/ST/STM32CubeIDE_1.13.0/STM32CubeIDE/plugins/com.st.stm32cube.ide.mcu.externaltools.gnu-tools-for-stm32.12.3.rel1.win32_1.0.100.202403111256/tools/bin/../lib/gcc/arm-none-eabi/12.3.1/../../../../arm-none-eabi/lib/thumb/v7-m/nofp\libc_nano.a(libc_a-init.o)
                0x08001e68                __libc_init_array
 *(.glue_7)
 .glue_7        0x08001eb0        0x0 linker stubs
 *(.glue_7t)
 .glue_7t       0x08001eb0        0x0 linker stubs
 *(.eh_frame)
 .eh_frame      0x08001eb0        0x0 C:/ST/STM32CubeIDE_1.13.0/STM32CubeIDE/plugins/com.st.stm32cube.ide.mcu.externaltools.gnu-tools-for-stm32.12.3.rel1.win32_1.0.100.202403111256/tools/bin/../lib/gcc/arm-none-eabi/12.3.1/thumb/v7-m/nofp/crtbegin.o
 *(.init)
 .init          0x08001eb0        0x4 C:/ST/STM32CubeIDE_1.13.0/STM32CubeIDE/plugins/com.st.stm32cube.ide.mcu.externaltools.gnu-tools-for-stm32.12.3.rel1.win32_1.0.100.202403111256/tools/bin/../lib/gcc/arm-none-eabi/12.3.1/thumb/v7-m/nofp/crti.o
                0x08001eb0                _init
 .init          0x08001eb4        0x8 C:/ST/STM32CubeIDE_1.13.0/STM32CubeIDE/plugins/com.st.stm32cube.ide.mcu.externaltools.gnu-tools-for-stm32.12.3.rel1.win32_1.0.100.202403111256/tools/bin/../lib/gcc/arm-none-eabi/12.3.1/thumb/v7-m/nofp/crtn.o
 *(.fini)
 .fini          0x08001ebc        0x4 C:/ST/STM32CubeIDE_1.13.0/STM32CubeIDE/plugins/com.st.stm32cube.ide.mcu.externaltools.gnu-tools-for-stm32.12.3.rel1.win32_1.0.100.202403111256/tools/bin/../lib/gcc/arm-none-eabi/12.3.1/thumb/v7-m/nofp/crti.o
                0x08001ebc                _fini
 .fini          0x08001ec0        0x8 C:/ST/STM32CubeIDE_1.13.0/STM32CubeIDE/plugins/com.st.stm32cube.ide.mcu.externaltools.gnu-tools-for-stm32.12.3.rel1.win32_1.0.100.202403111256/tools/bin/../lib/gcc/arm-none-eabi/12.3.1/thumb/v7-m/nofp/crtn.o
                0x08001ec8                        . = ALIGN (0x4)
                0x08001ec8                        _etext = .

.vfp11_veneer   0x08001ec8        0x0
 .vfp11_veneer  0x08001ec8        0x0 linker stubs

.v4_bx          0x08001ec8        0x0
 .v4_bx         0x08001ec8        0x0 linker stubs

.iplt           0x08001ec8        0x0
 .iplt          0x08001ec8        0x0 C:/ST/STM32CubeIDE_1.13.0/STM32CubeIDE/plugins/com.st.stm32cube.ide.mcu.externaltools.gnu-tools-for-stm32.12.3.rel1.win32_1.0.100.202403111256/tools/bin/../lib/gcc/arm-none-eabi/12.3.1/thumb/v7-m/nofp/crtbegin.o

.rodata         0x08001ec8       0x64
                0x08001ec8                        . = ALIGN (0x4)
 *(.rodata)
 .rodata        0x08001ec8       0x28 ./Src/Stm32_F103C6_Drivers/TIMER/Stm32_F103C6_TIMER_driver.o
 .rodata        0x08001ef0       0x3c ./Src/main.o
 *(.rodata*)
                0x08001f2c                        . = ALIGN (0x4)

.rel.dyn        0x08001f2c        0x0
 .rel.iplt      0x08001f2c        0x0 C:/ST/STM32CubeIDE_1.13.0/STM32CubeIDE/plugins/com.st.stm32cube.ide.mcu.externaltools.gnu-tools-for-stm32.12.3.rel1.win32_1.0.100.202403111256/tools/bin/../lib/gcc/arm-none-eabi/12.3.1/thumb/v7-m/nofp/crtbegin.o

.ARM.extab      0x08001f2c        0x0
                0x08001f2c                        . = ALIGN (0x4)
 *(.ARM.extab* .gnu.linkonce.armextab.*)
                0x08001f2c                        . = ALIGN (0x4)

.ARM            0x08001f2c        0x0
                0x08001f2c                        . = ALIGN (0x4)
                0x08001f2c                        __exidx_start = .
 *(.ARM.exidx*)
                0x08001f2c                        __exidx_end = .
                0x08001f2c                        . = ALIGN (0x4)

.preinit_array  0x08001f2c        0x0
                0x08001f2c                        . = ALIGN (0x4)
                0x08001f2c                        PROVIDE (__preinit_array_start = .)
 *(.preinit_array*)
                0x08001f2c                        PROVIDE (__preinit_array_end = .)
                0x08001f2c                        . = ALIGN (0x4)

.init_array     0x08001f2c        0x4
                0x08001f2c                        . = ALIGN (0x4)
                0x08001f2c                        PROVIDE (__init_array_start = .)
 *(SORT_BY_NAME(.init_array.*))
 *(.init_array*)
 .init_array    0x08001f2c        0x4 C:/ST/STM32CubeIDE_1.13.0/STM32CubeIDE/plugins/com.st.stm32cube.ide.mcu.externaltools.gnu-tools-for-stm32.12.3.rel1.win32_1.0.100.202403111256/tools/bin/../lib/gcc/arm-none-eabi/12.3.1/thumb/v7-m/nofp/crtbegin.o
                0x08001f30                        PROVIDE (__init_array_end = .)
                0x08001f30                        . = ALIGN (0x4)

.fini_array     0x08001f30        0x4
                0x08001f30                        . = ALIGN (0x4)
                [!provide]                        PROVIDE (__fini_array_start = .)
 *(SORT_BY_NAME(.fini_array.*))
 *(.fini_array*)
 .fini_array    0x08001f30        0x4 C:/ST/STM32CubeIDE_1.13.0/STM32CubeIDE/plugins/com.st.stm32cube.ide.mcu.externaltools.gnu-tools-for-stm32.12.3.rel1.win32_1.0.100.202403111256/tools/bin/../lib/gcc/arm-none-eabi/12.3.1/thumb/v7-m/nofp/crtbegin.o
                [!provide]                        PROVIDE (__fini_array_end = .)
                0x08001f34                        . = ALIGN (0x4)
                0x08001f34                        _sidata = LOADADDR (.data)

.data           0x20000000        0x4 load address 0x08001f34
                0x20000000                        . = ALIGN (0x4)
                0x20000000                        _sdata = .
 *(.data)
 *(.data*)
 .data.Buffer   0x20000000        0x2 ./Src/main.o
                0x20000000                Buffer
 .data.MyCurrentState
                0x20000002        0x1 ./Src/main.o
                0x20000002                MyCurrentState
 *(.RamFunc)
 *(.RamFunc*)
                0x20000004                        . = ALIGN (0x4)
 *fill*         0x20000003        0x1 
                0x20000004                        _edata = .

.igot.plt       0x20000004        0x0 load address 0x08001f38
 .igot.plt      0x20000004        0x0 C:/ST/STM32CubeIDE_1.13.0/STM32CubeIDE/plugins/com.st.stm32cube.ide.mcu.externaltools.gnu-tools-for-stm32.12.3.rel1.win32_1.0.100.202403111256/tools/bin/../lib/gcc/arm-none-eabi/12.3.1/thumb/v7-m/nofp/crtbegin.o
                0x20000004                        . = ALIGN (0x4)

.bss            0x20000004       0xf8 load address 0x08001f38
                0x20000004                        _sbss = .
                0x20000004                        __bss_start__ = _sbss
 *(.bss)
 .bss           0x20000004       0x1c C:/ST/STM32CubeIDE_1.13.0/STM32CubeIDE/plugins/com.st.stm32cube.ide.mcu.externaltools.gnu-tools-for-stm32.12.3.rel1.win32_1.0.100.202403111256/tools/bin/../lib/gcc/arm-none-eabi/12.3.1/thumb/v7-m/nofp/crtbegin.o
 *(.bss*)
 .bss.Global_Stepper_Pin
                0x20000020        0x2 ./Src/HAL/Stepper/Stepper.o
 *fill*         0x20000022        0x2 
 .bss.GP_IRQ_CallBack
                0x20000024       0x3c ./Src/Stm32_F103C6_Drivers/EXTI/Stm32_F103C6_EXTI_driver.o
                0x20000024                GP_IRQ_CallBack
 .bss.Global_I2C_Config
                0x20000060       0x48 ./Src/Stm32_F103C6_Drivers/I2C/Stm32_F103C6_I2C_driver.o
                0x20000060                Global_I2C_Config
 .bss.PinStepper_flag
                0x200000a8        0x1 ./Src/Stm32_F103C6_Drivers/TIMER/Stm32_F103C6_TIMER_driver.o
                0x200000a8                PinStepper_flag
 .bss.stepper_Flag
                0x200000a9        0x1 ./Src/Stm32_F103C6_Drivers/TIMER/Stm32_F103C6_TIMER_driver.o
                0x200000a9                stepper_Flag
 .bss.stepper_Steps
                0x200000aa        0x2 ./Src/Stm32_F103C6_Drivers/TIMER/Stm32_F103C6_TIMER_driver.o
                0x200000aa                stepper_Steps
 .bss.Global_UART_Config
                0x200000ac       0x3c ./Src/Stm32_F103C6_Drivers/USART/Stm32_F103C6_USART_driver.o
                0x200000ac                Global_UART_Config
 .bss.RecievedFromServer
                0x200000e8        0x1 ./Src/main.o
                0x200000e8                RecievedFromServer
 *fill*         0x200000e9        0x3 
 .bss.SlotNumber
                0x200000ec        0x4 ./Src/main.o
                0x200000ec                SlotNumber
 .bss.PreviousReceived
                0x200000f0        0x1 ./Src/main.o
                0x200000f0                PreviousReceived
 .bss.isRetrieving
                0x200000f1        0x1 ./Src/main.o
                0x200000f1                isRetrieving
 .bss.isAParking
                0x200000f2        0x1 ./Src/main.o
                0x200000f2                isAParking
 *fill*         0x200000f3        0x1 
 .bss.mySendChar
                0x200000f4        0x2 ./Src/main.o
                0x200000f4                mySendChar
 .bss.newMessageArrived
                0x200000f6        0x1 ./Src/main.o
                0x200000f6                newMessageArrived
 .bss.initialSeverResponse
                0x200000f7        0x1 ./Src/main.o
                0x200000f7                initialSeverResponse
 .bss.Done_Arriving_At_Slot_Forward
                0x200000f8        0x1 ./Src/main.o
                0x200000f8                Done_Arriving_At_Slot_Forward
 .bss.Done_Arriving_At_Slot_Backward
                0x200000f9        0x1 ./Src/main.o
                0x200000f9                Done_Arriving_At_Slot_Backward
 *(COMMON)
                0x200000fc                        . = ALIGN (0x4)
 *fill*         0x200000fa        0x2 
                0x200000fc                        _ebss = .
                0x200000fc                        __bss_end__ = _ebss

._user_heap_stack
                0x200000fc      0x604 load address 0x08001f38
                0x20000100                        . = ALIGN (0x8)
 *fill*         0x200000fc        0x4 
                [!provide]                        PROVIDE (end = .)
                0x20000100                        PROVIDE (_end = .)
                0x20000300                        . = (. + _Min_Heap_Size)
 *fill*         0x20000100      0x200 
                0x20000700                        . = (. + _Min_Stack_Size)
 *fill*         0x20000300      0x400 
                0x20000700                        . = ALIGN (0x8)

/DISCARD/
 libc.a(*)
 libm.a(*)
 libgcc.a(*)

.ARM.attributes
                0x00000000       0x29
 *(.ARM.attributes)
 .ARM.attributes
                0x00000000       0x1d C:/ST/STM32CubeIDE_1.13.0/STM32CubeIDE/plugins/com.st.stm32cube.ide.mcu.externaltools.gnu-tools-for-stm32.12.3.rel1.win32_1.0.100.202403111256/tools/bin/../lib/gcc/arm-none-eabi/12.3.1/thumb/v7-m/nofp/crti.o
 .ARM.attributes
                0x0000001d       0x2d C:/ST/STM32CubeIDE_1.13.0/STM32CubeIDE/plugins/com.st.stm32cube.ide.mcu.externaltools.gnu-tools-for-stm32.12.3.rel1.win32_1.0.100.202403111256/tools/bin/../lib/gcc/arm-none-eabi/12.3.1/thumb/v7-m/nofp/crtbegin.o
 .ARM.attributes
                0x0000004a       0x2d ./Src/HAL/DC_Motor/DC_Motor.o
 .ARM.attributes
                0x00000077       0x2d ./Src/HAL/Stepper/Stepper.o
 .ARM.attributes
                0x000000a4       0x2d ./Src/Stm32_F103C6_Drivers/EXTI/Stm32_F103C6_EXTI_driver.o
 .ARM.attributes
                0x000000d1       0x2d ./Src/Stm32_F103C6_Drivers/GPIO/Stm32_F103C6_gpio_driver.o
 .ARM.attributes
                0x000000fe       0x2d ./Src/Stm32_F103C6_Drivers/I2C/Stm32_F103C6_I2C_driver.o
 .ARM.attributes
                0x0000012b       0x2d ./Src/Stm32_F103C6_Drivers/RCC/Stm32_F103C6_RCC_driver.o
 .ARM.attributes
                0x00000158       0x2d ./Src/Stm32_F103C6_Drivers/TIMER/Stm32_F103C6_TIMER_driver.o
 .ARM.attributes
                0x00000185       0x2d ./Src/Stm32_F103C6_Drivers/USART/Stm32_F103C6_USART_driver.o
 .ARM.attributes
                0x000001b2       0x2d ./Src/main.o
 .ARM.attributes
                0x000001df       0x21 ./Startup/startup_stm32f103c8tx.o
 .ARM.attributes
                0x00000200       0x2d C:/ST/STM32CubeIDE_1.13.0/STM32CubeIDE/plugins/com.st.stm32cube.ide.mcu.externaltools.gnu-tools-for-stm32.12.3.rel1.win32_1.0.100.202403111256/tools/bin/../lib/gcc/arm-none-eabi/12.3.1/../../../../arm-none-eabi/lib/thumb/v7-m/nofp\libc_nano.a(libc_a-init.o)
 .ARM.attributes
                0x0000022d       0x1d C:/ST/STM32CubeIDE_1.13.0/STM32CubeIDE/plugins/com.st.stm32cube.ide.mcu.externaltools.gnu-tools-for-stm32.12.3.rel1.win32_1.0.100.202403111256/tools/bin/../lib/gcc/arm-none-eabi/12.3.1/thumb/v7-m/nofp/crtn.o
OUTPUT(Elev_Robot.elf elf32-littlearm)
LOAD linker stubs
LOAD C:/ST/STM32CubeIDE_1.13.0/STM32CubeIDE/plugins/com.st.stm32cube.ide.mcu.externaltools.gnu-tools-for-stm32.12.3.rel1.win32_1.0.100.202403111256/tools/bin/../lib/gcc/arm-none-eabi/12.3.1/../../../../arm-none-eabi/lib/thumb/v7-m/nofp\libc.a
LOAD C:/ST/STM32CubeIDE_1.13.0/STM32CubeIDE/plugins/com.st.stm32cube.ide.mcu.externaltools.gnu-tools-for-stm32.12.3.rel1.win32_1.0.100.202403111256/tools/bin/../lib/gcc/arm-none-eabi/12.3.1/../../../../arm-none-eabi/lib/thumb/v7-m/nofp\libm.a
LOAD C:/ST/STM32CubeIDE_1.13.0/STM32CubeIDE/plugins/com.st.stm32cube.ide.mcu.externaltools.gnu-tools-for-stm32.12.3.rel1.win32_1.0.100.202403111256/tools/bin/../lib/gcc/arm-none-eabi/12.3.1/thumb/v7-m/nofp\libgcc.a

.debug_info     0x00000000     0x370f
 .debug_info    0x00000000      0x4f5 ./Src/HAL/DC_Motor/DC_Motor.o
 .debug_info    0x000004f5      0x43b ./Src/HAL/Stepper/Stepper.o
 .debug_info    0x00000930      0x477 ./Src/Stm32_F103C6_Drivers/EXTI/Stm32_F103C6_EXTI_driver.o
 .debug_info    0x00000da7      0x40f ./Src/Stm32_F103C6_Drivers/GPIO/Stm32_F103C6_gpio_driver.o
 .debug_info    0x000011b6      0x947 ./Src/Stm32_F103C6_Drivers/I2C/Stm32_F103C6_I2C_driver.o
 .debug_info    0x00001afd      0x2ec ./Src/Stm32_F103C6_Drivers/RCC/Stm32_F103C6_RCC_driver.o
 .debug_info    0x00001de9      0xac0 ./Src/Stm32_F103C6_Drivers/TIMER/Stm32_F103C6_TIMER_driver.o
 .debug_info    0x000028a9      0x590 ./Src/Stm32_F103C6_Drivers/USART/Stm32_F103C6_USART_driver.o
 .debug_info    0x00002e39      0x8a6 ./Src/main.o
 .debug_info    0x000036df       0x30 ./Startup/startup_stm32f103c8tx.o

.debug_abbrev   0x00000000      0xfcd
 .debug_abbrev  0x00000000      0x183 ./Src/HAL/DC_Motor/DC_Motor.o
 .debug_abbrev  0x00000183      0x156 ./Src/HAL/Stepper/Stepper.o
 .debug_abbrev  0x000002d9      0x183 ./Src/Stm32_F103C6_Drivers/EXTI/Stm32_F103C6_EXTI_driver.o
 .debug_abbrev  0x0000045c      0x172 ./Src/Stm32_F103C6_Drivers/GPIO/Stm32_F103C6_gpio_driver.o
 .debug_abbrev  0x000005ce      0x23a ./Src/Stm32_F103C6_Drivers/I2C/Stm32_F103C6_I2C_driver.o
 .debug_abbrev  0x00000808      0x13d ./Src/Stm32_F103C6_Drivers/RCC/Stm32_F103C6_RCC_driver.o
 .debug_abbrev  0x00000945      0x2a8 ./Src/Stm32_F103C6_Drivers/TIMER/Stm32_F103C6_TIMER_driver.o
 .debug_abbrev  0x00000bed      0x1e4 ./Src/Stm32_F103C6_Drivers/USART/Stm32_F103C6_USART_driver.o
 .debug_abbrev  0x00000dd1      0x1d8 ./Src/main.o
 .debug_abbrev  0x00000fa9       0x24 ./Startup/startup_stm32f103c8tx.o

.debug_aranges  0x00000000      0x3d0
 .debug_aranges
                0x00000000       0x48 ./Src/HAL/DC_Motor/DC_Motor.o
 .debug_aranges
                0x00000048       0x28 ./Src/HAL/Stepper/Stepper.o
 .debug_aranges
                0x00000070       0x80 ./Src/Stm32_F103C6_Drivers/EXTI/Stm32_F103C6_EXTI_driver.o
 .debug_aranges
                0x000000f0       0x60 ./Src/Stm32_F103C6_Drivers/GPIO/Stm32_F103C6_gpio_driver.o
 .debug_aranges
                0x00000150       0xa0 ./Src/Stm32_F103C6_Drivers/I2C/Stm32_F103C6_I2C_driver.o
 .debug_aranges
                0x000001f0       0x40 ./Src/Stm32_F103C6_Drivers/RCC/Stm32_F103C6_RCC_driver.o
 .debug_aranges
                0x00000230       0xc0 ./Src/Stm32_F103C6_Drivers/TIMER/Stm32_F103C6_TIMER_driver.o
 .debug_aranges
                0x000002f0       0x80 ./Src/Stm32_F103C6_Drivers/USART/Stm32_F103C6_USART_driver.o
 .debug_aranges
                0x00000370       0x38 ./Src/main.o
 .debug_aranges
                0x000003a8       0x28 ./Startup/startup_stm32f103c8tx.o

.debug_rnglists
                0x00000000      0x2c2
 .debug_rnglists
                0x00000000       0x31 ./Src/HAL/DC_Motor/DC_Motor.o
 .debug_rnglists
                0x00000031       0x19 ./Src/HAL/Stepper/Stepper.o
 .debug_rnglists
                0x0000004a       0x61 ./Src/Stm32_F103C6_Drivers/EXTI/Stm32_F103C6_EXTI_driver.o
 .debug_rnglists
                0x000000ab       0x46 ./Src/Stm32_F103C6_Drivers/GPIO/Stm32_F103C6_gpio_driver.o
 .debug_rnglists
                0x000000f1       0x7b ./Src/Stm32_F103C6_Drivers/I2C/Stm32_F103C6_I2C_driver.o
 .debug_rnglists
                0x0000016c       0x2c ./Src/Stm32_F103C6_Drivers/RCC/Stm32_F103C6_RCC_driver.o
 .debug_rnglists
                0x00000198       0x8d ./Src/Stm32_F103C6_Drivers/TIMER/Stm32_F103C6_TIMER_driver.o
 .debug_rnglists
                0x00000225       0x5e ./Src/Stm32_F103C6_Drivers/USART/Stm32_F103C6_USART_driver.o
 .debug_rnglists
                0x00000283       0x26 ./Src/main.o
 .debug_rnglists
                0x000002a9       0x19 ./Startup/startup_stm32f103c8tx.o

.debug_macro    0x00000000     0x347e
 .debug_macro   0x00000000      0x16d ./Src/HAL/DC_Motor/DC_Motor.o
 .debug_macro   0x0000016d      0xaae ./Src/HAL/DC_Motor/DC_Motor.o
 .debug_macro   0x00000c1b       0x24 ./Src/HAL/DC_Motor/DC_Motor.o
 .debug_macro   0x00000c3f       0x22 ./Src/HAL/DC_Motor/DC_Motor.o
 .debug_macro   0x00000c61       0x5b ./Src/HAL/DC_Motor/DC_Motor.o
 .debug_macro   0x00000cbc       0x94 ./Src/HAL/DC_Motor/DC_Motor.o
 .debug_macro   0x00000d50       0x43 ./Src/HAL/DC_Motor/DC_Motor.o
 .debug_macro   0x00000d93       0x34 ./Src/HAL/DC_Motor/DC_Motor.o
 .debug_macro   0x00000dc7       0x16 ./Src/HAL/DC_Motor/DC_Motor.o
 .debug_macro   0x00000ddd      0x11c ./Src/HAL/DC_Motor/DC_Motor.o
 .debug_macro   0x00000ef9       0x94 ./Src/HAL/DC_Motor/DC_Motor.o
 .debug_macro   0x00000f8d       0x16 ./Src/HAL/DC_Motor/DC_Motor.o
 .debug_macro   0x00000fa3       0x43 ./Src/HAL/DC_Motor/DC_Motor.o
 .debug_macro   0x00000fe6       0x57 ./Src/HAL/DC_Motor/DC_Motor.o
 .debug_macro   0x0000103d       0x34 ./Src/HAL/DC_Motor/DC_Motor.o
 .debug_macro   0x00001071       0x10 ./Src/HAL/DC_Motor/DC_Motor.o
 .debug_macro   0x00001081       0x58 ./Src/HAL/DC_Motor/DC_Motor.o
 .debug_macro   0x000010d9       0x8e ./Src/HAL/DC_Motor/DC_Motor.o
 .debug_macro   0x00001167       0x1c ./Src/HAL/DC_Motor/DC_Motor.o
 .debug_macro   0x00001183      0x177 ./Src/HAL/DC_Motor/DC_Motor.o
 .debug_macro   0x000012fa      0x369 ./Src/HAL/DC_Motor/DC_Motor.o
 .debug_macro   0x00001663       0x16 ./Src/HAL/DC_Motor/DC_Motor.o
 .debug_macro   0x00001679       0x29 ./Src/HAL/DC_Motor/DC_Motor.o
 .debug_macro   0x000016a2      0x103 ./Src/HAL/DC_Motor/DC_Motor.o
 .debug_macro   0x000017a5       0x6a ./Src/HAL/DC_Motor/DC_Motor.o
 .debug_macro   0x0000180f      0x1df ./Src/HAL/DC_Motor/DC_Motor.o
 .debug_macro   0x000019ee      0x786 ./Src/HAL/DC_Motor/DC_Motor.o
 .debug_macro   0x00002174       0xd0 ./Src/HAL/DC_Motor/DC_Motor.o
 .debug_macro   0x00002244       0x16 ./Src/HAL/DC_Motor/DC_Motor.o
 .debug_macro   0x0000225a      0x16d ./Src/HAL/Stepper/Stepper.o
 .debug_macro   0x000023c7      0x15f ./Src/Stm32_F103C6_Drivers/EXTI/Stm32_F103C6_EXTI_driver.o
 .debug_macro   0x00002526      0x229 ./Src/Stm32_F103C6_Drivers/EXTI/Stm32_F103C6_EXTI_driver.o
 .debug_macro   0x0000274f      0x14c ./Src/Stm32_F103C6_Drivers/GPIO/Stm32_F103C6_gpio_driver.o
 .debug_macro   0x0000289b      0x16a ./Src/Stm32_F103C6_Drivers/I2C/Stm32_F103C6_I2C_driver.o
 .debug_macro   0x00002a05      0x14c ./Src/Stm32_F103C6_Drivers/RCC/Stm32_F103C6_RCC_driver.o
 .debug_macro   0x00002b51       0x10 ./Src/Stm32_F103C6_Drivers/RCC/Stm32_F103C6_RCC_driver.o
 .debug_macro   0x00002b61      0x159 ./Src/Stm32_F103C6_Drivers/TIMER/Stm32_F103C6_TIMER_driver.o
 .debug_macro   0x00002cba      0x15e ./Src/Stm32_F103C6_Drivers/USART/Stm32_F103C6_USART_driver.o
 .debug_macro   0x00002e18       0xe2 ./Src/Stm32_F103C6_Drivers/USART/Stm32_F103C6_USART_driver.o
 .debug_macro   0x00002efa      0x26d ./Src/main.o
 .debug_macro   0x00003167       0xe8 ./Src/main.o
 .debug_macro   0x0000324f      0x22f ./Src/main.o

.debug_line     0x00000000     0x57c0
 .debug_line    0x00000000      0x6e5 ./Src/HAL/DC_Motor/DC_Motor.o
 .debug_line    0x000006e5      0x65f ./Src/HAL/Stepper/Stepper.o
 .debug_line    0x00000d44      0xac0 ./Src/Stm32_F103C6_Drivers/EXTI/Stm32_F103C6_EXTI_driver.o
 .debug_line    0x00001804      0x856 ./Src/Stm32_F103C6_Drivers/GPIO/Stm32_F103C6_gpio_driver.o
 .debug_line    0x0000205a      0xaf9 ./Src/Stm32_F103C6_Drivers/I2C/Stm32_F103C6_I2C_driver.o
 .debug_line    0x00002b53      0x768 ./Src/Stm32_F103C6_Drivers/RCC/Stm32_F103C6_RCC_driver.o
 .debug_line    0x000032bb      0xfe9 ./Src/Stm32_F103C6_Drivers/TIMER/Stm32_F103C6_TIMER_driver.o
 .debug_line    0x000042a4      0x8fc ./Src/Stm32_F103C6_Drivers/USART/Stm32_F103C6_USART_driver.o
 .debug_line    0x00004ba0      0xba5 ./Src/main.o
 .debug_line    0x00005745       0x7b ./Startup/startup_stm32f103c8tx.o

.debug_str      0x00000000     0xca45
 .debug_str     0x00000000     0x9ddc ./Src/HAL/DC_Motor/DC_Motor.o
                               0x9ff7 (size before relaxing)
 .debug_str     0x00009ddc       0xec ./Src/HAL/Stepper/Stepper.o
                               0x9fbc (size before relaxing)
 .debug_str     0x00009ec8     0x140b ./Src/Stm32_F103C6_Drivers/EXTI/Stm32_F103C6_EXTI_driver.o
                               0xb147 (size before relaxing)
 .debug_str     0x0000b2d3      0x140 ./Src/Stm32_F103C6_Drivers/GPIO/Stm32_F103C6_gpio_driver.o
                               0x9e7f (size before relaxing)
 .debug_str     0x0000b413      0x6ae ./Src/Stm32_F103C6_Drivers/I2C/Stm32_F103C6_I2C_driver.o
                               0xa490 (size before relaxing)
 .debug_str     0x0000bac1      0x169 ./Src/Stm32_F103C6_Drivers/RCC/Stm32_F103C6_RCC_driver.o
                               0x9b00 (size before relaxing)
 .debug_str     0x0000bc2a      0x1a9 ./Src/Stm32_F103C6_Drivers/TIMER/Stm32_F103C6_TIMER_driver.o
                               0xa0d9 (size before relaxing)
 .debug_str     0x0000bdd3      0x7f8 ./Src/Stm32_F103C6_Drivers/USART/Stm32_F103C6_USART_driver.o
                               0xa5e8 (size before relaxing)
 .debug_str     0x0000c5cb      0x43b ./Src/main.o
                               0xbd61 (size before relaxing)
 .debug_str     0x0000ca06       0x3f ./Startup/startup_stm32f103c8tx.o
                                 0x80 (size before relaxing)

.comment        0x00000000       0x43
 .comment       0x00000000       0x43 ./Src/HAL/DC_Motor/DC_Motor.o
                                 0x44 (size before relaxing)
 .comment       0x00000043       0x44 ./Src/HAL/Stepper/Stepper.o
 .comment       0x00000043       0x44 ./Src/Stm32_F103C6_Drivers/EXTI/Stm32_F103C6_EXTI_driver.o
 .comment       0x00000043       0x44 ./Src/Stm32_F103C6_Drivers/GPIO/Stm32_F103C6_gpio_driver.o
 .comment       0x00000043       0x44 ./Src/Stm32_F103C6_Drivers/I2C/Stm32_F103C6_I2C_driver.o
 .comment       0x00000043       0x44 ./Src/Stm32_F103C6_Drivers/RCC/Stm32_F103C6_RCC_driver.o
 .comment       0x00000043       0x44 ./Src/Stm32_F103C6_Drivers/TIMER/Stm32_F103C6_TIMER_driver.o
 .comment       0x00000043       0x44 ./Src/Stm32_F103C6_Drivers/USART/Stm32_F103C6_USART_driver.o
 .comment       0x00000043       0x44 ./Src/main.o

.debug_frame    0x00000000      0xd28
 .debug_frame   0x00000000       0xe8 ./Src/HAL/DC_Motor/DC_Motor.o
 .debug_frame   0x000000e8       0x58 ./Src/HAL/Stepper/Stepper.o
 .debug_frame   0x00000140      0x1b0 ./Src/Stm32_F103C6_Drivers/EXTI/Stm32_F103C6_EXTI_driver.o
 .debug_frame   0x000002f0      0x178 ./Src/Stm32_F103C6_Drivers/GPIO/Stm32_F103C6_gpio_driver.o
 .debug_frame   0x00000468      0x288 ./Src/Stm32_F103C6_Drivers/I2C/Stm32_F103C6_I2C_driver.o
 .debug_frame   0x000006f0       0xac ./Src/Stm32_F103C6_Drivers/RCC/Stm32_F103C6_RCC_driver.o
 .debug_frame   0x0000079c      0x2fc ./Src/Stm32_F103C6_Drivers/TIMER/Stm32_F103C6_TIMER_driver.o
 .debug_frame   0x00000a98      0x1d8 ./Src/Stm32_F103C6_Drivers/USART/Stm32_F103C6_USART_driver.o
 .debug_frame   0x00000c70       0x8c ./Src/main.o
 .debug_frame   0x00000cfc       0x2c C:/ST/STM32CubeIDE_1.13.0/STM32CubeIDE/plugins/com.st.stm32cube.ide.mcu.externaltools.gnu-tools-for-stm32.12.3.rel1.win32_1.0.100.202403111256/tools/bin/../lib/gcc/arm-none-eabi/12.3.1/../../../../arm-none-eabi/lib/thumb/v7-m/nofp\libc_nano.a(libc_a-init.o)

.debug_line_str
                0x00000000       0x64
 .debug_line_str
                0x00000000       0x64 ./Startup/startup_stm32f103c8tx.o
