../Src/Stm32_F103C6_Drivers/EXTI/Stm32_F103C6_EXTI_driver.c:41:6:Enable_NVIC	16	static
../Src/Stm32_F103C6_Drivers/EXTI/Stm32_F103C6_EXTI_driver.c:79:6:Disable_NVIC	16	static
../Src/Stm32_F103C6_Drivers/EXTI/Stm32_F103C6_EXTI_driver.c:118:6:Update_EXTI	24	static
../Src/Stm32_F103C6_Drivers/EXTI/Stm32_F103C6_EXTI_driver.c:202:6:MCAL_EXTI_GPIO_DeInit	4	static
../Src/Stm32_F103C6_Drivers/EXTI/Stm32_F103C6_EXTI_driver.c:236:6:MCAL_EXTI_GPIO_Init	16	static
../Src/Stm32_F103C6_Drivers/EXTI/Stm32_F103C6_EXTI_driver.c:252:6:MCAL_EXTI_GPIO_Update	16	static
../Src/Stm32_F103C6_Drivers/EXTI/Stm32_F103C6_EXTI_driver.c:266:6:EXTI0_IRQHandler	8	static
../Src/Stm32_F103C6_Drivers/EXTI/Stm32_F103C6_EXTI_driver.c:278:6:EXTI1_IRQHandler	8	static
../Src/Stm32_F103C6_Drivers/EXTI/Stm32_F103C6_EXTI_driver.c:288:6:EXTI2_IRQHandler	8	static
../Src/Stm32_F103C6_Drivers/EXTI/Stm32_F103C6_EXTI_driver.c:299:6:EXTI3_IRQHandler	8	static
../Src/Stm32_F103C6_Drivers/EXTI/Stm32_F103C6_EXTI_driver.c:310:6:EXTI4_IRQHandler	8	static
../Src/Stm32_F103C6_Drivers/EXTI/Stm32_F103C6_EXTI_driver.c:321:6:EXTI9_5_IRQHandler	8	static
../Src/Stm32_F103C6_Drivers/EXTI/Stm32_F103C6_EXTI_driver.c:333:6:EXTI15_10_IRQHandler	8	static
